Archive member included to satisfy reference by file (symbol)

c:/st/stm32cubeide/stm32cubeide/plugins/com.st.stm32cube.ide.mcu.externaltools.gnu-tools-for-stm32.10.3-2021.10.win32_1.0.0.202111181127/tools/bin/../lib/gcc/arm-none-eabi/10.3.1/../../../../arm-none-eabi/lib/thumb/v7e-m+fp/hard\libc_nano.a(lib_a-assert.o)
                              ./Core/Src/UARTCommunication.o (__assert_func)
c:/st/stm32cubeide/stm32cubeide/plugins/com.st.stm32cube.ide.mcu.externaltools.gnu-tools-for-stm32.10.3-2021.10.win32_1.0.0.202111181127/tools/bin/../lib/gcc/arm-none-eabi/10.3.1/../../../../arm-none-eabi/lib/thumb/v7e-m+fp/hard\libc_nano.a(lib_a-errno.o)
                              ./Core/Src/syscalls.o (__errno)
c:/st/stm32cubeide/stm32cubeide/plugins/com.st.stm32cube.ide.mcu.externaltools.gnu-tools-for-stm32.10.3-2021.10.win32_1.0.0.202111181127/tools/bin/../lib/gcc/arm-none-eabi/10.3.1/../../../../arm-none-eabi/lib/thumb/v7e-m+fp/hard\libc_nano.a(lib_a-exit.o)
                              c:/st/stm32cubeide/stm32cubeide/plugins/com.st.stm32cube.ide.mcu.externaltools.gnu-tools-for-stm32.10.3-2021.10.win32_1.0.0.202111181127/tools/bin/../lib/gcc/arm-none-eabi/10.3.1/../../../../arm-none-eabi/lib/thumb/v7e-m+fp/hard/crt0.o (exit)
c:/st/stm32cubeide/stm32cubeide/plugins/com.st.stm32cube.ide.mcu.externaltools.gnu-tools-for-stm32.10.3-2021.10.win32_1.0.0.202111181127/tools/bin/../lib/gcc/arm-none-eabi/10.3.1/../../../../arm-none-eabi/lib/thumb/v7e-m+fp/hard\libc_nano.a(lib_a-fprintf.o)
                              c:/st/stm32cubeide/stm32cubeide/plugins/com.st.stm32cube.ide.mcu.externaltools.gnu-tools-for-stm32.10.3-2021.10.win32_1.0.0.202111181127/tools/bin/../lib/gcc/arm-none-eabi/10.3.1/../../../../arm-none-eabi/lib/thumb/v7e-m+fp/hard\libc_nano.a(lib_a-assert.o) (fiprintf)
c:/st/stm32cubeide/stm32cubeide/plugins/com.st.stm32cube.ide.mcu.externaltools.gnu-tools-for-stm32.10.3-2021.10.win32_1.0.0.202111181127/tools/bin/../lib/gcc/arm-none-eabi/10.3.1/../../../../arm-none-eabi/lib/thumb/v7e-m+fp/hard\libc_nano.a(lib_a-impure.o)
                              c:/st/stm32cubeide/stm32cubeide/plugins/com.st.stm32cube.ide.mcu.externaltools.gnu-tools-for-stm32.10.3-2021.10.win32_1.0.0.202111181127/tools/bin/../lib/gcc/arm-none-eabi/10.3.1/../../../../arm-none-eabi/lib/thumb/v7e-m+fp/hard\libc_nano.a(lib_a-exit.o) (_global_impure_ptr)
c:/st/stm32cubeide/stm32cubeide/plugins/com.st.stm32cube.ide.mcu.externaltools.gnu-tools-for-stm32.10.3-2021.10.win32_1.0.0.202111181127/tools/bin/../lib/gcc/arm-none-eabi/10.3.1/../../../../arm-none-eabi/lib/thumb/v7e-m+fp/hard\libc_nano.a(lib_a-init.o)
                              c:/st/stm32cubeide/stm32cubeide/plugins/com.st.stm32cube.ide.mcu.externaltools.gnu-tools-for-stm32.10.3-2021.10.win32_1.0.0.202111181127/tools/bin/../lib/gcc/arm-none-eabi/10.3.1/../../../../arm-none-eabi/lib/thumb/v7e-m+fp/hard/crt0.o (__libc_init_array)
c:/st/stm32cubeide/stm32cubeide/plugins/com.st.stm32cube.ide.mcu.externaltools.gnu-tools-for-stm32.10.3-2021.10.win32_1.0.0.202111181127/tools/bin/../lib/gcc/arm-none-eabi/10.3.1/../../../../arm-none-eabi/lib/thumb/v7e-m+fp/hard\libc_nano.a(lib_a-malloc.o)
                              ./Core/Src/UARTCommunication.o (malloc)
c:/st/stm32cubeide/stm32cubeide/plugins/com.st.stm32cube.ide.mcu.externaltools.gnu-tools-for-stm32.10.3-2021.10.win32_1.0.0.202111181127/tools/bin/../lib/gcc/arm-none-eabi/10.3.1/../../../../arm-none-eabi/lib/thumb/v7e-m+fp/hard\libc_nano.a(lib_a-memset.o)
                              c:/st/stm32cubeide/stm32cubeide/plugins/com.st.stm32cube.ide.mcu.externaltools.gnu-tools-for-stm32.10.3-2021.10.win32_1.0.0.202111181127/tools/bin/../lib/gcc/arm-none-eabi/10.3.1/../../../../arm-none-eabi/lib/thumb/v7e-m+fp/hard/crt0.o (memset)
c:/st/stm32cubeide/stm32cubeide/plugins/com.st.stm32cube.ide.mcu.externaltools.gnu-tools-for-stm32.10.3-2021.10.win32_1.0.0.202111181127/tools/bin/../lib/gcc/arm-none-eabi/10.3.1/../../../../arm-none-eabi/lib/thumb/v7e-m+fp/hard\libc_nano.a(lib_a-nano-freer.o)
                              c:/st/stm32cubeide/stm32cubeide/plugins/com.st.stm32cube.ide.mcu.externaltools.gnu-tools-for-stm32.10.3-2021.10.win32_1.0.0.202111181127/tools/bin/../lib/gcc/arm-none-eabi/10.3.1/../../../../arm-none-eabi/lib/thumb/v7e-m+fp/hard\libc_nano.a(lib_a-malloc.o) (_free_r)
c:/st/stm32cubeide/stm32cubeide/plugins/com.st.stm32cube.ide.mcu.externaltools.gnu-tools-for-stm32.10.3-2021.10.win32_1.0.0.202111181127/tools/bin/../lib/gcc/arm-none-eabi/10.3.1/../../../../arm-none-eabi/lib/thumb/v7e-m+fp/hard\libc_nano.a(lib_a-nano-mallocr.o)
                              c:/st/stm32cubeide/stm32cubeide/plugins/com.st.stm32cube.ide.mcu.externaltools.gnu-tools-for-stm32.10.3-2021.10.win32_1.0.0.202111181127/tools/bin/../lib/gcc/arm-none-eabi/10.3.1/../../../../arm-none-eabi/lib/thumb/v7e-m+fp/hard\libc_nano.a(lib_a-malloc.o) (_malloc_r)
[...]
Memory Configuration

Name             Origin             Length             Attributes
CCMRAM           0x0000000010000000 0x0000000000010000 xrw
RAM              0x0000000020000000 0x0000000000020000 xrw
FLASH            0x0000000008000000 0x0000000000080000 xr
*default*        0x0000000000000000 0xffffffffffffffff

Linker script and memory map

LOAD c:/st/stm32cubeide/stm32cubeide/plugins/com.st.stm32cube.ide.mcu.externaltools.gnu-tools-for-stm32.10.3-2021.10.win32_1.0.0.202111181127/tools/bin/../lib/gcc/arm-none-eabi/10.3.1/thumb/v7e-m+fp/hard/crti.o
LOAD c:/st/stm32cubeide/stm32cubeide/plugins/com.st.stm32cube.ide.mcu.externaltools.gnu-tools-for-stm32.10.3-2021.10.win32_1.0.0.202111181127/tools/bin/../lib/gcc/arm-none-eabi/10.3.1/thumb/v7e-m+fp/hard/crtbegin.o
LOAD c:/st/stm32cubeide/stm32cubeide/plugins/com.st.stm32cube.ide.mcu.externaltools.gnu-tools-for-stm32.10.3-2021.10.win32_1.0.0.202111181127/tools/bin/../lib/gcc/arm-none-eabi/10.3.1/../../../../arm-none-eabi/lib/thumb/v7e-m+fp/hard/crt0.o
LOAD ./Core/Src/Parameters.o
LOAD ./Core/Src/UARTCommunication.o
LOAD ./Core/Src/main.o
LOAD ./Core/Src/stm32f4xx_hal_msp.o
LOAD ./Core/Src/stm32f4xx_it.o
LOAD ./Core/Src/syscalls.o
LOAD ./Core/Src/sysmem.o
LOAD ./Core/Src/system_stm32f4xx.o
LOAD ./Core/Src/thermosensors.o
LOAD ./Core/Startup/startup_stm32f407vetx.o
LOAD ./Drivers/STM32F4xx_HAL_Driver/Src/stm32f4xx_hal.o
LOAD ./Drivers/STM32F4xx_HAL_Driver/Src/stm32f4xx_hal_adc.o
LOAD ./Drivers/STM32F4xx_HAL_Driver/Src/stm32f4xx_hal_adc_ex.o
LOAD ./Drivers/STM32F4xx_HAL_Driver/Src/stm32f4xx_hal_cortex.o
LOAD ./Drivers/STM32F4xx_HAL_Driver/Src/stm32f4xx_hal_dma.o
LOAD ./Drivers/STM32F4xx_HAL_Driver/Src/stm32f4xx_hal_dma_ex.o
LOAD ./Drivers/STM32F4xx_HAL_Driver/Src/stm32f4xx_hal_exti.o
LOAD ./Drivers/STM32F4xx_HAL_Driver/Src/stm32f4xx_hal_flash.o
LOAD ./Drivers/STM32F4xx_HAL_Driver/Src/stm32f4xx_hal_flash_ex.o
LOAD ./Drivers/STM32F4xx_HAL_Driver/Src/stm32f4xx_hal_flash_ramfunc.o
LOAD ./Drivers/STM32F4xx_HAL_Driver/Src/stm32f4xx_hal_gpio.o
LOAD ./Drivers/STM32F4xx_HAL_Driver/Src/stm32f4xx_hal_iwdg.o
LOAD ./Drivers/STM32F4xx_HAL_Driver/Src/stm32f4xx_hal_pwr.o
LOAD ./Drivers/STM32F4xx_HAL_Driver/Src/stm32f4xx_hal_pwr_ex.o
LOAD ./Drivers/STM32F4xx_HAL_Driver/Src/stm32f4xx_hal_rcc.o
LOAD ./Drivers/STM32F4xx_HAL_Driver/Src/stm32f4xx_hal_rcc_ex.o
LOAD ./Drivers/STM32F4xx_HAL_Driver/Src/stm32f4xx_hal_tim.o
LOAD ./Drivers/STM32F4xx_HAL_Driver/Src/stm32f4xx_hal_tim_ex.o
LOAD ./Drivers/STM32F4xx_HAL_Driver/Src/stm32f4xx_hal_uart.o
LOAD ./Drivers/STM32F4xx_HAL_Driver/Src/stm32f4xx_ll_adc.o
START GROUP
LOAD c:/st/stm32cubeide/stm32cubeide/plugins/com.st.stm32cube.ide.mcu.externaltools.gnu-tools-for-stm32.10.3-2021.10.win32_1.0.0.202111181127/tools/bin/../lib/gcc/arm-none-eabi/10.3.1/../../../../arm-none-eabi/lib/thumb/v7e-m+fp/hard\libc_nano.a
LOAD c:/st/stm32cubeide/stm32cubeide/plugins/com.st.stm32cube.ide.mcu.externaltools.gnu-tools-for-stm32.10.3-2021.10.win32_1.0.0.202111181127/tools/bin/../lib/gcc/arm-none-eabi/10.3.1/../../../../arm-none-eabi/lib/thumb/v7e-m+fp/hard\libm.a
END GROUP
START GROUP
LOAD c:/st/stm32cubeide/stm32cubeide/plugins/com.st.stm32cube.ide.mcu.externaltools.gnu-tools-for-stm32.10.3-2021.10.win32_1.0.0.202111181127/tools/bin/../lib/gcc/arm-none-eabi/10.3.1/thumb/v7e-m+fp/hard\libgcc.a
LOAD c:/st/stm32cubeide/stm32cubeide/plugins/com.st.stm32cube.ide.mcu.externaltools.gnu-tools-for-stm32.10.3-2021.10.win32_1.0.0.202111181127/tools/bin/../lib/gcc/arm-none-eabi/10.3.1/../../../../arm-none-eabi/lib/thumb/v7e-m+fp/hard\libc_nano.a
END GROUP
START GROUP
LOAD c:/st/stm32cubeide/stm32cubeide/plugins/com.st.stm32cube.ide.mcu.externaltools.gnu-tools-for-stm32.10.3-2021.10.win32_1.0.0.202111181127/tools/bin/../lib/gcc/arm-none-eabi/10.3.1/thumb/v7e-m+fp/hard\libgcc.a
LOAD c:/st/stm32cubeide/stm32cubeide/plugins/com.st.stm32cube.ide.mcu.externaltools.gnu-tools-for-stm32.10.3-2021.10.win32_1.0.0.202111181127/tools/bin/../lib/gcc/arm-none-eabi/10.3.1/../../../../arm-none-eabi/lib/thumb/v7e-m+fp/hard\libc_nano.a
LOAD c:/st/stm32cubeide/stm32cubeide/plugins/com.st.stm32cube.ide.mcu.externaltools.gnu-tools-for-stm32.10.3-2021.10.win32_1.0.0.202111181127/tools/bin/../lib/gcc/arm-none-eabi/10.3.1/../../../../arm-none-eabi/lib/thumb/v7e-m+fp/hard\libnosys.a
END GROUP
START GROUP
LOAD c:/st/stm32cubeide/stm32cubeide/plugins/com.st.stm32cube.ide.mcu.externaltools.gnu-tools-for-stm32.10.3-2021.10.win32_1.0.0.202111181127/tools/bin/../lib/gcc/arm-none-eabi/10.3.1/thumb/v7e-m+fp/hard\libgcc.a
LOAD c:/st/stm32cubeide/stm32cubeide/plugins/com.st.stm32cube.ide.mcu.externaltools.gnu-tools-for-stm32.10.3-2021.10.win32_1.0.0.202111181127/tools/bin/../lib/gcc/arm-none-eabi/10.3.1/../../../../arm-none-eabi/lib/thumb/v7e-m+fp/hard\libc_nano.a
LOAD c:/st/stm32cubeide/stm32cubeide/plugins/com.st.stm32cube.ide.mcu.externaltools.gnu-tools-for-stm32.10.3-2021.10.win32_1.0.0.202111181127/tools/bin/../lib/gcc/arm-none-eabi/10.3.1/../../../../arm-none-eabi/lib/thumb/v7e-m+fp/hard\libnosys.a
END GROUP
LOAD c:/st/stm32cubeide/stm32cubeide/plugins/com.st.stm32cube.ide.mcu.externaltools.gnu-tools-for-stm32.10.3-2021.10.win32_1.0.0.202111181127/tools/bin/../lib/gcc/arm-none-eabi/10.3.1/thumb/v7e-m+fp/hard/crtend.o
LOAD c:/st/stm32cubeide/stm32cubeide/plugins/com.st.stm32cube.ide.mcu.externaltools.gnu-tools-for-stm32.10.3-2021.10.win32_1.0.0.202111181127/tools/bin/../lib/gcc/arm-none-eabi/10.3.1/thumb/v7e-m+fp/hard/crtn.o
                0x0000000020020000                _estack = (ORIGIN (RAM) + LENGTH (RAM))
                0x0000000000000200                _Min_Heap_Size = 0x200
                0x0000000000000400                _Min_Stack_Size = 0x400

.isr_vector     0x0000000008000000      0x188
                0x0000000008000000                . = ALIGN (0x4)
 *(.isr_vector)
 .isr_vector    0x0000000008000000      0x188 ./Core/Startup/startup_stm32f407vetx.o
                0x0000000008000000                g_pfnVectors
                0x0000000008000188                . = ALIGN (0x4)

.text           0x0000000008000190     0xe02c
                0x0000000008000190                . = ALIGN (0x4)
 *(.text)
 .text          0x0000000008000190       0x40 c:/st/stm32cubeide/stm32cubeide/plugins/com.st.stm32cube.ide.mcu.externaltools.gnu-tools-for-stm32.10.3-2021.10.win32_1.0.0.202111181127/tools/bin/../lib/gcc/arm-none-eabi/10.3.1/thumb/v7e-m+fp/hard/crtbegin.o
 .text          0x00000000080001d0       0x14 c:/st/stm32cubeide/stm32cubeide/plugins/com.st.stm32cube.ide.mcu.externaltools.gnu-tools-for-stm32.10.3-2021.10.win32_1.0.0.202111181127/tools/bin/../lib/gcc/arm-none-eabi/10.3.1/../../../../arm-none-eabi/lib/thumb/v7e-m+fp/hard\libc_nano.a(lib_a-strcmp.o)
                0x00000000080001d0                strcmp
 .text          0x00000000080001e4       0x10 c:/st/stm32cubeide/stm32cubeide/plugins/com.st.stm32cube.ide.mcu.externaltools.gnu-tools-for-stm32.10.3-2021.10.win32_1.0.0.202111181127/tools/bin/../lib/gcc/arm-none-eabi/10.3.1/../../../../arm-none-eabi/lib/thumb/v7e-m+fp/hard\libc_nano.a(lib_a-strlen.o)
                0x00000000080001e4                strlen
 *fill*         0x00000000080001f4        0xc 
 .text          0x0000000008000200       0xa0 c:/st/stm32cubeide/stm32cubeide/plugins/com.st.stm32cube.ide.mcu.externaltools.gnu-tools-for-stm32.10.3-2021.10.win32_1.0.0.202111181127/tools/bin/../lib/gcc/arm-none-eabi/10.3.1/../../../../arm-none-eabi/lib/thumb/v7e-m+fp/hard\libc_nano.a(lib_a-memchr.o)
                0x0000000008000200                memchr
 .text          0x00000000080002a0      0x378 c:/st/stm32cubeide/stm32cubeide/plugins/com.st.stm32cube.ide.mcu.externaltools.gnu-tools-for-stm32.10.3-2021.10.win32_1.0.0.202111181127/tools/bin/../lib/gcc/arm-none-eabi/10.3.1/thumb/v7e-m+fp/hard\libgcc.a(_arm_addsubdf3.o)
                0x00000000080002a0                __aeabi_drsub
                0x00000000080002a8                __aeabi_dsub
                0x00000000080002a8                __subdf3
                0x00000000080002ac                __aeabi_dadd
                0x00000000080002ac                __adddf3
                0x0000000008000524                __floatunsidf
                0x0000000008000524                __aeabi_ui2d
                0x0000000008000544                __floatsidf
                0x0000000008000544                __aeabi_i2d
                0x0000000008000568                __aeabi_f2d
                0x0000000008000568                __extendsfdf2
                0x00000000080005ac                __floatundidf
                0x00000000080005ac                __aeabi_ul2d
                0x00000000080005bc                __floatdidf
                0x00000000080005bc                __aeabi_l2d
 .text          0x0000000008000618      0x424 c:/st/stm32cubeide/stm32cubeide/plugins/com.st.stm32cube.ide.mcu.externaltools.gnu-tools-for-stm32.10.3-2021.10.win32_1.0.0.202111181127/tools/bin/../lib/gcc/arm-none-eabi/10.3.1/thumb/v7e-m+fp/hard\libgcc.a(_arm_muldivdf3.o)
                0x0000000008000618                __aeabi_dmul
                0x0000000008000618                __muldf3
                0x000000000800086c                __divdf3
                0x000000000800086c                __aeabi_ddiv
 .text          0x0000000008000a3c      0x110 c:/st/stm32cubeide/stm32cubeide/plugins/com.st.stm32cube.ide.mcu.externaltools.gnu-tools-for-stm32.10.3-2021.10.win32_1.0.0.202111181127/tools/bin/../lib/gcc/arm-none-eabi/10.3.1/thumb/v7e-m+fp/hard\libgcc.a(_arm_cmpdf2.o)
                0x0000000008000a3c                __gtdf2
                0x0000000008000a3c                __gedf2
                0x0000000008000a44                __ltdf2
                0x0000000008000a44                __ledf2
                0x0000000008000a4c                __nedf2
                0x0000000008000a4c                __eqdf2
                0x0000000008000a4c                __cmpdf2
                0x0000000008000ac8                __aeabi_cdrcmple
                0x0000000008000ad8                __aeabi_cdcmpeq
                0x0000000008000ad8                __aeabi_cdcmple
                0x0000000008000ae8                __aeabi_dcmpeq
                0x0000000008000afc                __aeabi_dcmplt
                0x0000000008000b10                __aeabi_dcmple
                0x0000000008000b24                __aeabi_dcmpge
                0x0000000008000b38                __aeabi_dcmpgt
 .text          0x0000000008000b4c       0x2c c:/st/stm32cubeide/stm32cubeide/plugins/com.st.stm32cube.ide.mcu.externaltools.gnu-tools-for-stm32.10.3-2021.10.win32_1.0.0.202111181127/tools/bin/../lib/gcc/arm-none-eabi/10.3.1/thumb/v7e-m+fp/hard\libgcc.a(_arm_unorddf2.o)
                0x0000000008000b4c                __unorddf2
                0x0000000008000b4c                __aeabi_dcmpun
 .text          0x0000000008000b78       0x50 c:/st/stm32cubeide/stm32cubeide/plugins/com.st.stm32cube.ide.mcu.externaltools.gnu-tools-for-stm32.10.3-2021.10.win32_1.0.0.202111181127/tools/bin/../lib/gcc/arm-none-eabi/10.3.1/thumb/v7e-m+fp/hard\libgcc.a(_arm_fixdfsi.o)
                0x0000000008000b78                __aeabi_d2iz
                0x0000000008000b78                __fixdfsi
 .text          0x0000000008000bc8       0x40 c:/st/stm32cubeide/stm32cubeide/plugins/com.st.stm32cube.ide.mcu.externaltools.gnu-tools-for-stm32.10.3-2021.10.win32_1.0.0.202111181127/tools/bin/../lib/gcc/arm-none-eabi/10.3.1/thumb/v7e-m+fp/hard\libgcc.a(_arm_fixunsdfsi.o)
                0x0000000008000bc8                __aeabi_d2uiz
                0x0000000008000bc8                __fixunsdfsi
 .text          0x0000000008000c08       0xa0 c:/st/stm32cubeide/stm32cubeide/plugins/com.st.stm32cube.ide.mcu.externaltools.gnu-tools-for-stm32.10.3-2021.10.win32_1.0.0.202111181127/tools/bin/../lib/gcc/arm-none-eabi/10.3.1/thumb/v7e-m+fp/hard\libgcc.a(_arm_truncdfsf2.o)
                0x0000000008000c08                __truncdfsf2
                0x0000000008000c08                __aeabi_d2f
 .text          0x0000000008000ca8       0x30 c:/st/stm32cubeide/stm32cubeide/plugins/com.st.stm32cube.ide.mcu.externaltools.gnu-tools-for-stm32.10.3-2021.10.win32_1.0.0.202111181127/tools/bin/../lib/gcc/arm-none-eabi/10.3.1/thumb/v7e-m+fp/hard\libgcc.a(_aeabi_uldivmod.o)
                0x0000000008000ca8                __aeabi_uldivmod
 .text          0x0000000008000cd8       0x30 c:/st/stm32cubeide/stm32cubeide/plugins/com.st.stm32cube.ide.mcu.externaltools.gnu-tools-for-stm32.10.3-2021.10.win32_1.0.0.202111181127/tools/bin/../lib/gcc/arm-none-eabi/10.3.1/thumb/v7e-m+fp/hard\libgcc.a(_fixdfdi.o)
                0x0000000008000cd8                __fixdfdi
                0x0000000008000cd8                __aeabi_d2lz
 .text          0x0000000008000d08       0x3c c:/st/stm32cubeide/stm32cubeide/plugins/com.st.stm32cube.ide.mcu.externaltools.gnu-tools-for-stm32.10.3-2021.10.win32_1.0.0.202111181127/tools/bin/../lib/gcc/arm-none-eabi/10.3.1/thumb/v7e-m+fp/hard\libgcc.a(_fixunsdfdi.o)
                0x0000000008000d08                __fixunsdfdi
                0x0000000008000d08                __aeabi_d2ulz
 .text          0x0000000008000d44      0x2d0 c:/st/stm32cubeide/stm32cubeide/plugins/com.st.stm32cube.ide.mcu.externaltools.gnu-tools-for-stm32.10.3-2021.10.win32_1.0.0.202111181127/tools/bin/../lib/gcc/arm-none-eabi/10.3.1/thumb/v7e-m+fp/hard\libgcc.a(_udivmoddi4.o)
                0x0000000008000d44                __udivmoddi4
 .text          0x0000000008001014        0x4 c:/st/stm32cubeide/stm32cubeide/plugins/com.st.stm32cube.ide.mcu.externaltools.gnu-tools-for-stm32.10.3-2021.10.win32_1.0.0.202111181127/tools/bin/../lib/gcc/arm-none-eabi/10.3.1/thumb/v7e-m+fp/hard\libgcc.a(_dvmd_tls.o)
                0x0000000008001014                __aeabi_idiv0
                0x0000000008001014                __aeabi_ldiv0
 *(.text*)
 .text.InitParams
                0x0000000008001018      0x500 ./Core/Src/Parameters.o
                0x0000000008001018                InitParams
 .text.setU_PowerSet
                0x0000000008001518       0xb4 ./Core/Src/Parameters.o
                0x0000000008001518                setU_PowerSet
 .text.getU_PowerSet
                0x00000000080015cc       0x18 ./Core/Src/Parameters.o
                0x00000000080015cc                getU_PowerSet
 .text.setU_PowerOnOff
                0x00000000080015e4       0x30 ./Core/Src/Parameters.o
                0x00000000080015e4                setU_PowerOnOff
 .text.getU_PowerOnOff
                0x0000000008001614       0x18 ./Core/Src/Parameters.o
                0x0000000008001614                getU_PowerOnOff
 .text.setU_PowerMin
                0x000000000800162c       0x4c ./Core/Src/Parameters.o
                0x000000000800162c                setU_PowerMin
 .text.getU_PowerMin
                0x0000000008001678       0x18 ./Core/Src/Parameters.o
                0x0000000008001678                getU_PowerMin
 .text.setU_PowerMax
                0x0000000008001690       0x4c ./Core/Src/Parameters.o
                0x0000000008001690                setU_PowerMax
 .text.getU_PowerMax
                0x00000000080016dc       0x18 ./Core/Src/Parameters.o
                0x00000000080016dc                getU_PowerMax
 .text.setU_24Vmeas
                0x00000000080016f4       0x20 ./Core/Src/Parameters.o
                0x00000000080016f4                setU_24Vmeas
 .text.getU_24Vmeas
                0x0000000008001714       0x18 ./Core/Src/Parameters.o
                0x0000000008001714                getU_24Vmeas
 .text.setU_24Vcoeff
                0x000000000800172c       0x4c ./Core/Src/Parameters.o
                0x000000000800172c                setU_24Vcoeff
 .text.getU_24Vcoeff
                0x0000000008001778       0x18 ./Core/Src/Parameters.o
                0x0000000008001778                getU_24Vcoeff
 .text.setU_PowerMeas
                0x0000000008001790       0x20 ./Core/Src/Parameters.o
                0x0000000008001790                setU_PowerMeas
 .text.getU_PowerMeas
                0x00000000080017b0       0x18 ./Core/Src/Parameters.o
                0x00000000080017b0                getU_PowerMeas
 .text.setU_PowerCoeff
                0x00000000080017c8       0x4c ./Core/Src/Parameters.o
                0x00000000080017c8                setU_PowerCoeff
 .text.getU_PowerCoeff
                0x0000000008001814       0x18 ./Core/Src/Parameters.o
                0x0000000008001814                getU_PowerCoeff
 .text.setI_1A  0x000000000800182c       0x20 ./Core/Src/Parameters.o
                0x000000000800182c                setI_1A
 .text.getI_1A  0x000000000800184c       0x18 ./Core/Src/Parameters.o
                0x000000000800184c                getI_1A
 .text.setI_1B  0x0000000008001864       0x20 ./Core/Src/Parameters.o
                0x0000000008001864                setI_1B
 .text.getI_1B  0x0000000008001884       0x18 ./Core/Src/Parameters.o
                0x0000000008001884                getI_1B
 .text.setI_2A  0x000000000800189c       0x20 ./Core/Src/Parameters.o
                0x000000000800189c                setI_2A
 .text.getI_2A  0x00000000080018bc       0x18 ./Core/Src/Parameters.o
                0x00000000080018bc                getI_2A
 .text.setI_2B  0x00000000080018d4       0x20 ./Core/Src/Parameters.o
                0x00000000080018d4                setI_2B
 .text.getI_2B  0x00000000080018f4       0x18 ./Core/Src/Parameters.o
                0x00000000080018f4                getI_2B
 .text.setI_1A_Coeff
                0x000000000800190c       0x4c ./Core/Src/Parameters.o
                0x000000000800190c                setI_1A_Coeff
 .text.getI_1A_Coeff
                0x0000000008001958       0x18 ./Core/Src/Parameters.o
                0x0000000008001958                getI_1A_Coeff
 .text.setI_1B_Coeff
                0x0000000008001970       0x4c ./Core/Src/Parameters.o
                0x0000000008001970                setI_1B_Coeff
 .text.getI_1B_Coeff
                0x00000000080019bc       0x18 ./Core/Src/Parameters.o
                0x00000000080019bc                getI_1B_Coeff
 .text.setI_2A_Coeff
                0x00000000080019d4       0x4c ./Core/Src/Parameters.o
                0x00000000080019d4                setI_2A_Coeff
 .text.getI_2A_Coeff
                0x0000000008001a20       0x18 ./Core/Src/Parameters.o
                0x0000000008001a20                getI_2A_Coeff
 .text.setI_2B_Coeff
                0x0000000008001a38       0x4c ./Core/Src/Parameters.o
                0x0000000008001a38                setI_2B_Coeff
 .text.getI_2B_Coeff
                0x0000000008001a84       0x18 ./Core/Src/Parameters.o
                0x0000000008001a84                getI_2B_Coeff
 .text.setTemp1
                0x0000000008001a9c       0x20 ./Core/Src/Parameters.o
                0x0000000008001a9c                setTemp1
 .text.getTemp1
                0x0000000008001abc       0x18 ./Core/Src/Parameters.o
                0x0000000008001abc                getTemp1
 .text.setTemp2
                0x0000000008001ad4       0x20 ./Core/Src/Parameters.o
                0x0000000008001ad4                setTemp2
 .text.getTemp2
                0x0000000008001af4       0x18 ./Core/Src/Parameters.o
                0x0000000008001af4                getTemp2
 .text.setTemp3
                0x0000000008001b0c       0x20 ./Core/Src/Parameters.o
                0x0000000008001b0c                setTemp3
 .text.getTemp3
                0x0000000008001b2c       0x18 ./Core/Src/Parameters.o
                0x0000000008001b2c                getTemp3
 .text.setTemp4
                0x0000000008001b44       0x20 ./Core/Src/Parameters.o
                0x0000000008001b44                setTemp4
 .text.getTemp4
                0x0000000008001b64       0x18 ./Core/Src/Parameters.o
                0x0000000008001b64                getTemp4
 .text.setTemp1_coeff
                0x0000000008001b7c       0x4c ./Core/Src/Parameters.o
                0x0000000008001b7c                setTemp1_coeff
 .text.getTemp1_coeff
                0x0000000008001bc8       0x18 ./Core/Src/Parameters.o
                0x0000000008001bc8                getTemp1_coeff
 .text.setTemp2_coeff
                0x0000000008001be0       0x4c ./Core/Src/Parameters.o
                0x0000000008001be0                setTemp2_coeff
 .text.getTemp2_coeff
                0x0000000008001c2c       0x18 ./Core/Src/Parameters.o
                0x0000000008001c2c                getTemp2_coeff
 .text.setTemp3_coeff
                0x0000000008001c44       0x4c ./Core/Src/Parameters.o
                0x0000000008001c44                setTemp3_coeff
 .text.getTemp3_coeff
                0x0000000008001c90       0x18 ./Core/Src/Parameters.o
                0x0000000008001c90                getTemp3_coeff
 .text.setTemp4_coeff
                0x0000000008001ca8       0x4c ./Core/Src/Parameters.o
                0x0000000008001ca8                setTemp4_coeff
 .text.getTemp4_coeff
                0x0000000008001cf4       0x18 ./Core/Src/Parameters.o
                0x0000000008001cf4                getTemp4_coeff
 .text.setLoadSelect1
                0x0000000008001d0c       0x20 ./Core/Src/Parameters.o
                0x0000000008001d0c                setLoadSelect1
 .text.getLoadSelect1
                0x0000000008001d2c       0x18 ./Core/Src/Parameters.o
                0x0000000008001d2c                getLoadSelect1
 .text.setLoadSelect2
                0x0000000008001d44       0x20 ./Core/Src/Parameters.o
                0x0000000008001d44                setLoadSelect2
 .text.getLoadSelect2
                0x0000000008001d64       0x18 ./Core/Src/Parameters.o
                0x0000000008001d64                getLoadSelect2
 .text.setModeSelect1
                0x0000000008001d7c       0x20 ./Core/Src/Parameters.o
                0x0000000008001d7c                setModeSelect1
 .text.getModeSelect1
                0x0000000008001d9c       0x18 ./Core/Src/Parameters.o
                0x0000000008001d9c                getModeSelect1
 .text.setModeSelect2
                0x0000000008001db4       0x20 ./Core/Src/Parameters.o
                0x0000000008001db4                setModeSelect2
 .text.getModeSelect2
                0x0000000008001dd4       0x18 ./Core/Src/Parameters.o
                0x0000000008001dd4                getModeSelect2
 .text.setCh1_OnOff
                0x0000000008001dec       0x20 ./Core/Src/Parameters.o
                0x0000000008001dec                setCh1_OnOff
 .text.getCh1_OnOff
                0x0000000008001e0c       0x18 ./Core/Src/Parameters.o
                0x0000000008001e0c                getCh1_OnOff
 .text.setCh2_OnOff
                0x0000000008001e24       0x20 ./Core/Src/Parameters.o
                0x0000000008001e24                setCh2_OnOff
 .text.getCh2_OnOff
                0x0000000008001e44       0x18 ./Core/Src/Parameters.o
                0x0000000008001e44                getCh2_OnOff
 .text.setSourceSelect1
                0x0000000008001e5c       0x20 ./Core/Src/Parameters.o
                0x0000000008001e5c                setSourceSelect1
 .text.getSourceSelect1
                0x0000000008001e7c       0x18 ./Core/Src/Parameters.o
                0x0000000008001e7c                getSourceSelect1
 .text.setSourceSelect2
                0x0000000008001e94       0x20 ./Core/Src/Parameters.o
                0x0000000008001e94                setSourceSelect2
 .text.getSourceSelect2
                0x0000000008001eb4       0x18 ./Core/Src/Parameters.o
                0x0000000008001eb4                getSourceSelect2
 .text.setPcoeff1Temp
                0x0000000008001ecc       0x4c ./Core/Src/Parameters.o
                0x0000000008001ecc                setPcoeff1Temp
 .text.getPcoeff1Temp
                0x0000000008001f18       0x18 ./Core/Src/Parameters.o
                0x0000000008001f18                getPcoeff1Temp
 .text.setPcoeff2Temp
                0x0000000008001f30       0x4c ./Core/Src/Parameters.o
                0x0000000008001f30                setPcoeff2Temp
 .text.getPcoeff2Temp
                0x0000000008001f7c       0x18 ./Core/Src/Parameters.o
                0x0000000008001f7c                getPcoeff2Temp
 .text.setIcoeff1Temp
                0x0000000008001f94       0x4c ./Core/Src/Parameters.o
                0x0000000008001f94                setIcoeff1Temp
 .text.getIcoeff1Temp
                0x0000000008001fe0       0x18 ./Core/Src/Parameters.o
                0x0000000008001fe0                getIcoeff1Temp
 .text.setIcoeff2Temp
                0x0000000008001ff8       0x4c ./Core/Src/Parameters.o
                0x0000000008001ff8                setIcoeff2Temp
 .text.getIcoeff2Temp
                0x0000000008002044       0x18 ./Core/Src/Parameters.o
                0x0000000008002044                getIcoeff2Temp
 .text.setDcoeff1Temp
                0x000000000800205c       0x4c ./Core/Src/Parameters.o
                0x000000000800205c                setDcoeff1Temp
 .text.getDcoeff1Temp
                0x00000000080020a8       0x18 ./Core/Src/Parameters.o
                0x00000000080020a8                getDcoeff1Temp
 .text.setDcoeff2Temp
                0x00000000080020c0       0x4c ./Core/Src/Parameters.o
                0x00000000080020c0                setDcoeff2Temp
 .text.getDcoeff2Temp
                0x000000000800210c       0x18 ./Core/Src/Parameters.o
                0x000000000800210c                getDcoeff2Temp
 .text.setPcoeff1Freq
                0x0000000008002124       0x4c ./Core/Src/Parameters.o
                0x0000000008002124                setPcoeff1Freq
 .text.getPcoeff1Freq
                0x0000000008002170       0x18 ./Core/Src/Parameters.o
                0x0000000008002170                getPcoeff1Freq
 .text.setPcoeff2Freq
                0x0000000008002188       0x4c ./Core/Src/Parameters.o
                0x0000000008002188                setPcoeff2Freq
 .text.getPcoeff2Freq
                0x00000000080021d4       0x18 ./Core/Src/Parameters.o
                0x00000000080021d4                getPcoeff2Freq
 .text.setIcoeff1Freq
                0x00000000080021ec       0x4c ./Core/Src/Parameters.o
                0x00000000080021ec                setIcoeff1Freq
 .text.getIcoeff1Freq
                0x0000000008002238       0x18 ./Core/Src/Parameters.o
                0x0000000008002238                getIcoeff1Freq
 .text.setIcoeff2Freq
                0x0000000008002250       0x4c ./Core/Src/Parameters.o
                0x0000000008002250                setIcoeff2Freq
 .text.getIcoeff2Freq
                0x000000000800229c       0x18 ./Core/Src/Parameters.o
                0x000000000800229c                getIcoeff2Freq
 .text.setDcoeff1Freq
                0x00000000080022b4       0x4c ./Core/Src/Parameters.o
                0x00000000080022b4                setDcoeff1Freq
 .text.getDcoeff1Freq
                0x0000000008002300       0x18 ./Core/Src/Parameters.o
                0x0000000008002300                getDcoeff1Freq
 .text.setDcoeff2Freq
                0x0000000008002318       0x4c ./Core/Src/Parameters.o
                0x0000000008002318                setDcoeff2Freq
 .text.getDcoeff2Freq
                0x0000000008002364       0x18 ./Core/Src/Parameters.o
                0x0000000008002364                getDcoeff2Freq
 .text.setI1Set
                0x000000000800237c       0x4c ./Core/Src/Parameters.o
                0x000000000800237c                setI1Set
 .text.getI1Set
                0x00000000080023c8       0x18 ./Core/Src/Parameters.o
                0x00000000080023c8                getI1Set
 .text.setI2Set
                0x00000000080023e0       0x4c ./Core/Src/Parameters.o
                0x00000000080023e0                setI2Set
 .text.getI2Set
                0x000000000800242c       0x18 ./Core/Src/Parameters.o
                0x000000000800242c                getI2Set
 .text.setGate1A_OnOff
                0x0000000008002444       0x20 ./Core/Src/Parameters.o
                0x0000000008002444                setGate1A_OnOff
 .text.getGate1A_OnOff
                0x0000000008002464       0x18 ./Core/Src/Parameters.o
                0x0000000008002464                getGate1A_OnOff
 .text.setGate1B_OnOff
                0x000000000800247c       0x20 ./Core/Src/Parameters.o
                0x000000000800247c                setGate1B_OnOff
 .text.getGate1B_OnOff
                0x000000000800249c       0x18 ./Core/Src/Parameters.o
                0x000000000800249c                getGate1B_OnOff
 .text.setGate2A_OnOff
                0x00000000080024b4       0x20 ./Core/Src/Parameters.o
                0x00000000080024b4                setGate2A_OnOff
 .text.getGate2A_OnOff
                0x00000000080024d4       0x18 ./Core/Src/Parameters.o
                0x00000000080024d4                getGate2A_OnOff
 .text.setGate2B_OnOff
                0x00000000080024ec       0x20 ./Core/Src/Parameters.o
                0x00000000080024ec                setGate2B_OnOff
 .text.getGate2B_OnOff
                0x000000000800250c       0x18 ./Core/Src/Parameters.o
                0x000000000800250c                getGate2B_OnOff
 .text.setGateH1A
                0x0000000008002524       0x34 ./Core/Src/Parameters.o
                0x0000000008002524                setGateH1A
 .text.getGateH1A
                0x0000000008002558       0x18 ./Core/Src/Parameters.o
                0x0000000008002558                getGateH1A
 .text.setGateH1B
                0x0000000008002570       0x34 ./Core/Src/Parameters.o
                0x0000000008002570                setGateH1B
 .text.getGateH1B
                0x00000000080025a4       0x18 ./Core/Src/Parameters.o
                0x00000000080025a4                getGateH1B
 .text.setGateH2A
                0x00000000080025bc       0x34 ./Core/Src/Parameters.o
                0x00000000080025bc                setGateH2A
 .text.getGateH2A
                0x00000000080025f0       0x18 ./Core/Src/Parameters.o
                0x00000000080025f0                getGateH2A
 .text.setGateH2B
                0x0000000008002608       0x34 ./Core/Src/Parameters.o
                0x0000000008002608                setGateH2B
 .text.getGateH2B
                0x000000000800263c       0x18 ./Core/Src/Parameters.o
                0x000000000800263c                getGateH2B
 .text.setPWM_CH1
                0x0000000008002654       0x4c ./Core/Src/Parameters.o
                0x0000000008002654                setPWM_CH1
 .text.getPWM_CH1
                0x00000000080026a0       0x18 ./Core/Src/Parameters.o
                0x00000000080026a0                getPWM_CH1
 .text.setPWM_CH2
                0x00000000080026b8       0x50 ./Core/Src/Parameters.o
                0x00000000080026b8                setPWM_CH2
 .text.getPWM_CH2
                0x0000000008002708       0x18 ./Core/Src/Parameters.o
                0x0000000008002708                getPWM_CH2
 .text.setCH1_Polarity
                0x0000000008002720       0x20 ./Core/Src/Parameters.o
                0x0000000008002720                setCH1_Polarity
 .text.getCH1_Polarity
                0x0000000008002740       0x18 ./Core/Src/Parameters.o
                0x0000000008002740                getCH1_Polarity
 .text.setCH2_Polarity
                0x0000000008002758       0x20 ./Core/Src/Parameters.o
                0x0000000008002758                setCH2_Polarity
 .text.getCH2_Polarity
                0x0000000008002778       0x18 ./Core/Src/Parameters.o
                0x0000000008002778                getCH2_Polarity
 .text.setFreq  0x0000000008002790       0x20 ./Core/Src/Parameters.o
                0x0000000008002790                setFreq
 .text.getFreq  0x00000000080027b0       0x18 ./Core/Src/Parameters.o
                0x00000000080027b0                getFreq
 .text.commandParamList
                0x00000000080027c8       0x80 ./Core/Src/Parameters.o
                0x00000000080027c8                commandParamList
 .text.str_split
                0x0000000008002848      0x114 ./Core/Src/UARTCommunication.o
                0x0000000008002848                str_split
 .text.UARTtransmit
                0x000000000800295c       0x44 ./Core/Src/UARTCommunication.o
                0x000000000800295c                UARTtransmit
 .text.UARTget  0x00000000080029a0      0x174 ./Core/Src/UARTCommunication.o
                0x00000000080029a0                UARTget
 .text.UARTset  0x0000000008002b14      0x18c ./Core/Src/UARTCommunication.o
                0x0000000008002b14                UARTset
 .text.UARTtransmitNum
                0x0000000008002ca0       0x2c ./Core/Src/UARTCommunication.o
                0x0000000008002ca0                UARTtransmitNum
 .text.commandSearch
                0x0000000008002ccc      0x18c ./Core/Src/UARTCommunication.o
                0x0000000008002ccc                commandSearch
 .text.main     0x0000000008002e58      0x3ac ./Core/Src/main.o
                0x0000000008002e58                main
 .text.SystemClock_Config
                0x0000000008003204       0xd8 ./Core/Src/main.o
                0x0000000008003204                SystemClock_Config
 .text.MX_ADC1_Init
                0x00000000080032dc      0x130 ./Core/Src/main.o
 .text.MX_ADC2_Init
                0x000000000800340c       0xf8 ./Core/Src/main.o
 .text.MX_IWDG_Init
                0x0000000008003504       0x34 ./Core/Src/main.o
 .text.MX_TIM1_Init
                0x0000000008003538      0x150 ./Core/Src/main.o
 .text.MX_TIM2_Init
                0x0000000008003688       0x98 ./Core/Src/main.o
 .text.MX_TIM3_Init
                0x0000000008003720      0x108 ./Core/Src/main.o
 .text.MX_TIM4_Init
                0x0000000008003828      0x108 ./Core/Src/main.o
 .text.MX_TIM5_Init
                0x0000000008003930       0x9c ./Core/Src/main.o
 .text.MX_TIM6_Init
                0x00000000080039cc       0x6c ./Core/Src/main.o
 .text.MX_TIM8_Init
                0x0000000008003a38      0x144 ./Core/Src/main.o
 .text.MX_USART1_UART_Init
                0x0000000008003b7c       0x54 ./Core/Src/main.o
 .text.MX_DMA_Init
                0x0000000008003bd0       0x50 ./Core/Src/main.o
 .text.MX_GPIO_Init
                0x0000000008003c20      0x188 ./Core/Src/main.o
 .text.HAL_TIM_PeriodElapsedCallback
                0x0000000008003da8      0x250 ./Core/Src/main.o
                0x0000000008003da8                HAL_TIM_PeriodElapsedCallback
 .text.HAL_UART_RxCpltCallback
                0x0000000008003ff8       0x6c ./Core/Src/main.o
                0x0000000008003ff8                HAL_UART_RxCpltCallback
 .text.Error_Handler
                0x0000000008004064        0xa ./Core/Src/main.o
                0x0000000008004064                Error_Handler
 *fill*         0x000000000800406e        0x2 
 .text.HAL_MspInit
                0x0000000008004070       0x50 ./Core/Src/stm32f4xx_hal_msp.o
                0x0000000008004070                HAL_MspInit
 .text.HAL_ADC_MspInit
                0x00000000080040c0      0x1bc ./Core/Src/stm32f4xx_hal_msp.o
                0x00000000080040c0                HAL_ADC_MspInit
 .text.HAL_TIM_Base_MspInit
                0x000000000800427c      0x1b4 ./Core/Src/stm32f4xx_hal_msp.o
                0x000000000800427c                HAL_TIM_Base_MspInit
 .text.HAL_TIM_MspPostInit
                0x0000000008004430      0x168 ./Core/Src/stm32f4xx_hal_msp.o
                0x0000000008004430                HAL_TIM_MspPostInit
 .text.HAL_UART_MspInit
                0x0000000008004598       0xa0 ./Core/Src/stm32f4xx_hal_msp.o
                0x0000000008004598                HAL_UART_MspInit
 .text.NMI_Handler
                0x0000000008004638        0x6 ./Core/Src/stm32f4xx_it.o
                0x0000000008004638                NMI_Handler
 .text.HardFault_Handler
                0x000000000800463e        0x6 ./Core/Src/stm32f4xx_it.o
                0x000000000800463e                HardFault_Handler
 .text.MemManage_Handler
                0x0000000008004644        0x6 ./Core/Src/stm32f4xx_it.o
                0x0000000008004644                MemManage_Handler
 .text.BusFault_Handler
                0x000000000800464a        0x6 ./Core/Src/stm32f4xx_it.o
                0x000000000800464a                BusFault_Handler
 .text.UsageFault_Handler
                0x0000000008004650        0x6 ./Core/Src/stm32f4xx_it.o
                0x0000000008004650                UsageFault_Handler
 .text.SVC_Handler
                0x0000000008004656        0xe ./Core/Src/stm32f4xx_it.o
                0x0000000008004656                SVC_Handler
 .text.DebugMon_Handler
                0x0000000008004664        0xe ./Core/Src/stm32f4xx_it.o
                0x0000000008004664                DebugMon_Handler
 .text.PendSV_Handler
                0x0000000008004672        0xe ./Core/Src/stm32f4xx_it.o
                0x0000000008004672                PendSV_Handler
 .text.SysTick_Handler
                0x0000000008004680        0xc ./Core/Src/stm32f4xx_it.o
                0x0000000008004680                SysTick_Handler
 .text.TIM1_UP_TIM10_IRQHandler
                0x000000000800468c       0x14 ./Core/Src/stm32f4xx_it.o
                0x000000000800468c                TIM1_UP_TIM10_IRQHandler
 .text.USART1_IRQHandler
                0x00000000080046a0       0x14 ./Core/Src/stm32f4xx_it.o
                0x00000000080046a0                USART1_IRQHandler
 .text.TIM6_DAC_IRQHandler
                0x00000000080046b4       0x14 ./Core/Src/stm32f4xx_it.o
                0x00000000080046b4                TIM6_DAC_IRQHandler
 .text.DMA2_Stream0_IRQHandler
                0x00000000080046c8       0x14 ./Core/Src/stm32f4xx_it.o
                0x00000000080046c8                DMA2_Stream0_IRQHandler
 .text.DMA2_Stream2_IRQHandler
                0x00000000080046dc       0x14 ./Core/Src/stm32f4xx_it.o
                0x00000000080046dc                DMA2_Stream2_IRQHandler
 .text._getpid  0x00000000080046f0       0x10 ./Core/Src/syscalls.o
                0x00000000080046f0                _getpid
 .text._kill    0x0000000008004700       0x20 ./Core/Src/syscalls.o
                0x0000000008004700                _kill
 .text._exit    0x0000000008004720       0x14 ./Core/Src/syscalls.o
                0x0000000008004720                _exit
 .text._read    0x0000000008004734       0x3a ./Core/Src/syscalls.o
                0x0000000008004734                _read
 .text._write   0x000000000800476e       0x38 ./Core/Src/syscalls.o
                0x000000000800476e                _write
 .text._close   0x00000000080047a6       0x18 ./Core/Src/syscalls.o
                0x00000000080047a6                _close
 .text._fstat   0x00000000080047be       0x20 ./Core/Src/syscalls.o
                0x00000000080047be                _fstat
 .text._isatty  0x00000000080047de       0x16 ./Core/Src/syscalls.o
                0x00000000080047de                _isatty
 .text._lseek   0x00000000080047f4       0x1a ./Core/Src/syscalls.o
                0x00000000080047f4                _lseek
 *fill*         0x000000000800480e        0x2 
 .text._sbrk    0x0000000008004810       0x6c ./Core/Src/sysmem.o
                0x0000000008004810                _sbrk
 .text.SystemInit
                0x000000000800487c       0x24 ./Core/Src/system_stm32f4xx.o
                0x000000000800487c                SystemInit
 .text.getTemp3455
                0x00000000080048a0      0x104 ./Core/Src/thermosensors.o
                0x00000000080048a0                getTemp3455
 .text.getTempPt1000
                0x00000000080049a4       0xe4 ./Core/Src/thermosensors.o
                0x00000000080049a4                getTempPt1000
 .text.Reset_Handler
                0x0000000008004a88       0x50 ./Core/Startup/startup_stm32f407vetx.o
                0x0000000008004a88                Reset_Handler
 .text.Default_Handler
                0x0000000008004ad8        0x2 ./Core/Startup/startup_stm32f407vetx.o
                0x0000000008004ad8                RTC_Alarm_IRQHandler
                0x0000000008004ad8                HASH_RNG_IRQHandler
                0x0000000008004ad8                EXTI2_IRQHandler
                0x0000000008004ad8                TIM8_CC_IRQHandler
                0x0000000008004ad8                TIM1_CC_IRQHandler
                0x0000000008004ad8                DMA2_Stream5_IRQHandler
                0x0000000008004ad8                DMA1_Stream5_IRQHandler
                0x0000000008004ad8                PVD_IRQHandler
                0x0000000008004ad8                SDIO_IRQHandler
                0x0000000008004ad8                TAMP_STAMP_IRQHandler
                0x0000000008004ad8                CAN2_RX1_IRQHandler
                0x0000000008004ad8                EXTI3_IRQHandler
                0x0000000008004ad8                TIM8_TRG_COM_TIM14_IRQHandler
                0x0000000008004ad8                TIM8_UP_TIM13_IRQHandler
                0x0000000008004ad8                I2C3_ER_IRQHandler
                0x0000000008004ad8                EXTI0_IRQHandler
                0x0000000008004ad8                I2C2_EV_IRQHandler
                0x0000000008004ad8                DMA1_Stream2_IRQHandler
                0x0000000008004ad8                CAN1_RX0_IRQHandler
                0x0000000008004ad8                FPU_IRQHandler
                0x0000000008004ad8                OTG_HS_WKUP_IRQHandler
                0x0000000008004ad8                CAN2_SCE_IRQHandler
                0x0000000008004ad8                SPI1_IRQHandler
                0x0000000008004ad8                TIM1_BRK_TIM9_IRQHandler
                0x0000000008004ad8                DCMI_IRQHandler
                0x0000000008004ad8                CAN2_RX0_IRQHandler
                0x0000000008004ad8                DMA2_Stream3_IRQHandler
                0x0000000008004ad8                USART6_IRQHandler
                0x0000000008004ad8                USART3_IRQHandler
                0x0000000008004ad8                CAN1_RX1_IRQHandler
                0x0000000008004ad8                UART5_IRQHandler
                0x0000000008004ad8                TIM4_IRQHandler
                0x0000000008004ad8                I2C1_EV_IRQHandler
                0x0000000008004ad8                DMA1_Stream6_IRQHandler
                0x0000000008004ad8                DMA1_Stream1_IRQHandler
                0x0000000008004ad8                UART4_IRQHandler
                0x0000000008004ad8                TIM3_IRQHandler
                0x0000000008004ad8                RCC_IRQHandler
                0x0000000008004ad8                TIM8_BRK_TIM12_IRQHandler
                0x0000000008004ad8                Default_Handler
                0x0000000008004ad8                EXTI15_10_IRQHandler
                0x0000000008004ad8                ADC_IRQHandler
                0x0000000008004ad8                DMA1_Stream7_IRQHandler
                0x0000000008004ad8                TIM7_IRQHandler
                0x0000000008004ad8                CAN2_TX_IRQHandler
                0x0000000008004ad8                TIM5_IRQHandler
                0x0000000008004ad8                DMA2_Stream7_IRQHandler
                0x0000000008004ad8                I2C3_EV_IRQHandler
                0x0000000008004ad8                EXTI9_5_IRQHandler
                0x0000000008004ad8                RTC_WKUP_IRQHandler
                0x0000000008004ad8                ETH_WKUP_IRQHandler
                0x0000000008004ad8                SPI2_IRQHandler
                0x0000000008004ad8                OTG_HS_EP1_IN_IRQHandler
                0x0000000008004ad8                DMA1_Stream0_IRQHandler
                0x0000000008004ad8                CAN1_TX_IRQHandler
                0x0000000008004ad8                EXTI4_IRQHandler
                0x0000000008004ad8                FSMC_IRQHandler
                0x0000000008004ad8                ETH_IRQHandler
                0x0000000008004ad8                OTG_HS_EP1_OUT_IRQHandler
                0x0000000008004ad8                WWDG_IRQHandler
                0x0000000008004ad8                TIM2_IRQHandler
                0x0000000008004ad8                OTG_FS_WKUP_IRQHandler
                0x0000000008004ad8                TIM1_TRG_COM_TIM11_IRQHandler
                0x0000000008004ad8                OTG_HS_IRQHandler
                0x0000000008004ad8                EXTI1_IRQHandler
                0x0000000008004ad8                USART2_IRQHandler
                0x0000000008004ad8                I2C2_ER_IRQHandler
                0x0000000008004ad8                DMA2_Stream1_IRQHandler
                0x0000000008004ad8                CAN1_SCE_IRQHandler
                0x0000000008004ad8                FLASH_IRQHandler
                0x0000000008004ad8                DMA2_Stream4_IRQHandler
                0x0000000008004ad8                OTG_FS_IRQHandler
                0x0000000008004ad8                SPI3_IRQHandler
                0x0000000008004ad8                DMA1_Stream4_IRQHandler
                0x0000000008004ad8                I2C1_ER_IRQHandler
                0x0000000008004ad8                DMA2_Stream6_IRQHandler
                0x0000000008004ad8                DMA1_Stream3_IRQHandler
 *fill*         0x0000000008004ada        0x2 
 .text.HAL_Init
                0x0000000008004adc       0x44 ./Drivers/STM32F4xx_HAL_Driver/Src/stm32f4xx_hal.o
                0x0000000008004adc                HAL_Init
 .text.HAL_InitTick
                0x0000000008004b20       0x60 ./Drivers/STM32F4xx_HAL_Driver/Src/stm32f4xx_hal.o
                0x0000000008004b20                HAL_InitTick
 .text.HAL_IncTick
                0x0000000008004b80       0x28 ./Drivers/STM32F4xx_HAL_Driver/Src/stm32f4xx_hal.o
                0x0000000008004b80                HAL_IncTick
 .text.HAL_GetTick
                0x0000000008004ba8       0x18 ./Drivers/STM32F4xx_HAL_Driver/Src/stm32f4xx_hal.o
                0x0000000008004ba8                HAL_GetTick
 .text.HAL_ADC_Init
                0x0000000008004bc0       0x86 ./Drivers/STM32F4xx_HAL_Driver/Src/stm32f4xx_hal_adc.o
                0x0000000008004bc0                HAL_ADC_Init
 *fill*         0x0000000008004c46        0x2 
 .text.HAL_ADC_Start_DMA
                0x0000000008004c48      0x220 ./Drivers/STM32F4xx_HAL_Driver/Src/stm32f4xx_hal_adc.o
                0x0000000008004c48                HAL_ADC_Start_DMA
 .text.HAL_ADC_ConvCpltCallback
                0x0000000008004e68       0x14 ./Drivers/STM32F4xx_HAL_Driver/Src/stm32f4xx_hal_adc.o
                0x0000000008004e68                HAL_ADC_ConvCpltCallback
 .text.HAL_ADC_ConvHalfCpltCallback
                0x0000000008004e7c       0x14 ./Drivers/STM32F4xx_HAL_Driver/Src/stm32f4xx_hal_adc.o
                0x0000000008004e7c                HAL_ADC_ConvHalfCpltCallback
 .text.HAL_ADC_ErrorCallback
                0x0000000008004e90       0x14 ./Drivers/STM32F4xx_HAL_Driver/Src/stm32f4xx_hal_adc.o
                0x0000000008004e90                HAL_ADC_ErrorCallback
 .text.HAL_ADC_ConfigChannel
                0x0000000008004ea4      0x244 ./Drivers/STM32F4xx_HAL_Driver/Src/stm32f4xx_hal_adc.o
                0x0000000008004ea4                HAL_ADC_ConfigChannel
 .text.ADC_Init
                0x00000000080050e8      0x1f8 ./Drivers/STM32F4xx_HAL_Driver/Src/stm32f4xx_hal_adc.o
 .text.ADC_DMAConvCplt
                0x00000000080052e0       0xba ./Drivers/STM32F4xx_HAL_Driver/Src/stm32f4xx_hal_adc.o
 .text.ADC_DMAHalfConvCplt
                0x000000000800539a       0x1c ./Drivers/STM32F4xx_HAL_Driver/Src/stm32f4xx_hal_adc.o
 .text.ADC_DMAError
                0x00000000080053b6       0x2e ./Drivers/STM32F4xx_HAL_Driver/Src/stm32f4xx_hal_adc.o
 .text.__NVIC_SetPriorityGrouping
                0x00000000080053e4       0x48 ./Drivers/STM32F4xx_HAL_Driver/Src/stm32f4xx_hal_cortex.o
 .text.__NVIC_GetPriorityGrouping
                0x000000000800542c       0x1c ./Drivers/STM32F4xx_HAL_Driver/Src/stm32f4xx_hal_cortex.o
 .text.__NVIC_EnableIRQ
                0x0000000008005448       0x3c ./Drivers/STM32F4xx_HAL_Driver/Src/stm32f4xx_hal_cortex.o
 .text.__NVIC_SetPriority
                0x0000000008005484       0x54 ./Drivers/STM32F4xx_HAL_Driver/Src/stm32f4xx_hal_cortex.o
 .text.NVIC_EncodePriority
                0x00000000080054d8       0x66 ./Drivers/STM32F4xx_HAL_Driver/Src/stm32f4xx_hal_cortex.o
 *fill*         0x000000000800553e        0x2 
 .text.SysTick_Config
                0x0000000008005540       0x44 ./Drivers/STM32F4xx_HAL_Driver/Src/stm32f4xx_hal_cortex.o
 .text.HAL_NVIC_SetPriorityGrouping
                0x0000000008005584       0x16 ./Drivers/STM32F4xx_HAL_Driver/Src/stm32f4xx_hal_cortex.o
                0x0000000008005584                HAL_NVIC_SetPriorityGrouping
 .text.HAL_NVIC_SetPriority
                0x000000000800559a       0x38 ./Drivers/STM32F4xx_HAL_Driver/Src/stm32f4xx_hal_cortex.o
                0x000000000800559a                HAL_NVIC_SetPriority
 .text.HAL_NVIC_EnableIRQ
                0x00000000080055d2       0x1c ./Drivers/STM32F4xx_HAL_Driver/Src/stm32f4xx_hal_cortex.o
                0x00000000080055d2                HAL_NVIC_EnableIRQ
 .text.HAL_SYSTICK_Config
                0x00000000080055ee       0x18 ./Drivers/STM32F4xx_HAL_Driver/Src/stm32f4xx_hal_cortex.o
                0x00000000080055ee                HAL_SYSTICK_Config
 *fill*         0x0000000008005606        0x2 
 .text.HAL_DMA_Init
                0x0000000008005608      0x15c ./Drivers/STM32F4xx_HAL_Driver/Src/stm32f4xx_hal_dma.o
                0x0000000008005608                HAL_DMA_Init
 .text.HAL_DMA_Start_IT
                0x0000000008005764       0xb0 ./Drivers/STM32F4xx_HAL_Driver/Src/stm32f4xx_hal_dma.o
                0x0000000008005764                HAL_DMA_Start_IT
 .text.HAL_DMA_Abort
                0x0000000008005814       0xe0 ./Drivers/STM32F4xx_HAL_Driver/Src/stm32f4xx_hal_dma.o
                0x0000000008005814                HAL_DMA_Abort
 .text.HAL_DMA_Abort_IT
                0x00000000080058f4       0x44 ./Drivers/STM32F4xx_HAL_Driver/Src/stm32f4xx_hal_dma.o
                0x00000000080058f4                HAL_DMA_Abort_IT
 .text.HAL_DMA_IRQHandler
                0x0000000008005938      0x314 ./Drivers/STM32F4xx_HAL_Driver/Src/stm32f4xx_hal_dma.o
                0x0000000008005938                HAL_DMA_IRQHandler
 .text.DMA_SetConfig
                0x0000000008005c4c       0x5c ./Drivers/STM32F4xx_HAL_Driver/Src/stm32f4xx_hal_dma.o
 .text.DMA_CalcBaseAndBitshift
                0x0000000008005ca8       0x6c ./Drivers/STM32F4xx_HAL_Driver/Src/stm32f4xx_hal_dma.o
 .text.DMA_CheckFifoParam
                0x0000000008005d14       0xf8 ./Drivers/STM32F4xx_HAL_Driver/Src/stm32f4xx_hal_dma.o
 .text.HAL_GPIO_Init
                0x0000000008005e0c      0x338 ./Drivers/STM32F4xx_HAL_Driver/Src/stm32f4xx_hal_gpio.o
                0x0000000008005e0c                HAL_GPIO_Init
 .text.HAL_GPIO_WritePin
                0x0000000008006144       0x32 ./Drivers/STM32F4xx_HAL_Driver/Src/stm32f4xx_hal_gpio.o
                0x0000000008006144                HAL_GPIO_WritePin
 .text.HAL_IWDG_Init
                0x0000000008006176       0x84 ./Drivers/STM32F4xx_HAL_Driver/Src/stm32f4xx_hal_iwdg.o
                0x0000000008006176                HAL_IWDG_Init
 .text.HAL_IWDG_Refresh
                0x00000000080061fa       0x20 ./Drivers/STM32F4xx_HAL_Driver/Src/stm32f4xx_hal_iwdg.o
                0x00000000080061fa                HAL_IWDG_Refresh
 *fill*         0x000000000800621a        0x2 
 .text.HAL_RCC_OscConfig
                0x000000000800621c      0x4f0 ./Drivers/STM32F4xx_HAL_Driver/Src/stm32f4xx_hal_rcc.o
                0x000000000800621c                HAL_RCC_OscConfig
 .text.HAL_RCC_ClockConfig
                0x000000000800670c      0x1cc ./Drivers/STM32F4xx_HAL_Driver/Src/stm32f4xx_hal_rcc.o
                0x000000000800670c                HAL_RCC_ClockConfig
 .text.HAL_RCC_GetSysClockFreq
                0x00000000080068d8      0x20c ./Drivers/STM32F4xx_HAL_Driver/Src/stm32f4xx_hal_rcc.o
                0x00000000080068d8                HAL_RCC_GetSysClockFreq
 .text.HAL_RCC_GetHCLKFreq
                0x0000000008006ae4       0x18 ./Drivers/STM32F4xx_HAL_Driver/Src/stm32f4xx_hal_rcc.o
                0x0000000008006ae4                HAL_RCC_GetHCLKFreq
 .text.HAL_RCC_GetPCLK1Freq
                0x0000000008006afc       0x28 ./Drivers/STM32F4xx_HAL_Driver/Src/stm32f4xx_hal_rcc.o
                0x0000000008006afc                HAL_RCC_GetPCLK1Freq
 .text.HAL_RCC_GetPCLK2Freq
                0x0000000008006b24       0x28 ./Drivers/STM32F4xx_HAL_Driver/Src/stm32f4xx_hal_rcc.o
                0x0000000008006b24                HAL_RCC_GetPCLK2Freq
 .text.HAL_TIM_Base_Init
                0x0000000008006b4c       0x9e ./Drivers/STM32F4xx_HAL_Driver/Src/stm32f4xx_hal_tim.o
                0x0000000008006b4c                HAL_TIM_Base_Init
 *fill*         0x0000000008006bea        0x2 
 .text.HAL_TIM_Base_Start
                0x0000000008006bec       0xd0 ./Drivers/STM32F4xx_HAL_Driver/Src/stm32f4xx_hal_tim.o
                0x0000000008006bec                HAL_TIM_Base_Start
 .text.HAL_TIM_Base_Start_IT
                0x0000000008006cbc       0xe0 ./Drivers/STM32F4xx_HAL_Driver/Src/stm32f4xx_hal_tim.o
                0x0000000008006cbc                HAL_TIM_Base_Start_IT
 .text.HAL_TIM_PWM_Init
                0x0000000008006d9c       0x9e ./Drivers/STM32F4xx_HAL_Driver/Src/stm32f4xx_hal_tim.o
                0x0000000008006d9c                HAL_TIM_PWM_Init
 .text.HAL_TIM_PWM_MspInit
                0x0000000008006e3a       0x14 ./Drivers/STM32F4xx_HAL_Driver/Src/stm32f4xx_hal_tim.o
                0x0000000008006e3a                HAL_TIM_PWM_MspInit
 *fill*         0x0000000008006e4e        0x2 
 .text.HAL_TIM_PWM_Start
                0x0000000008006e50      0x190 ./Drivers/STM32F4xx_HAL_Driver/Src/stm32f4xx_hal_tim.o
                0x0000000008006e50                HAL_TIM_PWM_Start
 .text.HAL_TIM_IRQHandler
                0x0000000008006fe0      0x210 ./Drivers/STM32F4xx_HAL_Driver/Src/stm32f4xx_hal_tim.o
                0x0000000008006fe0                HAL_TIM_IRQHandler
 .text.HAL_TIM_PWM_ConfigChannel
                0x00000000080071f0      0x184 ./Drivers/STM32F4xx_HAL_Driver/Src/stm32f4xx_hal_tim.o
                0x00000000080071f0                HAL_TIM_PWM_ConfigChannel
 .text.HAL_TIM_ConfigClockSource
                0x0000000008007374      0x18e ./Drivers/STM32F4xx_HAL_Driver/Src/stm32f4xx_hal_tim.o
                0x0000000008007374                HAL_TIM_ConfigClockSource
 .text.HAL_TIM_OC_DelayElapsedCallback
                0x0000000008007502       0x14 ./Drivers/STM32F4xx_HAL_Driver/Src/stm32f4xx_hal_tim.o
                0x0000000008007502                HAL_TIM_OC_DelayElapsedCallback
 .text.HAL_TIM_IC_CaptureCallback
                0x0000000008007516       0x14 ./Drivers/STM32F4xx_HAL_Driver/Src/stm32f4xx_hal_tim.o
                0x0000000008007516                HAL_TIM_IC_CaptureCallback
 .text.HAL_TIM_PWM_PulseFinishedCallback
                0x000000000800752a       0x14 ./Drivers/STM32F4xx_HAL_Driver/Src/stm32f4xx_hal_tim.o
                0x000000000800752a                HAL_TIM_PWM_PulseFinishedCallback
 .text.HAL_TIM_TriggerCallback
                0x000000000800753e       0x14 ./Drivers/STM32F4xx_HAL_Driver/Src/stm32f4xx_hal_tim.o
                0x000000000800753e                HAL_TIM_TriggerCallback
 *fill*         0x0000000008007552        0x2 
 .text.TIM_Base_SetConfig
                0x0000000008007554      0x140 ./Drivers/STM32F4xx_HAL_Driver/Src/stm32f4xx_hal_tim.o
                0x0000000008007554                TIM_Base_SetConfig
 .text.TIM_OC1_SetConfig
                0x0000000008007694       0xe0 ./Drivers/STM32F4xx_HAL_Driver/Src/stm32f4xx_hal_tim.o
 .text.TIM_OC2_SetConfig
                0x0000000008007774       0xec ./Drivers/STM32F4xx_HAL_Driver/Src/stm32f4xx_hal_tim.o
                0x0000000008007774                TIM_OC2_SetConfig
 .text.TIM_OC3_SetConfig
                0x0000000008007860       0xe8 ./Drivers/STM32F4xx_HAL_Driver/Src/stm32f4xx_hal_tim.o
 .text.TIM_OC4_SetConfig
                0x0000000008007948       0xac ./Drivers/STM32F4xx_HAL_Driver/Src/stm32f4xx_hal_tim.o
 .text.TIM_TI1_ConfigInputStage
                0x00000000080079f4       0x5e ./Drivers/STM32F4xx_HAL_Driver/Src/stm32f4xx_hal_tim.o
 .text.TIM_TI2_ConfigInputStage
                0x0000000008007a52       0x60 ./Drivers/STM32F4xx_HAL_Driver/Src/stm32f4xx_hal_tim.o
 .text.TIM_ITRx_SetConfig
                0x0000000008007ab2       0x36 ./Drivers/STM32F4xx_HAL_Driver/Src/stm32f4xx_hal_tim.o
 .text.TIM_ETR_SetConfig
                0x0000000008007ae8       0x40 ./Drivers/STM32F4xx_HAL_Driver/Src/stm32f4xx_hal_tim.o
                0x0000000008007ae8                TIM_ETR_SetConfig
 .text.TIM_CCxChannelCmd
                0x0000000008007b28       0x4a ./Drivers/STM32F4xx_HAL_Driver/Src/stm32f4xx_hal_tim.o
                0x0000000008007b28                TIM_CCxChannelCmd
 *fill*         0x0000000008007b72        0x2 
 .text.HAL_TIMEx_MasterConfigSynchronization
                0x0000000008007b74       0xf8 ./Drivers/STM32F4xx_HAL_Driver/Src/stm32f4xx_hal_tim_ex.o
                0x0000000008007b74                HAL_TIMEx_MasterConfigSynchronization
 .text.HAL_TIMEx_ConfigBreakDeadTime
                0x0000000008007c6c       0xa4 ./Drivers/STM32F4xx_HAL_Driver/Src/stm32f4xx_hal_tim_ex.o
                0x0000000008007c6c                HAL_TIMEx_ConfigBreakDeadTime
 .text.HAL_TIMEx_CommutCallback
                0x0000000008007d10       0x14 ./Drivers/STM32F4xx_HAL_Driver/Src/stm32f4xx_hal_tim_ex.o
                0x0000000008007d10                HAL_TIMEx_CommutCallback
 .text.HAL_TIMEx_BreakCallback
                0x0000000008007d24       0x14 ./Drivers/STM32F4xx_HAL_Driver/Src/stm32f4xx_hal_tim_ex.o
                0x0000000008007d24                HAL_TIMEx_BreakCallback
 .text.HAL_UART_Init
                0x0000000008007d38       0x9a ./Drivers/STM32F4xx_HAL_Driver/Src/stm32f4xx_hal_uart.o
                0x0000000008007d38                HAL_UART_Init
 .text.HAL_UART_Transmit
                0x0000000008007dd2      0x124 ./Drivers/STM32F4xx_HAL_Driver/Src/stm32f4xx_hal_uart.o
                0x0000000008007dd2                HAL_UART_Transmit
 .text.HAL_UART_Receive_IT
                0x0000000008007ef6       0x60 ./Drivers/STM32F4xx_HAL_Driver/Src/stm32f4xx_hal_uart.o
                0x0000000008007ef6                HAL_UART_Receive_IT
 *fill*         0x0000000008007f56        0x2 
 .text.HAL_UART_IRQHandler
                0x0000000008007f58      0x51c ./Drivers/STM32F4xx_HAL_Driver/Src/stm32f4xx_hal_uart.o
                0x0000000008007f58                HAL_UART_IRQHandler
 .text.HAL_UART_TxCpltCallback
                0x0000000008008474       0x14 ./Drivers/STM32F4xx_HAL_Driver/Src/stm32f4xx_hal_uart.o
                0x0000000008008474                HAL_UART_TxCpltCallback
 .text.HAL_UART_ErrorCallback
                0x0000000008008488       0x14 ./Drivers/STM32F4xx_HAL_Driver/Src/stm32f4xx_hal_uart.o
                0x0000000008008488                HAL_UART_ErrorCallback
 .text.HAL_UARTEx_RxEventCallback
                0x000000000800849c       0x18 ./Drivers/STM32F4xx_HAL_Driver/Src/stm32f4xx_hal_uart.o
                0x000000000800849c                HAL_UARTEx_RxEventCallback
 .text.UART_WaitOnFlagUntilTimeout
                0x00000000080084b4       0xdc ./Drivers/STM32F4xx_HAL_Driver/Src/stm32f4xx_hal_uart.o
 .text.UART_Start_Receive_IT
                0x0000000008008590       0x7c ./Drivers/STM32F4xx_HAL_Driver/Src/stm32f4xx_hal_uart.o
                0x0000000008008590                UART_Start_Receive_IT
 .text.UART_EndRxTransfer
                0x000000000800860c       0xc6 ./Drivers/STM32F4xx_HAL_Driver/Src/stm32f4xx_hal_uart.o
 .text.UART_DMAAbortOnError
                0x00000000080086d2       0x28 ./Drivers/STM32F4xx_HAL_Driver/Src/stm32f4xx_hal_uart.o
 .text.UART_Transmit_IT
                0x00000000080086fa       0xa0 ./Drivers/STM32F4xx_HAL_Driver/Src/stm32f4xx_hal_uart.o
 .text.UART_EndTransmit_IT
                0x000000000800879a       0x30 ./Drivers/STM32F4xx_HAL_Driver/Src/stm32f4xx_hal_uart.o
 .text.UART_Receive_IT
                0x00000000080087ca      0x176 ./Drivers/STM32F4xx_HAL_Driver/Src/stm32f4xx_hal_uart.o
 .text.UART_SetConfig
                0x0000000008008940      0x4e8 ./Drivers/STM32F4xx_HAL_Driver/Src/stm32f4xx_hal_uart.o
 .text.__assert_func
                0x0000000008008e28       0x3c c:/st/stm32cubeide/stm32cubeide/plugins/com.st.stm32cube.ide.mcu.externaltools.gnu-tools-for-stm32.10.3-2021.10.win32_1.0.0.202111181127/tools/bin/../lib/gcc/arm-none-eabi/10.3.1/../../../../arm-none-eabi/lib/thumb/v7e-m+fp/hard\libc_nano.a(lib_a-assert.o)
                0x0000000008008e28                __assert_func
 .text.__errno  0x0000000008008e64        0xc c:/st/stm32cubeide/stm32cubeide/plugins/com.st.stm32cube.ide.mcu.externaltools.gnu-tools-for-stm32.10.3-2021.10.win32_1.0.0.202111181127/tools/bin/../lib/gcc/arm-none-eabi/10.3.1/../../../../arm-none-eabi/lib/thumb/v7e-m+fp/hard\libc_nano.a(lib_a-errno.o)
                0x0000000008008e64                __errno
 .text.fprintf  0x0000000008008e70       0x24 c:/st/stm32cubeide/stm32cubeide/plugins/com.st.stm32cube.ide.mcu.externaltools.gnu-tools-for-stm32.10.3-2021.10.win32_1.0.0.202111181127/tools/bin/../lib/gcc/arm-none-eabi/10.3.1/../../../../arm-none-eabi/lib/thumb/v7e-m+fp/hard\libc_nano.a(lib_a-fprintf.o)
                0x0000000008008e70                fiprintf
                0x0000000008008e70                fprintf
 .text.__libc_init_array
                0x0000000008008e94       0x48 c:/st/stm32cubeide/stm32cubeide/plugins/com.st.stm32cube.ide.mcu.externaltools.gnu-tools-for-stm32.10.3-2021.10.win32_1.0.0.202111181127/tools/bin/../lib/gcc/arm-none-eabi/10.3.1/../../../../arm-none-eabi/lib/thumb/v7e-m+fp/hard\libc_nano.a(lib_a-init.o)
                0x0000000008008e94                __libc_init_array
 .text.malloc   0x0000000008008edc       0x10 c:/st/stm32cubeide/stm32cubeide/plugins/com.st.stm32cube.ide.mcu.externaltools.gnu-tools-for-stm32.10.3-2021.10.win32_1.0.0.202111181127/tools/bin/../lib/gcc/arm-none-eabi/10.3.1/../../../../arm-none-eabi/lib/thumb/v7e-m+fp/hard\libc_nano.a(lib_a-malloc.o)
                0x0000000008008edc                malloc
 .text.free     0x0000000008008eec       0x10 c:/st/stm32cubeide/stm32cubeide/plugins/com.st.stm32cube.ide.mcu.externaltools.gnu-tools-for-stm32.10.3-2021.10.win32_1.0.0.202111181127/tools/bin/../lib/gcc/arm-none-eabi/10.3.1/../../../../arm-none-eabi/lib/thumb/v7e-m+fp/hard\libc_nano.a(lib_a-malloc.o)
                0x0000000008008eec                free
 .text.memset   0x0000000008008efc       0x10 c:/st/stm32cubeide/stm32cubeide/plugins/com.st.stm32cube.ide.mcu.externaltools.gnu-tools-for-stm32.10.3-2021.10.win32_1.0.0.202111181127/tools/bin/../lib/gcc/arm-none-eabi/10.3.1/../../../../arm-none-eabi/lib/thumb/v7e-m+fp/hard\libc_nano.a(lib_a-memset.o)
                0x0000000008008efc                memset
 .text._free_r  0x0000000008008f0c       0x98 c:/st/stm32cubeide/stm32cubeide/plugins/com.st.stm32cube.ide.mcu.externaltools.gnu-tools-for-stm32.10.3-2021.10.win32_1.0.0.202111181127/tools/bin/../lib/gcc/arm-none-eabi/10.3.1/../../../../arm-none-eabi/lib/thumb/v7e-m+fp/hard\libc_nano.a(lib_a-nano-freer.o)
                0x0000000008008f0c                _free_r
 .text.sbrk_aligned
                0x0000000008008fa4       0x40 c:/st/stm32cubeide/stm32cubeide/plugins/com.st.stm32cube.ide.mcu.externaltools.gnu-tools-for-stm32.10.3-2021.10.win32_1.0.0.202111181127/tools/bin/../lib/gcc/arm-none-eabi/10.3.1/../../../../arm-none-eabi/lib/thumb/v7e-m+fp/hard\libc_nano.a(lib_a-nano-mallocr.o)
 .text._malloc_r
                0x0000000008008fe4       0xe8 c:/st/stm32cubeide/stm32cubeide/plugins/com.st.stm32cube.ide.mcu.externaltools.gnu-tools-for-stm32.10.3-2021.10.win32_1.0.0.202111181127/tools/bin/../lib/gcc/arm-none-eabi/10.3.1/../../../../arm-none-eabi/lib/thumb/v7e-m+fp/hard\libc_nano.a(lib_a-nano-mallocr.o)
                0x0000000008008fe4                _malloc_r
 .text.__sfputc_r
                0x00000000080090cc       0x2e c:/st/stm32cubeide/stm32cubeide/plugins/com.st.stm32cube.ide.mcu.externaltools.gnu-tools-for-stm32.10.3-2021.10.win32_1.0.0.202111181127/tools/bin/../lib/gcc/arm-none-eabi/10.3.1/../../../../arm-none-eabi/lib/thumb/v7e-m+fp/hard\libc_nano.a(lib_a-nano-vfprintf.o)
 .text.__sfputs_r
                0x00000000080090fa       0x24 c:/st/stm32cubeide/stm32cubeide/plugins/com.st.stm32cube.ide.mcu.externaltools.gnu-tools-for-stm32.10.3-2021.10.win32_1.0.0.202111181127/tools/bin/../lib/gcc/arm-none-eabi/10.3.1/../../../../arm-none-eabi/lib/thumb/v7e-m+fp/hard\libc_nano.a(lib_a-nano-vfprintf.o)
                0x00000000080090fa                __sfputs_r
 *fill*         0x000000000800911e        0x2 
 .text._vfprintf_r
                0x0000000008009120      0x260 c:/st/stm32cubeide/stm32cubeide/plugins/com.st.stm32cube.ide.mcu.externaltools.gnu-tools-for-stm32.10.3-2021.10.win32_1.0.0.202111181127/tools/bin/../lib/gcc/arm-none-eabi/10.3.1/../../../../arm-none-eabi/lib/thumb/v7e-m+fp/hard\libc_nano.a(lib_a-nano-vfprintf.o)
                0x0000000008009120                _vfprintf_r
                0x0000000008009120                _vfiprintf_r
 .text.__cvt    0x0000000008009380       0xc4 c:/st/stm32cubeide/stm32cubeide/plugins/com.st.stm32cube.ide.mcu.externaltools.gnu-tools-for-stm32.10.3-2021.10.win32_1.0.0.202111181127/tools/bin/../lib/gcc/arm-none-eabi/10.3.1/../../../../arm-none-eabi/lib/thumb/v7e-m+fp/hard\libc_nano.a(lib_a-nano-vfprintf_float.o)
                0x0000000008009380                __cvt
 .text.__exponent
                0x0000000008009444       0x7c c:/st/stm32cubeide/stm32cubeide/plugins/com.st.stm32cube.ide.mcu.externaltools.gnu-tools-for-stm32.10.3-2021.10.win32_1.0.0.202111181127/tools/bin/../lib/gcc/arm-none-eabi/10.3.1/../../../../arm-none-eabi/lib/thumb/v7e-m+fp/hard\libc_nano.a(lib_a-nano-vfprintf_float.o)
                0x0000000008009444                __exponent
 .text._printf_float
                0x00000000080094c0      0x46c c:/st/stm32cubeide/stm32cubeide/plugins/com.st.stm32cube.ide.mcu.externaltools.gnu-tools-for-stm32.10.3-2021.10.win32_1.0.0.202111181127/tools/bin/../lib/gcc/arm-none-eabi/10.3.1/../../../../arm-none-eabi/lib/thumb/v7e-m+fp/hard\libc_nano.a(lib_a-nano-vfprintf_float.o)
                0x00000000080094c0                _printf_float
 .text._printf_common
                0x000000000800992c       0xda c:/st/stm32cubeide/stm32cubeide/plugins/com.st.stm32cube.ide.mcu.externaltools.gnu-tools-for-stm32.10.3-2021.10.win32_1.0.0.202111181127/tools/bin/../lib/gcc/arm-none-eabi/10.3.1/../../../../arm-none-eabi/lib/thumb/v7e-m+fp/hard\libc_nano.a(lib_a-nano-vfprintf_i.o)
                0x000000000800992c                _printf_common
 *fill*         0x0000000008009a06        0x2 
 .text._printf_i
                0x0000000008009a08      0x24c c:/st/stm32cubeide/stm32cubeide/plugins/com.st.stm32cube.ide.mcu.externaltools.gnu-tools-for-stm32.10.3-2021.10.win32_1.0.0.202111181127/tools/bin/../lib/gcc/arm-none-eabi/10.3.1/../../../../arm-none-eabi/lib/thumb/v7e-m+fp/hard\libc_nano.a(lib_a-nano-vfprintf_i.o)
                0x0000000008009a08                _printf_i
 .text._scanf_float
                0x0000000008009c54      0x420 c:/st/stm32cubeide/stm32cubeide/plugins/com.st.stm32cube.ide.mcu.externaltools.gnu-tools-for-stm32.10.3-2021.10.win32_1.0.0.202111181127/tools/bin/../lib/gcc/arm-none-eabi/10.3.1/../../../../arm-none-eabi/lib/thumb/v7e-m+fp/hard\libc_nano.a(lib_a-nano-vfscanf_float.o)
                0x0000000008009c54                _scanf_float
 .text.putchar  0x000000000800a074       0x2c c:/st/stm32cubeide/stm32cubeide/plugins/com.st.stm32cube.ide.mcu.externaltools.gnu-tools-for-stm32.10.3-2021.10.win32_1.0.0.202111181127/tools/bin/../lib/gcc/arm-none-eabi/10.3.1/../../../../arm-none-eabi/lib/thumb/v7e-m+fp/hard\libc_nano.a(lib_a-putchar.o)
                0x000000000800a074                putchar
 .text._sbrk_r  0x000000000800a0a0       0x20 c:/st/stm32cubeide/stm32cubeide/plugins/com.st.stm32cube.ide.mcu.externaltools.gnu-tools-for-stm32.10.3-2021.10.win32_1.0.0.202111181127/tools/bin/../lib/gcc/arm-none-eabi/10.3.1/../../../../arm-none-eabi/lib/thumb/v7e-m+fp/hard\libc_nano.a(lib_a-sbrkr.o)
                0x000000000800a0a0                _sbrk_r
 .text.nanf     0x000000000800a0c0        0xc c:/st/stm32cubeide/stm32cubeide/plugins/com.st.stm32cube.ide.mcu.externaltools.gnu-tools-for-stm32.10.3-2021.10.win32_1.0.0.202111181127/tools/bin/../lib/gcc/arm-none-eabi/10.3.1/../../../../arm-none-eabi/lib/thumb/v7e-m+fp/hard\libc_nano.a(lib_a-sf_nan.o)
                0x000000000800a0c0                nanf
 .text.sprintf  0x000000000800a0cc       0x40 c:/st/stm32cubeide/stm32cubeide/plugins/com.st.stm32cube.ide.mcu.externaltools.gnu-tools-for-stm32.10.3-2021.10.win32_1.0.0.202111181127/tools/bin/../lib/gcc/arm-none-eabi/10.3.1/../../../../arm-none-eabi/lib/thumb/v7e-m+fp/hard\libc_nano.a(lib_a-sprintf.o)
                0x000000000800a0cc                siprintf
                0x000000000800a0cc                sprintf
 .text.sscanf   0x000000000800a10c       0x58 c:/st/stm32cubeide/stm32cubeide/plugins/com.st.stm32cube.ide.mcu.externaltools.gnu-tools-for-stm32.10.3-2021.10.win32_1.0.0.202111181127/tools/bin/../lib/gcc/arm-none-eabi/10.3.1/../../../../arm-none-eabi/lib/thumb/v7e-m+fp/hard\libc_nano.a(lib_a-sscanf.o)
                0x000000000800a10c                siscanf
                0x000000000800a10c                sscanf
 .text.__sread  0x000000000800a164       0x22 c:/st/stm32cubeide/stm32cubeide/plugins/com.st.stm32cube.ide.mcu.externaltools.gnu-tools-for-stm32.10.3-2021.10.win32_1.0.0.202111181127/tools/bin/../lib/gcc/arm-none-eabi/10.3.1/../../../../arm-none-eabi/lib/thumb/v7e-m+fp/hard\libc_nano.a(lib_a-stdio.o)
                0x000000000800a164                __sread
 .text.__seofread
                0x000000000800a186        0x4 c:/st/stm32cubeide/stm32cubeide/plugins/com.st.stm32cube.ide.mcu.externaltools.gnu-tools-for-stm32.10.3-2021.10.win32_1.0.0.202111181127/tools/bin/../lib/gcc/arm-none-eabi/10.3.1/../../../../arm-none-eabi/lib/thumb/v7e-m+fp/hard\libc_nano.a(lib_a-stdio.o)
                0x000000000800a186                __seofread
 .text.__swrite
                0x000000000800a18a       0x38 c:/st/stm32cubeide/stm32cubeide/plugins/com.st.stm32cube.ide.mcu.externaltools.gnu-tools-for-stm32.10.3-2021.10.win32_1.0.0.202111181127/tools/bin/../lib/gcc/arm-none-eabi/10.3.1/../../../../arm-none-eabi/lib/thumb/v7e-m+fp/hard\libc_nano.a(lib_a-stdio.o)
                0x000000000800a18a                __swrite
 .text.__sseek  0x000000000800a1c2       0x24 c:/st/stm32cubeide/stm32cubeide/plugins/com.st.stm32cube.ide.mcu.externaltools.gnu-tools-for-stm32.10.3-2021.10.win32_1.0.0.202111181127/tools/bin/../lib/gcc/arm-none-eabi/10.3.1/../../../../arm-none-eabi/lib/thumb/v7e-m+fp/hard\libc_nano.a(lib_a-stdio.o)
                0x000000000800a1c2                __sseek
 .text.__sclose
                0x000000000800a1e6        0x8 c:/st/stm32cubeide/stm32cubeide/plugins/com.st.stm32cube.ide.mcu.externaltools.gnu-tools-for-stm32.10.3-2021.10.win32_1.0.0.202111181127/tools/bin/../lib/gcc/arm-none-eabi/10.3.1/../../../../arm-none-eabi/lib/thumb/v7e-m+fp/hard\libc_nano.a(lib_a-stdio.o)
                0x000000000800a1e6                __sclose
 *fill*         0x000000000800a1ee        0x2 
 .text.strdup   0x000000000800a1f0       0x10 c:/st/stm32cubeide/stm32cubeide/plugins/com.st.stm32cube.ide.mcu.externaltools.gnu-tools-for-stm32.10.3-2021.10.win32_1.0.0.202111181127/tools/bin/../lib/gcc/arm-none-eabi/10.3.1/../../../../arm-none-eabi/lib/thumb/v7e-m+fp/hard\libc_nano.a(lib_a-strdup.o)
                0x000000000800a1f0                strdup
 .text._strdup_r
                0x000000000800a200       0x2a c:/st/stm32cubeide/stm32cubeide/plugins/com.st.stm32cube.ide.mcu.externaltools.gnu-tools-for-stm32.10.3-2021.10.win32_1.0.0.202111181127/tools/bin/../lib/gcc/arm-none-eabi/10.3.1/../../../../arm-none-eabi/lib/thumb/v7e-m+fp/hard\libc_nano.a(lib_a-strdup_r.o)
                0x000000000800a200                _strdup_r
 .text.sulp     0x000000000800a22a       0x38 c:/st/stm32cubeide/stm32cubeide/plugins/com.st.stm32cube.ide.mcu.externaltools.gnu-tools-for-stm32.10.3-2021.10.win32_1.0.0.202111181127/tools/bin/../lib/gcc/arm-none-eabi/10.3.1/../../../../arm-none-eabi/lib/thumb/v7e-m+fp/hard\libc_nano.a(lib_a-strtod.o)
 *fill*         0x000000000800a262        0x6 
 .text._strtod_l
                0x000000000800a268      0xc0c c:/st/stm32cubeide/stm32cubeide/plugins/com.st.stm32cube.ide.mcu.externaltools.gnu-tools-for-stm32.10.3-2021.10.win32_1.0.0.202111181127/tools/bin/../lib/gcc/arm-none-eabi/10.3.1/../../../../arm-none-eabi/lib/thumb/v7e-m+fp/hard\libc_nano.a(lib_a-strtod.o)
                0x000000000800a268                _strtod_l
 .text._strtod_r
                0x000000000800ae74        0xc c:/st/stm32cubeide/stm32cubeide/plugins/com.st.stm32cube.ide.mcu.externaltools.gnu-tools-for-stm32.10.3-2021.10.win32_1.0.0.202111181127/tools/bin/../lib/gcc/arm-none-eabi/10.3.1/../../../../arm-none-eabi/lib/thumb/v7e-m+fp/hard\libc_nano.a(lib_a-strtod.o)
                0x000000000800ae74                _strtod_r
 .text.strtok   0x000000000800ae80       0x68 c:/st/stm32cubeide/stm32cubeide/plugins/com.st.stm32cube.ide.mcu.externaltools.gnu-tools-for-stm32.10.3-2021.10.win32_1.0.0.202111181127/tools/bin/../lib/gcc/arm-none-eabi/10.3.1/../../../../arm-none-eabi/lib/thumb/v7e-m+fp/hard\libc_nano.a(lib_a-strtok.o)
                0x000000000800ae80                strtok
 .text.__strtok_r
                0x000000000800aee8       0x50 c:/st/stm32cubeide/stm32cubeide/plugins/com.st.stm32cube.ide.mcu.externaltools.gnu-tools-for-stm32.10.3-2021.10.win32_1.0.0.202111181127/tools/bin/../lib/gcc/arm-none-eabi/10.3.1/../../../../arm-none-eabi/lib/thumb/v7e-m+fp/hard\libc_nano.a(lib_a-strtok_r.o)
                0x000000000800aee8                __strtok_r
 .text._strtol_l.constprop.0
                0x000000000800af38      0x104 c:/st/stm32cubeide/stm32cubeide/plugins/com.st.stm32cube.ide.mcu.externaltools.gnu-tools-for-stm32.10.3-2021.10.win32_1.0.0.202111181127/tools/bin/../lib/gcc/arm-none-eabi/10.3.1/../../../../arm-none-eabi/lib/thumb/v7e-m+fp/hard\libc_nano.a(lib_a-strtol.o)
 .text._strtol_r
                0x000000000800b03c        0x4 c:/st/stm32cubeide/stm32cubeide/plugins/com.st.stm32cube.ide.mcu.externaltools.gnu-tools-for-stm32.10.3-2021.10.win32_1.0.0.202111181127/tools/bin/../lib/gcc/arm-none-eabi/10.3.1/../../../../arm-none-eabi/lib/thumb/v7e-m+fp/hard\libc_nano.a(lib_a-strtol.o)
                0x000000000800b03c                _strtol_r
 .text.__swbuf_r
                0x000000000800b040       0xa4 c:/st/stm32cubeide/stm32cubeide/plugins/com.st.stm32cube.ide.mcu.externaltools.gnu-tools-for-stm32.10.3-2021.10.win32_1.0.0.202111181127/tools/bin/../lib/gcc/arm-none-eabi/10.3.1/../../../../arm-none-eabi/lib/thumb/v7e-m+fp/hard\libc_nano.a(lib_a-wbuf.o)
                0x000000000800b040                __swbuf_r
 .text._write_r
                0x000000000800b0e4       0x24 c:/st/stm32cubeide/stm32cubeide/plugins/com.st.stm32cube.ide.mcu.externaltools.gnu-tools-for-stm32.10.3-2021.10.win32_1.0.0.202111181127/tools/bin/../lib/gcc/arm-none-eabi/10.3.1/../../../../arm-none-eabi/lib/thumb/v7e-m+fp/hard\libc_nano.a(lib_a-writer.o)
                0x000000000800b0e4                _write_r
 .text.__swsetup_r
                0x000000000800b108       0xdc c:/st/stm32cubeide/stm32cubeide/plugins/com.st.stm32cube.ide.mcu.externaltools.gnu-tools-for-stm32.10.3-2021.10.win32_1.0.0.202111181127/tools/bin/../lib/gcc/arm-none-eabi/10.3.1/../../../../arm-none-eabi/lib/thumb/v7e-m+fp/hard\libc_nano.a(lib_a-wsetup.o)
                0x000000000800b108                __swsetup_r
 .text.abort    0x000000000800b1e4        0xe c:/st/stm32cubeide/stm32cubeide/plugins/com.st.stm32cube.ide.mcu.externaltools.gnu-tools-for-stm32.10.3-2021.10.win32_1.0.0.202111181127/tools/bin/../lib/gcc/arm-none-eabi/10.3.1/../../../../arm-none-eabi/lib/thumb/v7e-m+fp/hard\libc_nano.a(lib_a-abort.o)
                0x000000000800b1e4                abort
 *fill*         0x000000000800b1f2        0x2 
 .text._close_r
                0x000000000800b1f4       0x20 c:/st/stm32cubeide/stm32cubeide/plugins/com.st.stm32cube.ide.mcu.externaltools.gnu-tools-for-stm32.10.3-2021.10.win32_1.0.0.202111181127/tools/bin/../lib/gcc/arm-none-eabi/10.3.1/../../../../arm-none-eabi/lib/thumb/v7e-m+fp/hard\libc_nano.a(lib_a-closer.o)
                0x000000000800b1f4                _close_r
 .text.quorem   0x000000000800b214      0x116 c:/st/stm32cubeide/stm32cubeide/plugins/com.st.stm32cube.ide.mcu.externaltools.gnu-tools-for-stm32.10.3-2021.10.win32_1.0.0.202111181127/tools/bin/../lib/gcc/arm-none-eabi/10.3.1/../../../../arm-none-eabi/lib/thumb/v7e-m+fp/hard\libc_nano.a(lib_a-dtoa.o)
 *fill*         0x000000000800b32a        0x6 
 .text._dtoa_r  0x000000000800b330      0xbdc c:/st/stm32cubeide/stm32cubeide/plugins/com.st.stm32cube.ide.mcu.externaltools.gnu-tools-for-stm32.10.3-2021.10.win32_1.0.0.202111181127/tools/bin/../lib/gcc/arm-none-eabi/10.3.1/../../../../arm-none-eabi/lib/thumb/v7e-m+fp/hard\libc_nano.a(lib_a-dtoa.o)
                0x000000000800b330                _dtoa_r
 .text.__sflush_r
                0x000000000800bf0c      0x10c c:/st/stm32cubeide/stm32cubeide/plugins/com.st.stm32cube.ide.mcu.externaltools.gnu-tools-for-stm32.10.3-2021.10.win32_1.0.0.202111181127/tools/bin/../lib/gcc/arm-none-eabi/10.3.1/../../../../arm-none-eabi/lib/thumb/v7e-m+fp/hard\libc_nano.a(lib_a-fflush.o)
                0x000000000800bf0c                __sflush_r
 .text._fflush_r
                0x000000000800c018       0x78 c:/st/stm32cubeide/stm32cubeide/plugins/com.st.stm32cube.ide.mcu.externaltools.gnu-tools-for-stm32.10.3-2021.10.win32_1.0.0.202111181127/tools/bin/../lib/gcc/arm-none-eabi/10.3.1/../../../../arm-none-eabi/lib/thumb/v7e-m+fp/hard\libc_nano.a(lib_a-fflush.o)
                0x000000000800c018                _fflush_r
 .text.std      0x000000000800c090       0x48 c:/st/stm32cubeide/stm32cubeide/plugins/com.st.stm32cube.ide.mcu.externaltools.gnu-tools-for-stm32.10.3-2021.10.win32_1.0.0.202111181127/tools/bin/../lib/gcc/arm-none-eabi/10.3.1/../../../../arm-none-eabi/lib/thumb/v7e-m+fp/hard\libc_nano.a(lib_a-findfp.o)
 .text._cleanup_r
                0x000000000800c0d8        0xc c:/st/stm32cubeide/stm32cubeide/plugins/com.st.stm32cube.ide.mcu.externaltools.gnu-tools-for-stm32.10.3-2021.10.win32_1.0.0.202111181127/tools/bin/../lib/gcc/arm-none-eabi/10.3.1/../../../../arm-none-eabi/lib/thumb/v7e-m+fp/hard\libc_nano.a(lib_a-findfp.o)
                0x000000000800c0d8                _cleanup_r
 .text.__sfmoreglue
                0x000000000800c0e4       0x2c c:/st/stm32cubeide/stm32cubeide/plugins/com.st.stm32cube.ide.mcu.externaltools.gnu-tools-for-stm32.10.3-2021.10.win32_1.0.0.202111181127/tools/bin/../lib/gcc/arm-none-eabi/10.3.1/../../../../arm-none-eabi/lib/thumb/v7e-m+fp/hard\libc_nano.a(lib_a-findfp.o)
                0x000000000800c0e4                __sfmoreglue
 .text.__sfp_lock_acquire
                0x000000000800c110        0xc c:/st/stm32cubeide/stm32cubeide/plugins/com.st.stm32cube.ide.mcu.externaltools.gnu-tools-for-stm32.10.3-2021.10.win32_1.0.0.202111181127/tools/bin/../lib/gcc/arm-none-eabi/10.3.1/../../../../arm-none-eabi/lib/thumb/v7e-m+fp/hard\libc_nano.a(lib_a-findfp.o)
                0x000000000800c110                __sfp_lock_acquire
 .text.__sfp_lock_release
                0x000000000800c11c        0xc c:/st/stm32cubeide/stm32cubeide/plugins/com.st.stm32cube.ide.mcu.externaltools.gnu-tools-for-stm32.10.3-2021.10.win32_1.0.0.202111181127/tools/bin/../lib/gcc/arm-none-eabi/10.3.1/../../../../arm-none-eabi/lib/thumb/v7e-m+fp/hard\libc_nano.a(lib_a-findfp.o)
                0x000000000800c11c                __sfp_lock_release
 .text.__sinit_lock_acquire
                0x000000000800c128        0xc c:/st/stm32cubeide/stm32cubeide/plugins/com.st.stm32cube.ide.mcu.externaltools.gnu-tools-for-stm32.10.3-2021.10.win32_1.0.0.202111181127/tools/bin/../lib/gcc/arm-none-eabi/10.3.1/../../../../arm-none-eabi/lib/thumb/v7e-m+fp/hard\libc_nano.a(lib_a-findfp.o)
                0x000000000800c128                __sinit_lock_acquire
 .text.__sinit_lock_release
                0x000000000800c134        0xc c:/st/stm32cubeide/stm32cubeide/plugins/com.st.stm32cube.ide.mcu.externaltools.gnu-tools-for-stm32.10.3-2021.10.win32_1.0.0.202111181127/tools/bin/../lib/gcc/arm-none-eabi/10.3.1/../../../../arm-none-eabi/lib/thumb/v7e-m+fp/hard\libc_nano.a(lib_a-findfp.o)
                0x000000000800c134                __sinit_lock_release
 .text.__sinit  0x000000000800c140       0x70 c:/st/stm32cubeide/stm32cubeide/plugins/com.st.stm32cube.ide.mcu.externaltools.gnu-tools-for-stm32.10.3-2021.10.win32_1.0.0.202111181127/tools/bin/../lib/gcc/arm-none-eabi/10.3.1/../../../../arm-none-eabi/lib/thumb/v7e-m+fp/hard\libc_nano.a(lib_a-findfp.o)
                0x000000000800c140                __sinit
 .text.__sfp    0x000000000800c1b0       0x8c c:/st/stm32cubeide/stm32cubeide/plugins/com.st.stm32cube.ide.mcu.externaltools.gnu-tools-for-stm32.10.3-2021.10.win32_1.0.0.202111181127/tools/bin/../lib/gcc/arm-none-eabi/10.3.1/../../../../arm-none-eabi/lib/thumb/v7e-m+fp/hard\libc_nano.a(lib_a-findfp.o)
                0x000000000800c1b0                __sfp
 .text._fwalk_reent
                0x000000000800c23c       0x3e c:/st/stm32cubeide/stm32cubeide/plugins/com.st.stm32cube.ide.mcu.externaltools.gnu-tools-for-stm32.10.3-2021.10.win32_1.0.0.202111181127/tools/bin/../lib/gcc/arm-none-eabi/10.3.1/../../../../arm-none-eabi/lib/thumb/v7e-m+fp/hard\libc_nano.a(lib_a-fwalk.o)
                0x000000000800c23c                _fwalk_reent
 .text.rshift   0x000000000800c27a       0xa4 c:/st/stm32cubeide/stm32cubeide/plugins/com.st.stm32cube.ide.mcu.externaltools.gnu-tools-for-stm32.10.3-2021.10.win32_1.0.0.202111181127/tools/bin/../lib/gcc/arm-none-eabi/10.3.1/../../../../arm-none-eabi/lib/thumb/v7e-m+fp/hard\libc_nano.a(lib_a-gdtoa-gethex.o)
 .text.__hexdig_fun
                0x000000000800c31e       0x2a c:/st/stm32cubeide/stm32cubeide/plugins/com.st.stm32cube.ide.mcu.externaltools.gnu-tools-for-stm32.10.3-2021.10.win32_1.0.0.202111181127/tools/bin/../lib/gcc/arm-none-eabi/10.3.1/../../../../arm-none-eabi/lib/thumb/v7e-m+fp/hard\libc_nano.a(lib_a-gdtoa-gethex.o)
                0x000000000800c31e                __hexdig_fun
 .text.__gethex
                0x000000000800c348      0x48c c:/st/stm32cubeide/stm32cubeide/plugins/com.st.stm32cube.ide.mcu.externaltools.gnu-tools-for-stm32.10.3-2021.10.win32_1.0.0.202111181127/tools/bin/../lib/gcc/arm-none-eabi/10.3.1/../../../../arm-none-eabi/lib/thumb/v7e-m+fp/hard\libc_nano.a(lib_a-gdtoa-gethex.o)
                0x000000000800c348                __gethex
 .text.L_shift  0x000000000800c7d4       0x24 c:/st/stm32cubeide/stm32cubeide/plugins/com.st.stm32cube.ide.mcu.externaltools.gnu-tools-for-stm32.10.3-2021.10.win32_1.0.0.202111181127/tools/bin/../lib/gcc/arm-none-eabi/10.3.1/../../../../arm-none-eabi/lib/thumb/v7e-m+fp/hard\libc_nano.a(lib_a-gdtoa-hexnan.o)
 .text.__match  0x000000000800c7f8       0x28 c:/st/stm32cubeide/stm32cubeide/plugins/com.st.stm32cube.ide.mcu.externaltools.gnu-tools-for-stm32.10.3-2021.10.win32_1.0.0.202111181127/tools/bin/../lib/gcc/arm-none-eabi/10.3.1/../../../../arm-none-eabi/lib/thumb/v7e-m+fp/hard\libc_nano.a(lib_a-gdtoa-hexnan.o)
                0x000000000800c7f8                __match
 .text.__hexnan
                0x000000000800c820      0x138 c:/st/stm32cubeide/stm32cubeide/plugins/com.st.stm32cube.ide.mcu.externaltools.gnu-tools-for-stm32.10.3-2021.10.win32_1.0.0.202111181127/tools/bin/../lib/gcc/arm-none-eabi/10.3.1/../../../../arm-none-eabi/lib/thumb/v7e-m+fp/hard\libc_nano.a(lib_a-gdtoa-hexnan.o)
                0x000000000800c820                __hexnan
 .text._localeconv_r
                0x000000000800c958        0x8 c:/st/stm32cubeide/stm32cubeide/plugins/com.st.stm32cube.ide.mcu.externaltools.gnu-tools-for-stm32.10.3-2021.10.win32_1.0.0.202111181127/tools/bin/../lib/gcc/arm-none-eabi/10.3.1/../../../../arm-none-eabi/lib/thumb/v7e-m+fp/hard\libc_nano.a(lib_a-localeconv.o)
                0x000000000800c958                _localeconv_r
 .text.__retarget_lock_init_recursive
                0x000000000800c960        0x2 c:/st/stm32cubeide/stm32cubeide/plugins/com.st.stm32cube.ide.mcu.externaltools.gnu-tools-for-stm32.10.3-2021.10.win32_1.0.0.202111181127/tools/bin/../lib/gcc/arm-none-eabi/10.3.1/../../../../arm-none-eabi/lib/thumb/v7e-m+fp/hard\libc_nano.a(lib_a-lock.o)
                0x000000000800c960                __retarget_lock_init_recursive
 .text.__retarget_lock_acquire_recursive
                0x000000000800c962        0x2 c:/st/stm32cubeide/stm32cubeide/plugins/com.st.stm32cube.ide.mcu.externaltools.gnu-tools-for-stm32.10.3-2021.10.win32_1.0.0.202111181127/tools/bin/../lib/gcc/arm-none-eabi/10.3.1/../../../../arm-none-eabi/lib/thumb/v7e-m+fp/hard\libc_nano.a(lib_a-lock.o)
                0x000000000800c962                __retarget_lock_acquire_recursive
 .text.__retarget_lock_release_recursive
                0x000000000800c964        0x2 c:/st/stm32cubeide/stm32cubeide/plugins/com.st.stm32cube.ide.mcu.externaltools.gnu-tools-for-stm32.10.3-2021.10.win32_1.0.0.202111181127/tools/bin/../lib/gcc/arm-none-eabi/10.3.1/../../../../arm-none-eabi/lib/thumb/v7e-m+fp/hard\libc_nano.a(lib_a-lock.o)
                0x000000000800c964                __retarget_lock_release_recursive
 *fill*         0x000000000800c966        0x2 
 .text._lseek_r
                0x000000000800c968       0x24 c:/st/stm32cubeide/stm32cubeide/plugins/com.st.stm32cube.ide.mcu.externaltools.gnu-tools-for-stm32.10.3-2021.10.win32_1.0.0.202111181127/tools/bin/../lib/gcc/arm-none-eabi/10.3.1/../../../../arm-none-eabi/lib/thumb/v7e-m+fp/hard\libc_nano.a(lib_a-lseekr.o)
                0x000000000800c968                _lseek_r
 .text.__swhatbuf_r
                0x000000000800c98c       0x4a c:/st/stm32cubeide/stm32cubeide/plugins/com.st.stm32cube.ide.mcu.externaltools.gnu-tools-for-stm32.10.3-2021.10.win32_1.0.0.202111181127/tools/bin/../lib/gcc/arm-none-eabi/10.3.1/../../../../arm-none-eabi/lib/thumb/v7e-m+fp/hard\libc_nano.a(lib_a-makebuf.o)
                0x000000000800c98c                __swhatbuf_r
 *fill*         0x000000000800c9d6        0x2 
 .text.__smakebuf_r
                0x000000000800c9d8       0x80 c:/st/stm32cubeide/stm32cubeide/plugins/com.st.stm32cube.ide.mcu.externaltools.gnu-tools-for-stm32.10.3-2021.10.win32_1.0.0.202111181127/tools/bin/../lib/gcc/arm-none-eabi/10.3.1/../../../../arm-none-eabi/lib/thumb/v7e-m+fp/hard\libc_nano.a(lib_a-makebuf.o)
                0x000000000800c9d8                __smakebuf_r
 .text.__ascii_mbtowc
                0x000000000800ca58       0x24 c:/st/stm32cubeide/stm32cubeide/plugins/com.st.stm32cube.ide.mcu.externaltools.gnu-tools-for-stm32.10.3-2021.10.win32_1.0.0.202111181127/tools/bin/../lib/gcc/arm-none-eabi/10.3.1/../../../../arm-none-eabi/lib/thumb/v7e-m+fp/hard\libc_nano.a(lib_a-mbtowc_r.o)
                0x000000000800ca58                __ascii_mbtowc
 .text.memcpy   0x000000000800ca7c       0x1c c:/st/stm32cubeide/stm32cubeide/plugins/com.st.stm32cube.ide.mcu.externaltools.gnu-tools-for-stm32.10.3-2021.10.win32_1.0.0.202111181127/tools/bin/../lib/gcc/arm-none-eabi/10.3.1/../../../../arm-none-eabi/lib/thumb/v7e-m+fp/hard\libc_nano.a(lib_a-memcpy-stub.o)
                0x000000000800ca7c                memcpy
 .text.memmove  0x000000000800ca98       0x34 c:/st/stm32cubeide/stm32cubeide/plugins/com.st.stm32cube.ide.mcu.externaltools.gnu-tools-for-stm32.10.3-2021.10.win32_1.0.0.202111181127/tools/bin/../lib/gcc/arm-none-eabi/10.3.1/../../../../arm-none-eabi/lib/thumb/v7e-m+fp/hard\libc_nano.a(lib_a-memmove.o)
                0x000000000800ca98                memmove
 .text.__malloc_lock
                0x000000000800cacc        0xc c:/st/stm32cubeide/stm32cubeide/plugins/com.st.stm32cube.ide.mcu.externaltools.gnu-tools-for-stm32.10.3-2021.10.win32_1.0.0.202111181127/tools/bin/../lib/gcc/arm-none-eabi/10.3.1/../../../../arm-none-eabi/lib/thumb/v7e-m+fp/hard\libc_nano.a(lib_a-mlock.o)
                0x000000000800cacc                __malloc_lock
 .text.__malloc_unlock
                0x000000000800cad8        0xc c:/st/stm32cubeide/stm32cubeide/plugins/com.st.stm32cube.ide.mcu.externaltools.gnu-tools-for-stm32.10.3-2021.10.win32_1.0.0.202111181127/tools/bin/../lib/gcc/arm-none-eabi/10.3.1/../../../../arm-none-eabi/lib/thumb/v7e-m+fp/hard\libc_nano.a(lib_a-mlock.o)
                0x000000000800cad8                __malloc_unlock
 .text._Balloc  0x000000000800cae4       0x80 c:/st/stm32cubeide/stm32cubeide/plugins/com.st.stm32cube.ide.mcu.externaltools.gnu-tools-for-stm32.10.3-2021.10.win32_1.0.0.202111181127/tools/bin/../lib/gcc/arm-none-eabi/10.3.1/../../../../arm-none-eabi/lib/thumb/v7e-m+fp/hard\libc_nano.a(lib_a-mprec.o)
                0x000000000800cae4                _Balloc
 .text._Bfree   0x000000000800cb64       0x44 c:/st/stm32cubeide/stm32cubeide/plugins/com.st.stm32cube.ide.mcu.externaltools.gnu-tools-for-stm32.10.3-2021.10.win32_1.0.0.202111181127/tools/bin/../lib/gcc/arm-none-eabi/10.3.1/../../../../arm-none-eabi/lib/thumb/v7e-m+fp/hard\libc_nano.a(lib_a-mprec.o)
                0x000000000800cb64                _Bfree
 .text.__multadd
                0x000000000800cba8       0x8c c:/st/stm32cubeide/stm32cubeide/plugins/com.st.stm32cube.ide.mcu.externaltools.gnu-tools-for-stm32.10.3-2021.10.win32_1.0.0.202111181127/tools/bin/../lib/gcc/arm-none-eabi/10.3.1/../../../../arm-none-eabi/lib/thumb/v7e-m+fp/hard\libc_nano.a(lib_a-mprec.o)
                0x000000000800cba8                __multadd
 .text.__s2b    0x000000000800cc34       0x94 c:/st/stm32cubeide/stm32cubeide/plugins/com.st.stm32cube.ide.mcu.externaltools.gnu-tools-for-stm32.10.3-2021.10.win32_1.0.0.202111181127/tools/bin/../lib/gcc/arm-none-eabi/10.3.1/../../../../arm-none-eabi/lib/thumb/v7e-m+fp/hard\libc_nano.a(lib_a-mprec.o)
                0x000000000800cc34                __s2b
 .text.__hi0bits
                0x000000000800ccc8       0x40 c:/st/stm32cubeide/stm32cubeide/plugins/com.st.stm32cube.ide.mcu.externaltools.gnu-tools-for-stm32.10.3-2021.10.win32_1.0.0.202111181127/tools/bin/../lib/gcc/arm-none-eabi/10.3.1/../../../../arm-none-eabi/lib/thumb/v7e-m+fp/hard\libc_nano.a(lib_a-mprec.o)
                0x000000000800ccc8                __hi0bits
 .text.__lo0bits
                0x000000000800cd08       0x5e c:/st/stm32cubeide/stm32cubeide/plugins/com.st.stm32cube.ide.mcu.externaltools.gnu-tools-for-stm32.10.3-2021.10.win32_1.0.0.202111181127/tools/bin/../lib/gcc/arm-none-eabi/10.3.1/../../../../arm-none-eabi/lib/thumb/v7e-m+fp/hard\libc_nano.a(lib_a-mprec.o)
                0x000000000800cd08                __lo0bits
 *fill*         0x000000000800cd66        0x2 
 .text.__i2b    0x000000000800cd68       0x2c c:/st/stm32cubeide/stm32cubeide/plugins/com.st.stm32cube.ide.mcu.externaltools.gnu-tools-for-stm32.10.3-2021.10.win32_1.0.0.202111181127/tools/bin/../lib/gcc/arm-none-eabi/10.3.1/../../../../arm-none-eabi/lib/thumb/v7e-m+fp/hard\libc_nano.a(lib_a-mprec.o)
                0x000000000800cd68                __i2b
 .text.__multiply
                0x000000000800cd94      0x154 c:/st/stm32cubeide/stm32cubeide/plugins/com.st.stm32cube.ide.mcu.externaltools.gnu-tools-for-stm32.10.3-2021.10.win32_1.0.0.202111181127/tools/bin/../lib/gcc/arm-none-eabi/10.3.1/../../../../arm-none-eabi/lib/thumb/v7e-m+fp/hard\libc_nano.a(lib_a-mprec.o)
                0x000000000800cd94                __multiply
 .text.__pow5mult
                0x000000000800cee8       0xb4 c:/st/stm32cubeide/stm32cubeide/plugins/com.st.stm32cube.ide.mcu.externaltools.gnu-tools-for-stm32.10.3-2021.10.win32_1.0.0.202111181127/tools/bin/../lib/gcc/arm-none-eabi/10.3.1/../../../../arm-none-eabi/lib/thumb/v7e-m+fp/hard\libc_nano.a(lib_a-mprec.o)
                0x000000000800cee8                __pow5mult
 .text.__lshift
                0x000000000800cf9c       0xe0 c:/st/stm32cubeide/stm32cubeide/plugins/com.st.stm32cube.ide.mcu.externaltools.gnu-tools-for-stm32.10.3-2021.10.win32_1.0.0.202111181127/tools/bin/../lib/gcc/arm-none-eabi/10.3.1/../../../../arm-none-eabi/lib/thumb/v7e-m+fp/hard\libc_nano.a(lib_a-mprec.o)
                0x000000000800cf9c                __lshift
 .text.__mcmp   0x000000000800d07c       0x38 c:/st/stm32cubeide/stm32cubeide/plugins/com.st.stm32cube.ide.mcu.externaltools.gnu-tools-for-stm32.10.3-2021.10.win32_1.0.0.202111181127/tools/bin/../lib/gcc/arm-none-eabi/10.3.1/../../../../arm-none-eabi/lib/thumb/v7e-m+fp/hard\libc_nano.a(lib_a-mprec.o)
                0x000000000800d07c                __mcmp
 .text.__mdiff  0x000000000800d0b4      0x114 c:/st/stm32cubeide/stm32cubeide/plugins/com.st.stm32cube.ide.mcu.externaltools.gnu-tools-for-stm32.10.3-2021.10.win32_1.0.0.202111181127/tools/bin/../lib/gcc/arm-none-eabi/10.3.1/../../../../arm-none-eabi/lib/thumb/v7e-m+fp/hard\libc_nano.a(lib_a-mprec.o)
                0x000000000800d0b4                __mdiff
 .text.__ulp    0x000000000800d1c8       0x58 c:/st/stm32cubeide/stm32cubeide/plugins/com.st.stm32cube.ide.mcu.externaltools.gnu-tools-for-stm32.10.3-2021.10.win32_1.0.0.202111181127/tools/bin/../lib/gcc/arm-none-eabi/10.3.1/../../../../arm-none-eabi/lib/thumb/v7e-m+fp/hard\libc_nano.a(lib_a-mprec.o)
                0x000000000800d1c8                __ulp
 .text.__b2d    0x000000000800d220       0xa0 c:/st/stm32cubeide/stm32cubeide/plugins/com.st.stm32cube.ide.mcu.externaltools.gnu-tools-for-stm32.10.3-2021.10.win32_1.0.0.202111181127/tools/bin/../lib/gcc/arm-none-eabi/10.3.1/../../../../arm-none-eabi/lib/thumb/v7e-m+fp/hard\libc_nano.a(lib_a-mprec.o)
                0x000000000800d220                __b2d