Archive member included to satisfy reference by file (symbol)

c:/st/stm32cubeide/stm32cubeide/plugins/com.st.stm32cube.ide.mcu.externaltools.gnu-tools-for-stm32.10.3-2021.10.win32_1.0.100.202210260954/tools/bin/../lib/gcc/arm-none-eabi/10.3.1/../../../../arm-none-eabi/lib/thumb/v7e-m+fp/hard\libc_nano.a(lib_a-assert.o)
                              ./Core/Src/UARTCommunication.o (__assert_func)
c:/st/stm32cubeide/stm32cubeide/plugins/com.st.stm32cube.ide.mcu.externaltools.gnu-tools-for-stm32.10.3-2021.10.win32_1.0.100.202210260954/tools/bin/../lib/gcc/arm-none-eabi/10.3.1/../../../../arm-none-eabi/lib/thumb/v7e-m+fp/hard\libc_nano.a(lib_a-errno.o)
                              ./Core/Src/syscalls.o (__errno)
c:/st/stm32cubeide/stm32cubeide/plugins/com.st.stm32cube.ide.mcu.externaltools.gnu-tools-for-stm32.10.3-2021.10.win32_1.0.100.202210260954/tools/bin/../lib/gcc/arm-none-eabi/10.3.1/../../../../arm-none-eabi/lib/thumb/v7e-m+fp/hard\libc_nano.a(lib_a-exit.o)
                              c:/st/stm32cubeide/stm32cubeide/plugins/com.st.stm32cube.ide.mcu.externaltools.gnu-tools-for-stm32.10.3-2021.10.win32_1.0.100.202210260954/tools/bin/../lib/gcc/arm-none-eabi/10.3.1/../../../../arm-none-eabi/lib/thumb/v7e-m+fp/hard/crt0.o (exit)
c:/st/stm32cubeide/stm32cubeide/plugins/com.st.stm32cube.ide.mcu.externaltools.gnu-tools-for-stm32.10.3-2021.10.win32_1.0.100.202210260954/tools/bin/../lib/gcc/arm-none-eabi/10.3.1/../../../../arm-none-eabi/lib/thumb/v7e-m+fp/hard\libc_nano.a(lib_a-fprintf.o)
                              c:/st/stm32cubeide/stm32cubeide/plugins/com.st.stm32cube.ide.mcu.externaltools.gnu-tools-for-stm32.10.3-2021.10.win32_1.0.100.202210260954/tools/bin/../lib/gcc/arm-none-eabi/10.3.1/../../../../arm-none-eabi/lib/thumb/v7e-m+fp/hard\libc_nano.a(lib_a-assert.o) (fiprintf)
c:/st/stm32cubeide/stm32cubeide/plugins/com.st.stm32cube.ide.mcu.externaltools.gnu-tools-for-stm32.10.3-2021.10.win32_1.0.100.202210260954/tools/bin/../lib/gcc/arm-none-eabi/10.3.1/../../../../arm-none-eabi/lib/thumb/v7e-m+fp/hard\libc_nano.a(lib_a-impure.o)
                              c:/st/stm32cubeide/stm32cubeide/plugins/com.st.stm32cube.ide.mcu.externaltools.gnu-tools-for-stm32.10.3-2021.10.win32_1.0.100.202210260954/tools/bin/../lib/gcc/arm-none-eabi/10.3.1/../../../../arm-none-eabi/lib/thumb/v7e-m+fp/hard\libc_nano.a(lib_a-exit.o) (_global_impure_ptr)
c:/st/stm32cubeide/stm32cubeide/plugins/com.st.stm32cube.ide.mcu.externaltools.gnu-tools-for-stm32.10.3-2021.10.win32_1.0.100.202210260954/tools/bin/../lib/gcc/arm-none-eabi/10.3.1/../../../../arm-none-eabi/lib/thumb/v7e-m+fp/hard\libc_nano.a(lib_a-init.o)
                              c:/st/stm32cubeide/stm32cubeide/plugins/com.st.stm32cube.ide.mcu.externaltools.gnu-tools-for-stm32.10.3-2021.10.win32_1.0.100.202210260954/tools/bin/../lib/gcc/arm-none-eabi/10.3.1/../../../../arm-none-eabi/lib/thumb/v7e-m+fp/hard/crt0.o (__libc_init_array)
c:/st/stm32cubeide/stm32cubeide/plugins/com.st.stm32cube.ide.mcu.externaltools.gnu-tools-for-stm32.10.3-2021.10.win32_1.0.100.202210260954/tools/bin/../lib/gcc/arm-none-eabi/10.3.1/../../../../arm-none-eabi/lib/thumb/v7e-m+fp/hard\libc_nano.a(lib_a-malloc.o)
                              ./Core/Src/UARTCommunication.o (malloc)
c:/st/stm32cubeide/stm32cubeide/plugins/com.st.stm32cube.ide.mcu.externaltools.gnu-tools-for-stm32.10.3-2021.10.win32_1.0.100.202210260954/tools/bin/../lib/gcc/arm-none-eabi/10.3.1/../../../../arm-none-eabi/lib/thumb/v7e-m+fp/hard\libc_nano.a(lib_a-memset.o)
                              c:/st/stm32cubeide/stm32cubeide/plugins/com.st.stm32cube.ide.mcu.externaltools.gnu-tools-for-stm32.10.3-2021.10.win32_1.0.100.202210260954/tools/bin/../lib/gcc/arm-none-eabi/10.3.1/../../../../arm-none-eabi/lib/thumb/v7e-m+fp/hard/crt0.o (memset)
c:/st/stm32cubeide/stm32cubeide/plugins/com.st.stm32cube.ide.mcu.externaltools.gnu-tools-for-stm32.10.3-2021.10.win32_1.0.100.202210260954/tools/bin/../lib/gcc/arm-none-eabi/10.3.1/../../../../arm-none-eabi/lib/thumb/v7e-m+fp/hard\libc_nano.a(lib_a-nano-freer.o)
                              c:/st/stm32cubeide/stm32cubeide/plugins/com.st.stm32cube.ide.mcu.externaltools.gnu-tools-for-stm32.10.3-2021.10.win32_1.0.100.202210260954/tools/bin/../lib/gcc/arm-none-eabi/10.3.1/../../../../arm-none-eabi/lib/thumb/v7e-m+fp/hard\libc_nano.a(lib_a-malloc.o) (_free_r)
c:/st/stm32cubeide/stm32cubeide/plugins/com.st.stm32cube.ide.mcu.externaltools.gnu-tools-for-stm32.10.3-2021.10.win32_1.0.100.202210260954/tools/bin/../lib/gcc/arm-none-eabi/10.3.1/../../../../arm-none-eabi/lib/thumb/v7e-m+fp/hard\libc_nano.a(lib_a-nano-mallocr.o)
                              c:/st/stm32cubeide/stm32cubeide/plugins/com.st.stm32cube.ide.mcu.externaltools.gnu-tools-for-stm32.10.3-2021.10.win32_1.0.100.202210260954/tools/bin/../lib/gcc/arm-none-eabi/10.3.1/../../../../arm-none-eabi/lib/thumb/v7e-m+fp/hard\libc_nano.a(lib_a-malloc.o) (_malloc_r)
[...]
Memory Configuration

Name             Origin             Length             Attributes
CCMRAM           0x0000000010000000 0x0000000000010000 xrw
RAM              0x0000000020000000 0x0000000000020000 xrw
FLASH            0x0000000008000000 0x0000000000080000 xr
*default*        0x0000000000000000 0xffffffffffffffff

Linker script and memory map

LOAD c:/st/stm32cubeide/stm32cubeide/plugins/com.st.stm32cube.ide.mcu.externaltools.gnu-tools-for-stm32.10.3-2021.10.win32_1.0.100.202210260954/tools/bin/../lib/gcc/arm-none-eabi/10.3.1/thumb/v7e-m+fp/hard/crti.o
LOAD c:/st/stm32cubeide/stm32cubeide/plugins/com.st.stm32cube.ide.mcu.externaltools.gnu-tools-for-stm32.10.3-2021.10.win32_1.0.100.202210260954/tools/bin/../lib/gcc/arm-none-eabi/10.3.1/thumb/v7e-m+fp/hard/crtbegin.o
LOAD c:/st/stm32cubeide/stm32cubeide/plugins/com.st.stm32cube.ide.mcu.externaltools.gnu-tools-for-stm32.10.3-2021.10.win32_1.0.100.202210260954/tools/bin/../lib/gcc/arm-none-eabi/10.3.1/../../../../arm-none-eabi/lib/thumb/v7e-m+fp/hard/crt0.o
LOAD ./Core/Src/PID.o
LOAD ./Core/Src/Parameters.o
LOAD ./Core/Src/UARTCommunication.o
LOAD ./Core/Src/eeprom.o
LOAD ./Core/Src/flashManag.o
LOAD ./Core/Src/main.o
LOAD ./Core/Src/stm32f4xx_hal_msp.o
LOAD ./Core/Src/stm32f4xx_it.o
LOAD ./Core/Src/syscalls.o
LOAD ./Core/Src/sysmem.o
LOAD ./Core/Src/system_stm32f4xx.o
LOAD ./Core/Src/thermosensors.o
LOAD ./Core/Startup/startup_stm32f407vetx.o
LOAD ./Drivers/STM32F4xx_HAL_Driver/Src/stm32f4xx_hal.o
LOAD ./Drivers/STM32F4xx_HAL_Driver/Src/stm32f4xx_hal_adc.o
LOAD ./Drivers/STM32F4xx_HAL_Driver/Src/stm32f4xx_hal_adc_ex.o
LOAD ./Drivers/STM32F4xx_HAL_Driver/Src/stm32f4xx_hal_cortex.o
LOAD ./Drivers/STM32F4xx_HAL_Driver/Src/stm32f4xx_hal_dma.o
LOAD ./Drivers/STM32F4xx_HAL_Driver/Src/stm32f4xx_hal_dma_ex.o
LOAD ./Drivers/STM32F4xx_HAL_Driver/Src/stm32f4xx_hal_exti.o
LOAD ./Drivers/STM32F4xx_HAL_Driver/Src/stm32f4xx_hal_flash.o
LOAD ./Drivers/STM32F4xx_HAL_Driver/Src/stm32f4xx_hal_flash_ex.o
LOAD ./Drivers/STM32F4xx_HAL_Driver/Src/stm32f4xx_hal_flash_ramfunc.o
LOAD ./Drivers/STM32F4xx_HAL_Driver/Src/stm32f4xx_hal_gpio.o
LOAD ./Drivers/STM32F4xx_HAL_Driver/Src/stm32f4xx_hal_iwdg.o
LOAD ./Drivers/STM32F4xx_HAL_Driver/Src/stm32f4xx_hal_pwr.o
LOAD ./Drivers/STM32F4xx_HAL_Driver/Src/stm32f4xx_hal_pwr_ex.o
LOAD ./Drivers/STM32F4xx_HAL_Driver/Src/stm32f4xx_hal_rcc.o
LOAD ./Drivers/STM32F4xx_HAL_Driver/Src/stm32f4xx_hal_rcc_ex.o
LOAD ./Drivers/STM32F4xx_HAL_Driver/Src/stm32f4xx_hal_tim.o
LOAD ./Drivers/STM32F4xx_HAL_Driver/Src/stm32f4xx_hal_tim_ex.o
LOAD ./Drivers/STM32F4xx_HAL_Driver/Src/stm32f4xx_hal_uart.o
LOAD ./Drivers/STM32F4xx_HAL_Driver/Src/stm32f4xx_ll_adc.o
START GROUP
LOAD c:/st/stm32cubeide/stm32cubeide/plugins/com.st.stm32cube.ide.mcu.externaltools.gnu-tools-for-stm32.10.3-2021.10.win32_1.0.100.202210260954/tools/bin/../lib/gcc/arm-none-eabi/10.3.1/../../../../arm-none-eabi/lib/thumb/v7e-m+fp/hard\libc_nano.a
LOAD c:/st/stm32cubeide/stm32cubeide/plugins/com.st.stm32cube.ide.mcu.externaltools.gnu-tools-for-stm32.10.3-2021.10.win32_1.0.100.202210260954/tools/bin/../lib/gcc/arm-none-eabi/10.3.1/../../../../arm-none-eabi/lib/thumb/v7e-m+fp/hard\libm.a
END GROUP
START GROUP
LOAD c:/st/stm32cubeide/stm32cubeide/plugins/com.st.stm32cube.ide.mcu.externaltools.gnu-tools-for-stm32.10.3-2021.10.win32_1.0.100.202210260954/tools/bin/../lib/gcc/arm-none-eabi/10.3.1/thumb/v7e-m+fp/hard\libgcc.a
LOAD c:/st/stm32cubeide/stm32cubeide/plugins/com.st.stm32cube.ide.mcu.externaltools.gnu-tools-for-stm32.10.3-2021.10.win32_1.0.100.202210260954/tools/bin/../lib/gcc/arm-none-eabi/10.3.1/../../../../arm-none-eabi/lib/thumb/v7e-m+fp/hard\libc_nano.a
END GROUP
START GROUP
LOAD c:/st/stm32cubeide/stm32cubeide/plugins/com.st.stm32cube.ide.mcu.externaltools.gnu-tools-for-stm32.10.3-2021.10.win32_1.0.100.202210260954/tools/bin/../lib/gcc/arm-none-eabi/10.3.1/thumb/v7e-m+fp/hard\libgcc.a
LOAD c:/st/stm32cubeide/stm32cubeide/plugins/com.st.stm32cube.ide.mcu.externaltools.gnu-tools-for-stm32.10.3-2021.10.win32_1.0.100.202210260954/tools/bin/../lib/gcc/arm-none-eabi/10.3.1/../../../../arm-none-eabi/lib/thumb/v7e-m+fp/hard\libc_nano.a
LOAD c:/st/stm32cubeide/stm32cubeide/plugins/com.st.stm32cube.ide.mcu.externaltools.gnu-tools-for-stm32.10.3-2021.10.win32_1.0.100.202210260954/tools/bin/../lib/gcc/arm-none-eabi/10.3.1/../../../../arm-none-eabi/lib/thumb/v7e-m+fp/hard\libnosys.a
END GROUP
START GROUP
LOAD c:/st/stm32cubeide/stm32cubeide/plugins/com.st.stm32cube.ide.mcu.externaltools.gnu-tools-for-stm32.10.3-2021.10.win32_1.0.100.202210260954/tools/bin/../lib/gcc/arm-none-eabi/10.3.1/thumb/v7e-m+fp/hard\libgcc.a
LOAD c:/st/stm32cubeide/stm32cubeide/plugins/com.st.stm32cube.ide.mcu.externaltools.gnu-tools-for-stm32.10.3-2021.10.win32_1.0.100.202210260954/tools/bin/../lib/gcc/arm-none-eabi/10.3.1/../../../../arm-none-eabi/lib/thumb/v7e-m+fp/hard\libc_nano.a
LOAD c:/st/stm32cubeide/stm32cubeide/plugins/com.st.stm32cube.ide.mcu.externaltools.gnu-tools-for-stm32.10.3-2021.10.win32_1.0.100.202210260954/tools/bin/../lib/gcc/arm-none-eabi/10.3.1/../../../../arm-none-eabi/lib/thumb/v7e-m+fp/hard\libnosys.a
END GROUP
LOAD c:/st/stm32cubeide/stm32cubeide/plugins/com.st.stm32cube.ide.mcu.externaltools.gnu-tools-for-stm32.10.3-2021.10.win32_1.0.100.202210260954/tools/bin/../lib/gcc/arm-none-eabi/10.3.1/thumb/v7e-m+fp/hard/crtend.o
LOAD c:/st/stm32cubeide/stm32cubeide/plugins/com.st.stm32cube.ide.mcu.externaltools.gnu-tools-for-stm32.10.3-2021.10.win32_1.0.100.202210260954/tools/bin/../lib/gcc/arm-none-eabi/10.3.1/thumb/v7e-m+fp/hard/crtn.o
                0x0000000020020000                _estack = (ORIGIN (RAM) + LENGTH (RAM))
                0x0000000000000200                _Min_Heap_Size = 0x200
                0x0000000000000400                _Min_Stack_Size = 0x400

.isr_vector     0x0000000008000000      0x188
                0x0000000008000000                . = ALIGN (0x4)
 *(.isr_vector)
 .isr_vector    0x0000000008000000      0x188 ./Core/Startup/startup_stm32f407vetx.o
                0x0000000008000000                g_pfnVectors
                0x0000000008000188                . = ALIGN (0x4)

.text           0x0000000008000190    0x1010c
                0x0000000008000190                . = ALIGN (0x4)
 *(.text)
 .text          0x0000000008000190       0x40 c:/st/stm32cubeide/stm32cubeide/plugins/com.st.stm32cube.ide.mcu.externaltools.gnu-tools-for-stm32.10.3-2021.10.win32_1.0.100.202210260954/tools/bin/../lib/gcc/arm-none-eabi/10.3.1/thumb/v7e-m+fp/hard/crtbegin.o
 .text          0x00000000080001d0       0x14 c:/st/stm32cubeide/stm32cubeide/plugins/com.st.stm32cube.ide.mcu.externaltools.gnu-tools-for-stm32.10.3-2021.10.win32_1.0.100.202210260954/tools/bin/../lib/gcc/arm-none-eabi/10.3.1/../../../../arm-none-eabi/lib/thumb/v7e-m+fp/hard\libc_nano.a(lib_a-strcmp.o)
                0x00000000080001d0                strcmp
 .text          0x00000000080001e4       0x10 c:/st/stm32cubeide/stm32cubeide/plugins/com.st.stm32cube.ide.mcu.externaltools.gnu-tools-for-stm32.10.3-2021.10.win32_1.0.100.202210260954/tools/bin/../lib/gcc/arm-none-eabi/10.3.1/../../../../arm-none-eabi/lib/thumb/v7e-m+fp/hard\libc_nano.a(lib_a-strlen.o)
                0x00000000080001e4                strlen
 *fill*         0x00000000080001f4        0xc 
 .text          0x0000000008000200       0xa0 c:/st/stm32cubeide/stm32cubeide/plugins/com.st.stm32cube.ide.mcu.externaltools.gnu-tools-for-stm32.10.3-2021.10.win32_1.0.100.202210260954/tools/bin/../lib/gcc/arm-none-eabi/10.3.1/../../../../arm-none-eabi/lib/thumb/v7e-m+fp/hard\libc_nano.a(lib_a-memchr.o)
                0x0000000008000200                memchr
 .text          0x00000000080002a0      0x378 c:/st/stm32cubeide/stm32cubeide/plugins/com.st.stm32cube.ide.mcu.externaltools.gnu-tools-for-stm32.10.3-2021.10.win32_1.0.100.202210260954/tools/bin/../lib/gcc/arm-none-eabi/10.3.1/thumb/v7e-m+fp/hard\libgcc.a(_arm_addsubdf3.o)
                0x00000000080002a0                __aeabi_drsub
                0x00000000080002a8                __aeabi_dsub
                0x00000000080002a8                __subdf3
                0x00000000080002ac                __aeabi_dadd
                0x00000000080002ac                __adddf3
                0x0000000008000524                __floatunsidf
                0x0000000008000524                __aeabi_ui2d
                0x0000000008000544                __floatsidf
                0x0000000008000544                __aeabi_i2d
                0x0000000008000568                __aeabi_f2d
                0x0000000008000568                __extendsfdf2
                0x00000000080005ac                __floatundidf
                0x00000000080005ac                __aeabi_ul2d
                0x00000000080005bc                __floatdidf
                0x00000000080005bc                __aeabi_l2d
 .text          0x0000000008000618      0x424 c:/st/stm32cubeide/stm32cubeide/plugins/com.st.stm32cube.ide.mcu.externaltools.gnu-tools-for-stm32.10.3-2021.10.win32_1.0.100.202210260954/tools/bin/../lib/gcc/arm-none-eabi/10.3.1/thumb/v7e-m+fp/hard\libgcc.a(_arm_muldivdf3.o)
                0x0000000008000618                __aeabi_dmul
                0x0000000008000618                __muldf3
                0x000000000800086c                __divdf3
                0x000000000800086c                __aeabi_ddiv
 .text          0x0000000008000a3c      0x110 c:/st/stm32cubeide/stm32cubeide/plugins/com.st.stm32cube.ide.mcu.externaltools.gnu-tools-for-stm32.10.3-2021.10.win32_1.0.100.202210260954/tools/bin/../lib/gcc/arm-none-eabi/10.3.1/thumb/v7e-m+fp/hard\libgcc.a(_arm_cmpdf2.o)
                0x0000000008000a3c                __gtdf2
                0x0000000008000a3c                __gedf2
                0x0000000008000a44                __ltdf2
                0x0000000008000a44                __ledf2
                0x0000000008000a4c                __nedf2
                0x0000000008000a4c                __eqdf2
                0x0000000008000a4c                __cmpdf2
                0x0000000008000ac8                __aeabi_cdrcmple
                0x0000000008000ad8                __aeabi_cdcmpeq
                0x0000000008000ad8                __aeabi_cdcmple
                0x0000000008000ae8                __aeabi_dcmpeq
                0x0000000008000afc                __aeabi_dcmplt
                0x0000000008000b10                __aeabi_dcmple
                0x0000000008000b24                __aeabi_dcmpge
                0x0000000008000b38                __aeabi_dcmpgt
 .text          0x0000000008000b4c       0x2c c:/st/stm32cubeide/stm32cubeide/plugins/com.st.stm32cube.ide.mcu.externaltools.gnu-tools-for-stm32.10.3-2021.10.win32_1.0.100.202210260954/tools/bin/../lib/gcc/arm-none-eabi/10.3.1/thumb/v7e-m+fp/hard\libgcc.a(_arm_unorddf2.o)
                0x0000000008000b4c                __unorddf2
                0x0000000008000b4c                __aeabi_dcmpun
 .text          0x0000000008000b78       0x50 c:/st/stm32cubeide/stm32cubeide/plugins/com.st.stm32cube.ide.mcu.externaltools.gnu-tools-for-stm32.10.3-2021.10.win32_1.0.100.202210260954/tools/bin/../lib/gcc/arm-none-eabi/10.3.1/thumb/v7e-m+fp/hard\libgcc.a(_arm_fixdfsi.o)
                0x0000000008000b78                __aeabi_d2iz
                0x0000000008000b78                __fixdfsi
 .text          0x0000000008000bc8       0x40 c:/st/stm32cubeide/stm32cubeide/plugins/com.st.stm32cube.ide.mcu.externaltools.gnu-tools-for-stm32.10.3-2021.10.win32_1.0.100.202210260954/tools/bin/../lib/gcc/arm-none-eabi/10.3.1/thumb/v7e-m+fp/hard\libgcc.a(_arm_fixunsdfsi.o)
                0x0000000008000bc8                __aeabi_d2uiz
                0x0000000008000bc8                __fixunsdfsi
 .text          0x0000000008000c08       0xa0 c:/st/stm32cubeide/stm32cubeide/plugins/com.st.stm32cube.ide.mcu.externaltools.gnu-tools-for-stm32.10.3-2021.10.win32_1.0.100.202210260954/tools/bin/../lib/gcc/arm-none-eabi/10.3.1/thumb/v7e-m+fp/hard\libgcc.a(_arm_truncdfsf2.o)
                0x0000000008000c08                __truncdfsf2
                0x0000000008000c08                __aeabi_d2f
 .text          0x0000000008000ca8       0x30 c:/st/stm32cubeide/stm32cubeide/plugins/com.st.stm32cube.ide.mcu.externaltools.gnu-tools-for-stm32.10.3-2021.10.win32_1.0.100.202210260954/tools/bin/../lib/gcc/arm-none-eabi/10.3.1/thumb/v7e-m+fp/hard\libgcc.a(_aeabi_uldivmod.o)
                0x0000000008000ca8                __aeabi_uldivmod
 .text          0x0000000008000cd8       0x30 c:/st/stm32cubeide/stm32cubeide/plugins/com.st.stm32cube.ide.mcu.externaltools.gnu-tools-for-stm32.10.3-2021.10.win32_1.0.100.202210260954/tools/bin/../lib/gcc/arm-none-eabi/10.3.1/thumb/v7e-m+fp/hard\libgcc.a(_fixdfdi.o)
                0x0000000008000cd8                __fixdfdi
                0x0000000008000cd8                __aeabi_d2lz
 .text          0x0000000008000d08       0x3c c:/st/stm32cubeide/stm32cubeide/plugins/com.st.stm32cube.ide.mcu.externaltools.gnu-tools-for-stm32.10.3-2021.10.win32_1.0.100.202210260954/tools/bin/../lib/gcc/arm-none-eabi/10.3.1/thumb/v7e-m+fp/hard\libgcc.a(_fixunsdfdi.o)
                0x0000000008000d08                __fixunsdfdi
                0x0000000008000d08                __aeabi_d2ulz
 .text          0x0000000008000d44      0x2d0 c:/st/stm32cubeide/stm32cubeide/plugins/com.st.stm32cube.ide.mcu.externaltools.gnu-tools-for-stm32.10.3-2021.10.win32_1.0.100.202210260954/tools/bin/../lib/gcc/arm-none-eabi/10.3.1/thumb/v7e-m+fp/hard\libgcc.a(_udivmoddi4.o)
                0x0000000008000d44                __udivmoddi4
 .text          0x0000000008001014        0x4 c:/st/stm32cubeide/stm32cubeide/plugins/com.st.stm32cube.ide.mcu.externaltools.gnu-tools-for-stm32.10.3-2021.10.win32_1.0.100.202210260954/tools/bin/../lib/gcc/arm-none-eabi/10.3.1/thumb/v7e-m+fp/hard\libgcc.a(_dvmd_tls.o)
                0x0000000008001014                __aeabi_idiv0
                0x0000000008001014                __aeabi_ldiv0
 *(.text*)
 .text.limitPID
                0x0000000008001018       0x5c ./Core/Src/PID.o
                0x0000000008001018                limitPID
 .text.proceedPID
                0x0000000008001074      0x60c ./Core/Src/PID.o
                0x0000000008001074                proceedPID
 .text.resetPID
                0x0000000008001680       0x6c ./Core/Src/PID.o
                0x0000000008001680                resetPID
 .text.setPWM   0x00000000080016ec      0x3a0 ./Core/Src/PID.o
                0x00000000080016ec                setPWM
 .text.InitParams
                0x0000000008001a8c      0x690 ./Core/Src/Parameters.o
                0x0000000008001a8c                InitParams
 *fill*         0x000000000800211c        0x4 
 .text.setU_HeaterSet
                0x0000000008002120       0xb4 ./Core/Src/Parameters.o
                0x0000000008002120                setU_HeaterSet
 .text.getU_HeaterSet
                0x00000000080021d4       0x18 ./Core/Src/Parameters.o
                0x00000000080021d4                getU_HeaterSet
 .text.setU_HeaterOnOff
                0x00000000080021ec       0x30 ./Core/Src/Parameters.o
                0x00000000080021ec                setU_HeaterOnOff
 .text.getU_HeaterOnOff
                0x000000000800221c       0x18 ./Core/Src/Parameters.o
                0x000000000800221c                getU_HeaterOnOff
 .text.setU_HeaterMin
                0x0000000008002234       0x4c ./Core/Src/Parameters.o
                0x0000000008002234                setU_HeaterMin
 .text.getU_HeaterMin
                0x0000000008002280       0x18 ./Core/Src/Parameters.o
                0x0000000008002280                getU_HeaterMin
 .text.setU_HeaterMax
                0x0000000008002298       0x4c ./Core/Src/Parameters.o
                0x0000000008002298                setU_HeaterMax
 .text.getU_HeaterMax
                0x00000000080022e4       0x18 ./Core/Src/Parameters.o
                0x00000000080022e4                getU_HeaterMax
 .text.setU_24Vmeas
                0x00000000080022fc       0x20 ./Core/Src/Parameters.o
                0x00000000080022fc                setU_24Vmeas
 .text.getU_24Vmeas
                0x000000000800231c       0x18 ./Core/Src/Parameters.o
                0x000000000800231c                getU_24Vmeas
 .text.setU_24Vcoeff
                0x0000000008002334       0x4c ./Core/Src/Parameters.o
                0x0000000008002334                setU_24Vcoeff
 .text.getU_24Vcoeff
                0x0000000008002380       0x18 ./Core/Src/Parameters.o
                0x0000000008002380                getU_24Vcoeff
 .text.setU_HeaterMeas
                0x0000000008002398       0x20 ./Core/Src/Parameters.o
                0x0000000008002398                setU_HeaterMeas
 .text.getU_HeaterMeas
                0x00000000080023b8       0x18 ./Core/Src/Parameters.o
                0x00000000080023b8                getU_HeaterMeas
 .text.setU_HeaterCoeff
                0x00000000080023d0       0x4c ./Core/Src/Parameters.o
                0x00000000080023d0                setU_HeaterCoeff
 .text.getU_HeaterCoeff
                0x000000000800241c       0x18 ./Core/Src/Parameters.o
                0x000000000800241c                getU_HeaterCoeff
 .text.setU_24V_Min
                0x0000000008002434       0x4c ./Core/Src/Parameters.o
                0x0000000008002434                setU_24V_Min
 .text.getU_24V_Min
                0x0000000008002480       0x18 ./Core/Src/Parameters.o
                0x0000000008002480                getU_24V_Min
 .text.setU_24V_Max
                0x0000000008002498       0x4c ./Core/Src/Parameters.o
                0x0000000008002498                setU_24V_Max
 .text.getU_24V_Max
                0x00000000080024e4       0x18 ./Core/Src/Parameters.o
                0x00000000080024e4                getU_24V_Max
 .text.setI_1A  0x00000000080024fc       0x20 ./Core/Src/Parameters.o
                0x00000000080024fc                setI_1A
 .text.getI_1A  0x000000000800251c       0x18 ./Core/Src/Parameters.o
                0x000000000800251c                getI_1A
 .text.setI_1B  0x0000000008002534       0x20 ./Core/Src/Parameters.o
                0x0000000008002534                setI_1B
 .text.getI_1B  0x0000000008002554       0x18 ./Core/Src/Parameters.o
                0x0000000008002554                getI_1B
 .text.setI_2A  0x000000000800256c       0x20 ./Core/Src/Parameters.o
                0x000000000800256c                setI_2A
 .text.getI_2A  0x000000000800258c       0x18 ./Core/Src/Parameters.o
                0x000000000800258c                getI_2A
 .text.setI_2B  0x00000000080025a4       0x20 ./Core/Src/Parameters.o
                0x00000000080025a4                setI_2B
 .text.getI_2B  0x00000000080025c4       0x18 ./Core/Src/Parameters.o
                0x00000000080025c4                getI_2B
 .text.setI_1A_Coeff
                0x00000000080025dc       0x4c ./Core/Src/Parameters.o
                0x00000000080025dc                setI_1A_Coeff
 .text.getI_1A_Coeff
                0x0000000008002628       0x18 ./Core/Src/Parameters.o
                0x0000000008002628                getI_1A_Coeff
 .text.setI_1B_Coeff
                0x0000000008002640       0x4c ./Core/Src/Parameters.o
                0x0000000008002640                setI_1B_Coeff
 .text.getI_1B_Coeff
                0x000000000800268c       0x18 ./Core/Src/Parameters.o
                0x000000000800268c                getI_1B_Coeff
 .text.setI_2A_Coeff
                0x00000000080026a4       0x4c ./Core/Src/Parameters.o
                0x00000000080026a4                setI_2A_Coeff
 .text.getI_2A_Coeff
                0x00000000080026f0       0x18 ./Core/Src/Parameters.o
                0x00000000080026f0                getI_2A_Coeff
 .text.setI_2B_Coeff
                0x0000000008002708       0x4c ./Core/Src/Parameters.o
                0x0000000008002708                setI_2B_Coeff
 .text.getI_2B_Coeff
                0x0000000008002754       0x18 ./Core/Src/Parameters.o
                0x0000000008002754                getI_2B_Coeff
 .text.setI_1A_Max
                0x000000000800276c       0x4c ./Core/Src/Parameters.o
                0x000000000800276c                setI_1A_Max
 .text.getI_1A_Max
                0x00000000080027b8       0x18 ./Core/Src/Parameters.o
                0x00000000080027b8                getI_1A_Max
 .text.setI_1B_Max
                0x00000000080027d0       0x4c ./Core/Src/Parameters.o
                0x00000000080027d0                setI_1B_Max
 .text.getI_1B_Max
                0x000000000800281c       0x18 ./Core/Src/Parameters.o
                0x000000000800281c                getI_1B_Max
 .text.setI_2A_Max
                0x0000000008002834       0x4c ./Core/Src/Parameters.o
                0x0000000008002834                setI_2A_Max
 .text.getI_2A_Max
                0x0000000008002880       0x18 ./Core/Src/Parameters.o
                0x0000000008002880                getI_2A_Max
 .text.setI_2B_Max
                0x0000000008002898       0x4c ./Core/Src/Parameters.o
                0x0000000008002898                setI_2B_Max
 .text.getI_2B_Max
                0x00000000080028e4       0x18 ./Core/Src/Parameters.o
                0x00000000080028e4                getI_2B_Max
 .text.setTemp1
                0x00000000080028fc       0x20 ./Core/Src/Parameters.o
                0x00000000080028fc                setTemp1
 .text.getTemp1
                0x000000000800291c       0x18 ./Core/Src/Parameters.o
                0x000000000800291c                getTemp1
 .text.setTemp2
                0x0000000008002934       0x20 ./Core/Src/Parameters.o
                0x0000000008002934                setTemp2
 .text.getTemp2
                0x0000000008002954       0x18 ./Core/Src/Parameters.o
                0x0000000008002954                getTemp2
 .text.setTemp3
                0x000000000800296c       0x20 ./Core/Src/Parameters.o
                0x000000000800296c                setTemp3
 .text.getTemp3
                0x000000000800298c       0x18 ./Core/Src/Parameters.o
                0x000000000800298c                getTemp3
 .text.setTemp4
                0x00000000080029a4       0x20 ./Core/Src/Parameters.o
                0x00000000080029a4                setTemp4
 .text.getTemp4
                0x00000000080029c4       0x18 ./Core/Src/Parameters.o
                0x00000000080029c4                getTemp4
 .text.setTemp1_coeff
                0x00000000080029dc       0x4c ./Core/Src/Parameters.o
                0x00000000080029dc                setTemp1_coeff
 .text.getTemp1_coeff
                0x0000000008002a28       0x18 ./Core/Src/Parameters.o
                0x0000000008002a28                getTemp1_coeff
 .text.setTemp2_coeff
                0x0000000008002a40       0x4c ./Core/Src/Parameters.o
                0x0000000008002a40                setTemp2_coeff
 .text.getTemp2_coeff
                0x0000000008002a8c       0x18 ./Core/Src/Parameters.o
                0x0000000008002a8c                getTemp2_coeff
 .text.setTemp3_coeff
                0x0000000008002aa4       0x4c ./Core/Src/Parameters.o
                0x0000000008002aa4                setTemp3_coeff
 .text.getTemp3_coeff
                0x0000000008002af0       0x18 ./Core/Src/Parameters.o
                0x0000000008002af0                getTemp3_coeff
 .text.setTemp4_coeff
                0x0000000008002b08       0x4c ./Core/Src/Parameters.o
                0x0000000008002b08                setTemp4_coeff
 .text.getTemp4_coeff
                0x0000000008002b54       0x18 ./Core/Src/Parameters.o
                0x0000000008002b54                getTemp4_coeff
 .text.setTemp1_Min
                0x0000000008002b6c       0x4c ./Core/Src/Parameters.o
                0x0000000008002b6c                setTemp1_Min
 .text.getTemp1_Min
                0x0000000008002bb8       0x18 ./Core/Src/Parameters.o
                0x0000000008002bb8                getTemp1_Min
 .text.setTemp1_Max
                0x0000000008002bd0       0x4c ./Core/Src/Parameters.o
                0x0000000008002bd0                setTemp1_Max
 .text.getTemp1_Max
                0x0000000008002c1c       0x18 ./Core/Src/Parameters.o
                0x0000000008002c1c                getTemp1_Max
 .text.setTemp2_Min
                0x0000000008002c34       0x4c ./Core/Src/Parameters.o
                0x0000000008002c34                setTemp2_Min
 .text.getTemp2_Min
                0x0000000008002c80       0x18 ./Core/Src/Parameters.o
                0x0000000008002c80                getTemp2_Min
 .text.setTemp2_Max
                0x0000000008002c98       0x4c ./Core/Src/Parameters.o
                0x0000000008002c98                setTemp2_Max
 .text.getTemp2_Max
                0x0000000008002ce4       0x18 ./Core/Src/Parameters.o
                0x0000000008002ce4                getTemp2_Max
 .text.setTemp3_Min
                0x0000000008002cfc       0x4c ./Core/Src/Parameters.o
                0x0000000008002cfc                setTemp3_Min
 .text.getTemp3_Min
                0x0000000008002d48       0x18 ./Core/Src/Parameters.o
                0x0000000008002d48                getTemp3_Min
 .text.setTemp3_Max
                0x0000000008002d60       0x4c ./Core/Src/Parameters.o
                0x0000000008002d60                setTemp3_Max
 .text.getTemp3_Max
                0x0000000008002dac       0x18 ./Core/Src/Parameters.o
                0x0000000008002dac                getTemp3_Max
 .text.setTemp4_Min
                0x0000000008002dc4       0x4c ./Core/Src/Parameters.o
                0x0000000008002dc4                setTemp4_Min
 .text.getTemp4_Min
                0x0000000008002e10       0x18 ./Core/Src/Parameters.o
                0x0000000008002e10                getTemp4_Min
 .text.setTemp4_Max
                0x0000000008002e28       0x4c ./Core/Src/Parameters.o
                0x0000000008002e28                setTemp4_Max
 .text.getTemp4_Max
                0x0000000008002e74       0x18 ./Core/Src/Parameters.o
                0x0000000008002e74                getTemp4_Max
 .text.setLoadSelect1
                0x0000000008002e8c       0x2c ./Core/Src/Parameters.o
                0x0000000008002e8c                setLoadSelect1
 .text.getLoadSelect1
                0x0000000008002eb8       0x18 ./Core/Src/Parameters.o
                0x0000000008002eb8                getLoadSelect1
 .text.setLoadSelect2
                0x0000000008002ed0       0x2c ./Core/Src/Parameters.o
                0x0000000008002ed0                setLoadSelect2
 .text.getLoadSelect2
                0x0000000008002efc       0x18 ./Core/Src/Parameters.o
                0x0000000008002efc                getLoadSelect2
 .text.setModeSelect1
                0x0000000008002f14       0x2c ./Core/Src/Parameters.o
                0x0000000008002f14                setModeSelect1
 .text.getModeSelect1
                0x0000000008002f40       0x18 ./Core/Src/Parameters.o
                0x0000000008002f40                getModeSelect1
 .text.setModeSelect2
                0x0000000008002f58       0x2c ./Core/Src/Parameters.o
                0x0000000008002f58                setModeSelect2
 .text.getModeSelect2
                0x0000000008002f84       0x18 ./Core/Src/Parameters.o
                0x0000000008002f84                getModeSelect2
 .text.setCh1_OnOff
                0x0000000008002f9c       0x24 ./Core/Src/Parameters.o
                0x0000000008002f9c                setCh1_OnOff
 .text.getCh1_OnOff
                0x0000000008002fc0       0x18 ./Core/Src/Parameters.o
                0x0000000008002fc0                getCh1_OnOff
 .text.setCh2_OnOff
                0x0000000008002fd8       0x24 ./Core/Src/Parameters.o
                0x0000000008002fd8                setCh2_OnOff
 .text.getCh2_OnOff
                0x0000000008002ffc       0x18 ./Core/Src/Parameters.o
                0x0000000008002ffc                getCh2_OnOff
 .text.setSourceSelect1
                0x0000000008003014       0x2c ./Core/Src/Parameters.o
                0x0000000008003014                setSourceSelect1
 .text.getSourceSelect1
                0x0000000008003040       0x18 ./Core/Src/Parameters.o
                0x0000000008003040                getSourceSelect1
 .text.setSourceSelect2
                0x0000000008003058       0x2c ./Core/Src/Parameters.o
                0x0000000008003058                setSourceSelect2
 .text.getSourceSelect2
                0x0000000008003084       0x18 ./Core/Src/Parameters.o
                0x0000000008003084                getSourceSelect2
 .text.setPcoeff1Temp
                0x000000000800309c       0x4c ./Core/Src/Parameters.o
                0x000000000800309c                setPcoeff1Temp
 .text.getPcoeff1Temp
                0x00000000080030e8       0x18 ./Core/Src/Parameters.o
                0x00000000080030e8                getPcoeff1Temp
 .text.setPcoeff2Temp
                0x0000000008003100       0x4c ./Core/Src/Parameters.o
                0x0000000008003100                setPcoeff2Temp
 .text.getPcoeff2Temp
                0x000000000800314c       0x18 ./Core/Src/Parameters.o
                0x000000000800314c                getPcoeff2Temp
 .text.setIcoeff1Temp
                0x0000000008003164       0x4c ./Core/Src/Parameters.o
                0x0000000008003164                setIcoeff1Temp
 .text.getIcoeff1Temp
                0x00000000080031b0       0x18 ./Core/Src/Parameters.o
                0x00000000080031b0                getIcoeff1Temp
 .text.setIcoeff2Temp
                0x00000000080031c8       0x4c ./Core/Src/Parameters.o
                0x00000000080031c8                setIcoeff2Temp
 .text.getIcoeff2Temp
                0x0000000008003214       0x18 ./Core/Src/Parameters.o
                0x0000000008003214                getIcoeff2Temp
 .text.setDcoeff1Temp
                0x000000000800322c       0x4c ./Core/Src/Parameters.o
                0x000000000800322c                setDcoeff1Temp
 .text.getDcoeff1Temp
                0x0000000008003278       0x18 ./Core/Src/Parameters.o
                0x0000000008003278                getDcoeff1Temp
 .text.setDcoeff2Temp
                0x0000000008003290       0x4c ./Core/Src/Parameters.o
                0x0000000008003290                setDcoeff2Temp
 .text.getDcoeff2Temp
                0x00000000080032dc       0x18 ./Core/Src/Parameters.o
                0x00000000080032dc                getDcoeff2Temp
 .text.setPcoeff1Freq
                0x00000000080032f4       0x4c ./Core/Src/Parameters.o
                0x00000000080032f4                setPcoeff1Freq
 .text.getPcoeff1Freq
                0x0000000008003340       0x18 ./Core/Src/Parameters.o
                0x0000000008003340                getPcoeff1Freq
 .text.setPcoeff2Freq
                0x0000000008003358       0x4c ./Core/Src/Parameters.o
                0x0000000008003358                setPcoeff2Freq
 .text.getPcoeff2Freq
                0x00000000080033a4       0x18 ./Core/Src/Parameters.o
                0x00000000080033a4                getPcoeff2Freq
 .text.setIcoeff1Freq
                0x00000000080033bc       0x4c ./Core/Src/Parameters.o
                0x00000000080033bc                setIcoeff1Freq
 .text.getIcoeff1Freq
                0x0000000008003408       0x18 ./Core/Src/Parameters.o
                0x0000000008003408                getIcoeff1Freq
 .text.setIcoeff2Freq
                0x0000000008003420       0x4c ./Core/Src/Parameters.o
                0x0000000008003420                setIcoeff2Freq
 .text.getIcoeff2Freq
                0x000000000800346c       0x18 ./Core/Src/Parameters.o
                0x000000000800346c                getIcoeff2Freq
 .text.setDcoeff1Freq
                0x0000000008003484       0x4c ./Core/Src/Parameters.o
                0x0000000008003484                setDcoeff1Freq
 .text.getDcoeff1Freq
                0x00000000080034d0       0x18 ./Core/Src/Parameters.o
                0x00000000080034d0                getDcoeff1Freq
 .text.setDcoeff2Freq
                0x00000000080034e8       0x4c ./Core/Src/Parameters.o
                0x00000000080034e8                setDcoeff2Freq
 .text.getDcoeff2Freq
                0x0000000008003534       0x18 ./Core/Src/Parameters.o
                0x0000000008003534                getDcoeff2Freq
 .text.setTempCh1Set
                0x000000000800354c       0x4c ./Core/Src/Parameters.o
                0x000000000800354c                setTempCh1Set
 .text.getTempCh1Set
                0x0000000008003598       0x18 ./Core/Src/Parameters.o
                0x0000000008003598                getTempCh1Set
 .text.setTempCh2Set
                0x00000000080035b0       0x4c ./Core/Src/Parameters.o
                0x00000000080035b0                setTempCh2Set
 .text.getTempCh2Set
                0x00000000080035fc       0x18 ./Core/Src/Parameters.o
                0x00000000080035fc                getTempCh2Set
 .text.setI1Set
                0x0000000008003614       0x4c ./Core/Src/Parameters.o
                0x0000000008003614                setI1Set
 .text.getI1Set
                0x0000000008003660       0x18 ./Core/Src/Parameters.o
                0x0000000008003660                getI1Set
 .text.setI2Set
                0x0000000008003678       0x4c ./Core/Src/Parameters.o
                0x0000000008003678                setI2Set
 .text.getI2Set
                0x00000000080036c4       0x18 ./Core/Src/Parameters.o
                0x00000000080036c4                getI2Set
 .text.setGate1A_OnOff
                0x00000000080036dc       0x34 ./Core/Src/Parameters.o
                0x00000000080036dc                setGate1A_OnOff
 .text.getGate1A_OnOff
                0x0000000008003710       0x18 ./Core/Src/Parameters.o
                0x0000000008003710                getGate1A_OnOff
 .text.setGate1B_OnOff
                0x0000000008003728       0x34 ./Core/Src/Parameters.o
                0x0000000008003728                setGate1B_OnOff
 .text.getGate1B_OnOff
                0x000000000800375c       0x18 ./Core/Src/Parameters.o
                0x000000000800375c                getGate1B_OnOff
 .text.setGate2A_OnOff
                0x0000000008003774       0x34 ./Core/Src/Parameters.o
                0x0000000008003774                setGate2A_OnOff
 .text.getGate2A_OnOff
                0x00000000080037a8       0x18 ./Core/Src/Parameters.o
                0x00000000080037a8                getGate2A_OnOff
 .text.setGate2B_OnOff
                0x00000000080037c0       0x34 ./Core/Src/Parameters.o
                0x00000000080037c0                setGate2B_OnOff
 .text.getGate2B_OnOff
                0x00000000080037f4       0x18 ./Core/Src/Parameters.o
                0x00000000080037f4                getGate2B_OnOff
 .text.setGateH1A
                0x000000000800380c       0x34 ./Core/Src/Parameters.o
                0x000000000800380c                setGateH1A
 .text.getGateH1A
                0x0000000008003840       0x18 ./Core/Src/Parameters.o
                0x0000000008003840                getGateH1A
 .text.setGateH1B
                0x0000000008003858       0x34 ./Core/Src/Parameters.o
                0x0000000008003858                setGateH1B
 .text.getGateH1B
                0x000000000800388c       0x18 ./Core/Src/Parameters.o
                0x000000000800388c                getGateH1B
 .text.setGateH2A
                0x00000000080038a4       0x34 ./Core/Src/Parameters.o
                0x00000000080038a4                setGateH2A
 .text.getGateH2A
                0x00000000080038d8       0x18 ./Core/Src/Parameters.o
                0x00000000080038d8                getGateH2A
 .text.setGateH2B
                0x00000000080038f0       0x34 ./Core/Src/Parameters.o
                0x00000000080038f0                setGateH2B
 .text.getGateH2B
                0x0000000008003924       0x18 ./Core/Src/Parameters.o
                0x0000000008003924                getGateH2B
 .text.setPWM_CH1
                0x000000000800393c       0x4c ./Core/Src/Parameters.o
                0x000000000800393c                setPWM_CH1
 .text.getPWM_CH1
                0x0000000008003988       0x18 ./Core/Src/Parameters.o
                0x0000000008003988                getPWM_CH1
 .text.setPWM_CH2
                0x00000000080039a0       0x4c ./Core/Src/Parameters.o
                0x00000000080039a0                setPWM_CH2
 .text.getPWM_CH2
                0x00000000080039ec       0x18 ./Core/Src/Parameters.o
                0x00000000080039ec                getPWM_CH2
 .text.setCH1_Polarity
                0x0000000008003a04       0x20 ./Core/Src/Parameters.o
                0x0000000008003a04                setCH1_Polarity
 .text.getCH1_Polarity
                0x0000000008003a24       0x18 ./Core/Src/Parameters.o
                0x0000000008003a24                getCH1_Polarity
 .text.setCH2_Polarity
                0x0000000008003a3c       0x20 ./Core/Src/Parameters.o
                0x0000000008003a3c                setCH2_Polarity
 .text.getCH2_Polarity
                0x0000000008003a5c       0x18 ./Core/Src/Parameters.o
                0x0000000008003a5c                getCH2_Polarity
 .text.setFreq  0x0000000008003a74       0x20 ./Core/Src/Parameters.o
                0x0000000008003a74                setFreq
 .text.getFreq  0x0000000008003a94       0x18 ./Core/Src/Parameters.o
                0x0000000008003a94                getFreq
 .text.setFreqSet
                0x0000000008003aac       0x4c ./Core/Src/Parameters.o
                0x0000000008003aac                setFreqSet
 .text.getFreqSet
                0x0000000008003af8       0x18 ./Core/Src/Parameters.o
                0x0000000008003af8                getFreqSet
 .text.commandParamList
                0x0000000008003b10       0xe8 ./Core/Src/Parameters.o
                0x0000000008003b10                commandParamList
 .text.commandSaveFlash
                0x0000000008003bf8       0x18 ./Core/Src/Parameters.o
                0x0000000008003bf8                commandSaveFlash
 .text.str_split
                0x0000000008003c10      0x114 ./Core/Src/UARTCommunication.o
                0x0000000008003c10                str_split
 .text.UARTtransmit
                0x0000000008003d24       0x44 ./Core/Src/UARTCommunication.o
                0x0000000008003d24                UARTtransmit
 .text.UARTget  0x0000000008003d68      0x17c ./Core/Src/UARTCommunication.o
                0x0000000008003d68                UARTget
 .text.UARTset  0x0000000008003ee4      0x198 ./Core/Src/UARTCommunication.o
                0x0000000008003ee4                UARTset
 .text.UARTtransmitNum
                0x000000000800407c       0x2c ./Core/Src/UARTCommunication.o
                0x000000000800407c                UARTtransmitNum
 .text.commandSearch
                0x00000000080040a8      0x174 ./Core/Src/UARTCommunication.o
                0x00000000080040a8                commandSearch
 .text.HAL_UART_RxCpltCallback
                0x000000000800421c       0x6c ./Core/Src/UARTCommunication.o
                0x000000000800421c                HAL_UART_RxCpltCallback
 .text.EE_Init  0x0000000008004288      0x3c0 ./Core/Src/eeprom.o
                0x0000000008004288                EE_Init
 .text.EE_VerifyPageFullyErased
                0x0000000008004648       0x4c ./Core/Src/eeprom.o
 .text.EE_ReadVariable
                0x0000000008004694       0x90 ./Core/Src/eeprom.o
                0x0000000008004694                EE_ReadVariable
 .text.EE_WriteVariable
                0x0000000008004724       0x44 ./Core/Src/eeprom.o
                0x0000000008004724                EE_WriteVariable
 .text.EE_Format
                0x0000000008004768       0xa4 ./Core/Src/eeprom.o
 .text.EE_FindValidPage
                0x000000000800480c       0x8c ./Core/Src/eeprom.o
 .text.EE_VerifyPageFullWriteVariable
                0x0000000008004898       0xc4 ./Core/Src/eeprom.o
 .text.EE_PageTransfer
                0x000000000800495c      0x178 ./Core/Src/eeprom.o
 .text.InitVirtAddTab
                0x0000000008004ad4       0x70 ./Core/Src/flashManag.o
                0x0000000008004ad4                InitVirtAddTab
 .text.ReadFlash
                0x0000000008004b44       0xa8 ./Core/Src/flashManag.o
                0x0000000008004b44                ReadFlash
 .text.SaveToFlash
                0x0000000008004bec       0x88 ./Core/Src/flashManag.o
                0x0000000008004bec                SaveToFlash
 .text.main     0x0000000008004c74      0x178 ./Core/Src/main.o
                0x0000000008004c74                main
 .text.SystemClock_Config
                0x0000000008004dec       0xd8 ./Core/Src/main.o
                0x0000000008004dec                SystemClock_Config
 .text.MX_ADC1_Init
                0x0000000008004ec4      0x130 ./Core/Src/main.o
 .text.MX_ADC2_Init
                0x0000000008004ff4       0xf8 ./Core/Src/main.o
 .text.MX_IWDG_Init
                0x00000000080050ec       0x34 ./Core/Src/main.o
 .text.MX_TIM1_Init
                0x0000000008005120      0x150 ./Core/Src/main.o
 .text.MX_TIM2_Init
                0x0000000008005270       0x98 ./Core/Src/main.o
 .text.MX_TIM3_Init
                0x0000000008005308      0x108 ./Core/Src/main.o
 .text.MX_TIM4_Init
                0x0000000008005410      0x108 ./Core/Src/main.o
 .text.MX_TIM5_Init
                0x0000000008005518       0x9c ./Core/Src/main.o
 .text.MX_TIM6_Init
                0x00000000080055b4       0x6c ./Core/Src/main.o
 .text.MX_TIM8_Init
                0x0000000008005620      0x144 ./Core/Src/main.o
 .text.MX_USART1_UART_Init
                0x0000000008005764       0x54 ./Core/Src/main.o
 .text.MX_DMA_Init
                0x00000000080057b8       0x50 ./Core/Src/main.o
 .text.MX_GPIO_Init
                0x0000000008005808      0x15c ./Core/Src/main.o
 .text.HAL_TIM_PeriodElapsedCallback
                0x0000000008005964      0x24c ./Core/Src/main.o
                0x0000000008005964                HAL_TIM_PeriodElapsedCallback
 .text.Error_Handler
                0x0000000008005bb0       0x14 ./Core/Src/main.o
                0x0000000008005bb0                Error_Handler
 .text.HAL_MspInit
                0x0000000008005bc4       0x50 ./Core/Src/stm32f4xx_hal_msp.o
                0x0000000008005bc4                HAL_MspInit
 .text.HAL_ADC_MspInit
                0x0000000008005c14      0x1bc ./Core/Src/stm32f4xx_hal_msp.o
                0x0000000008005c14                HAL_ADC_MspInit
 .text.HAL_TIM_Base_MspInit
                0x0000000008005dd0      0x1b4 ./Core/Src/stm32f4xx_hal_msp.o
                0x0000000008005dd0                HAL_TIM_Base_MspInit
 .text.HAL_TIM_MspPostInit
                0x0000000008005f84      0x168 ./Core/Src/stm32f4xx_hal_msp.o
                0x0000000008005f84                HAL_TIM_MspPostInit
 .text.HAL_UART_MspInit
                0x00000000080060ec       0xa0 ./Core/Src/stm32f4xx_hal_msp.o
                0x00000000080060ec                HAL_UART_MspInit
 .text.NMI_Handler
                0x000000000800618c        0x6 ./Core/Src/stm32f4xx_it.o
                0x000000000800618c                NMI_Handler
 .text.HardFault_Handler
                0x0000000008006192        0x6 ./Core/Src/stm32f4xx_it.o
                0x0000000008006192                HardFault_Handler
 .text.MemManage_Handler
                0x0000000008006198        0x6 ./Core/Src/stm32f4xx_it.o
                0x0000000008006198                MemManage_Handler
 .text.BusFault_Handler
                0x000000000800619e        0x6 ./Core/Src/stm32f4xx_it.o
                0x000000000800619e                BusFault_Handler
 .text.UsageFault_Handler
                0x00000000080061a4        0x6 ./Core/Src/stm32f4xx_it.o
                0x00000000080061a4                UsageFault_Handler
 .text.SVC_Handler
                0x00000000080061aa        0xe ./Core/Src/stm32f4xx_it.o
                0x00000000080061aa                SVC_Handler
 .text.DebugMon_Handler
                0x00000000080061b8        0xe ./Core/Src/stm32f4xx_it.o
                0x00000000080061b8                DebugMon_Handler
 .text.PendSV_Handler
                0x00000000080061c6        0xe ./Core/Src/stm32f4xx_it.o
                0x00000000080061c6                PendSV_Handler
 .text.SysTick_Handler
                0x00000000080061d4        0xc ./Core/Src/stm32f4xx_it.o
                0x00000000080061d4                SysTick_Handler
 .text.TIM1_UP_TIM10_IRQHandler
                0x00000000080061e0       0x14 ./Core/Src/stm32f4xx_it.o
                0x00000000080061e0                TIM1_UP_TIM10_IRQHandler
 .text.USART1_IRQHandler
                0x00000000080061f4       0x14 ./Core/Src/stm32f4xx_it.o
                0x00000000080061f4                USART1_IRQHandler
 .text.TIM6_DAC_IRQHandler
                0x0000000008006208       0x14 ./Core/Src/stm32f4xx_it.o
                0x0000000008006208                TIM6_DAC_IRQHandler
 .text.DMA2_Stream0_IRQHandler
                0x000000000800621c       0x14 ./Core/Src/stm32f4xx_it.o
                0x000000000800621c                DMA2_Stream0_IRQHandler
 .text.DMA2_Stream2_IRQHandler
                0x0000000008006230       0x14 ./Core/Src/stm32f4xx_it.o
                0x0000000008006230                DMA2_Stream2_IRQHandler
 .text._getpid  0x0000000008006244       0x10 ./Core/Src/syscalls.o
                0x0000000008006244                _getpid
 .text._kill    0x0000000008006254       0x20 ./Core/Src/syscalls.o
                0x0000000008006254                _kill
 .text._exit    0x0000000008006274       0x14 ./Core/Src/syscalls.o
                0x0000000008006274                _exit
 .text._read    0x0000000008006288       0x3a ./Core/Src/syscalls.o
                0x0000000008006288                _read
 .text._write   0x00000000080062c2       0x38 ./Core/Src/syscalls.o
                0x00000000080062c2                _write
 .text._close   0x00000000080062fa       0x18 ./Core/Src/syscalls.o
                0x00000000080062fa                _close
 .text._fstat   0x0000000008006312       0x20 ./Core/Src/syscalls.o
                0x0000000008006312                _fstat
 .text._isatty  0x0000000008006332       0x16 ./Core/Src/syscalls.o
                0x0000000008006332                _isatty
 .text._lseek   0x0000000008006348       0x1a ./Core/Src/syscalls.o
                0x0000000008006348                _lseek
 *fill*         0x0000000008006362        0x2 
 .text._sbrk    0x0000000008006364       0x6c ./Core/Src/sysmem.o
                0x0000000008006364                _sbrk
 .text.SystemInit
                0x00000000080063d0       0x24 ./Core/Src/system_stm32f4xx.o
                0x00000000080063d0                SystemInit
 .text.getTemp3455
                0x00000000080063f4      0x104 ./Core/Src/thermosensors.o
                0x00000000080063f4                getTemp3455
 .text.getTempPt1000
                0x00000000080064f8       0xe4 ./Core/Src/thermosensors.o
                0x00000000080064f8                getTempPt1000
 .text.Reset_Handler
                0x00000000080065dc       0x50 ./Core/Startup/startup_stm32f407vetx.o
                0x00000000080065dc                Reset_Handler
 .text.Default_Handler
                0x000000000800662c        0x2 ./Core/Startup/startup_stm32f407vetx.o
                0x000000000800662c                RTC_Alarm_IRQHandler
                0x000000000800662c                HASH_RNG_IRQHandler
                0x000000000800662c                EXTI2_IRQHandler
                0x000000000800662c                TIM8_CC_IRQHandler
                0x000000000800662c                TIM1_CC_IRQHandler
                0x000000000800662c                DMA2_Stream5_IRQHandler
                0x000000000800662c                DMA1_Stream5_IRQHandler
                0x000000000800662c                PVD_IRQHandler
                0x000000000800662c                SDIO_IRQHandler
                0x000000000800662c                TAMP_STAMP_IRQHandler
                0x000000000800662c                CAN2_RX1_IRQHandler
                0x000000000800662c                EXTI3_IRQHandler
                0x000000000800662c                TIM8_TRG_COM_TIM14_IRQHandler
                0x000000000800662c                TIM8_UP_TIM13_IRQHandler
                0x000000000800662c                I2C3_ER_IRQHandler
                0x000000000800662c                EXTI0_IRQHandler
                0x000000000800662c                I2C2_EV_IRQHandler
                0x000000000800662c                DMA1_Stream2_IRQHandler
                0x000000000800662c                CAN1_RX0_IRQHandler
                0x000000000800662c                FPU_IRQHandler
                0x000000000800662c                OTG_HS_WKUP_IRQHandler
                0x000000000800662c                CAN2_SCE_IRQHandler
                0x000000000800662c                SPI1_IRQHandler
                0x000000000800662c                TIM1_BRK_TIM9_IRQHandler
                0x000000000800662c                DCMI_IRQHandler
                0x000000000800662c                CAN2_RX0_IRQHandler
                0x000000000800662c                DMA2_Stream3_IRQHandler
                0x000000000800662c                USART6_IRQHandler
                0x000000000800662c                USART3_IRQHandler
                0x000000000800662c                CAN1_RX1_IRQHandler
                0x000000000800662c                UART5_IRQHandler
                0x000000000800662c                TIM4_IRQHandler
                0x000000000800662c                I2C1_EV_IRQHandler
                0x000000000800662c                DMA1_Stream6_IRQHandler
                0x000000000800662c                DMA1_Stream1_IRQHandler
                0x000000000800662c                UART4_IRQHandler
                0x000000000800662c                TIM3_IRQHandler
                0x000000000800662c                RCC_IRQHandler
                0x000000000800662c                TIM8_BRK_TIM12_IRQHandler
                0x000000000800662c                Default_Handler
                0x000000000800662c                EXTI15_10_IRQHandler
                0x000000000800662c                ADC_IRQHandler
                0x000000000800662c                DMA1_Stream7_IRQHandler
                0x000000000800662c                TIM7_IRQHandler
                0x000000000800662c                CAN2_TX_IRQHandler
                0x000000000800662c                TIM5_IRQHandler
                0x000000000800662c                DMA2_Stream7_IRQHandler
                0x000000000800662c                I2C3_EV_IRQHandler
                0x000000000800662c                EXTI9_5_IRQHandler
                0x000000000800662c                RTC_WKUP_IRQHandler
                0x000000000800662c                ETH_WKUP_IRQHandler
                0x000000000800662c                SPI2_IRQHandler
                0x000000000800662c                OTG_HS_EP1_IN_IRQHandler
                0x000000000800662c                DMA1_Stream0_IRQHandler
                0x000000000800662c                CAN1_TX_IRQHandler
                0x000000000800662c                EXTI4_IRQHandler
                0x000000000800662c                FSMC_IRQHandler
                0x000000000800662c                ETH_IRQHandler
                0x000000000800662c                OTG_HS_EP1_OUT_IRQHandler
                0x000000000800662c                WWDG_IRQHandler
                0x000000000800662c                TIM2_IRQHandler
                0x000000000800662c                OTG_FS_WKUP_IRQHandler
                0x000000000800662c                TIM1_TRG_COM_TIM11_IRQHandler
                0x000000000800662c                OTG_HS_IRQHandler
                0x000000000800662c                EXTI1_IRQHandler
                0x000000000800662c                USART2_IRQHandler
                0x000000000800662c                I2C2_ER_IRQHandler
                0x000000000800662c                DMA2_Stream1_IRQHandler
                0x000000000800662c                CAN1_SCE_IRQHandler
                0x000000000800662c                FLASH_IRQHandler
                0x000000000800662c                DMA2_Stream4_IRQHandler
                0x000000000800662c                OTG_FS_IRQHandler
                0x000000000800662c                SPI3_IRQHandler
                0x000000000800662c                DMA1_Stream4_IRQHandler
                0x000000000800662c                I2C1_ER_IRQHandler
                0x000000000800662c                DMA2_Stream6_IRQHandler
                0x000000000800662c                DMA1_Stream3_IRQHandler
 *fill*         0x000000000800662e        0x2 
 .text.HAL_Init
                0x0000000008006630       0x44 ./Drivers/STM32F4xx_HAL_Driver/Src/stm32f4xx_hal.o
                0x0000000008006630                HAL_Init
 .text.HAL_InitTick
                0x0000000008006674       0x60 ./Drivers/STM32F4xx_HAL_Driver/Src/stm32f4xx_hal.o
                0x0000000008006674                HAL_InitTick
 .text.HAL_IncTick
                0x00000000080066d4       0x28 ./Drivers/STM32F4xx_HAL_Driver/Src/stm32f4xx_hal.o
                0x00000000080066d4                HAL_IncTick
 .text.HAL_GetTick
                0x00000000080066fc       0x18 ./Drivers/STM32F4xx_HAL_Driver/Src/stm32f4xx_hal.o
                0x00000000080066fc                HAL_GetTick
 .text.HAL_ADC_Init
                0x0000000008006714       0x86 ./Drivers/STM32F4xx_HAL_Driver/Src/stm32f4xx_hal_adc.o
                0x0000000008006714                HAL_ADC_Init
 *fill*         0x000000000800679a        0x2 
 .text.HAL_ADC_Start_DMA
                0x000000000800679c      0x220 ./Drivers/STM32F4xx_HAL_Driver/Src/stm32f4xx_hal_adc.o
                0x000000000800679c                HAL_ADC_Start_DMA
 .text.HAL_ADC_ConvCpltCallback
                0x00000000080069bc       0x14 ./Drivers/STM32F4xx_HAL_Driver/Src/stm32f4xx_hal_adc.o
                0x00000000080069bc                HAL_ADC_ConvCpltCallback
 .text.HAL_ADC_ConvHalfCpltCallback
                0x00000000080069d0       0x14 ./Drivers/STM32F4xx_HAL_Driver/Src/stm32f4xx_hal_adc.o
                0x00000000080069d0                HAL_ADC_ConvHalfCpltCallback
 .text.HAL_ADC_ErrorCallback
                0x00000000080069e4       0x14 ./Drivers/STM32F4xx_HAL_Driver/Src/stm32f4xx_hal_adc.o
                0x00000000080069e4                HAL_ADC_ErrorCallback
 .text.HAL_ADC_ConfigChannel
                0x00000000080069f8      0x244 ./Drivers/STM32F4xx_HAL_Driver/Src/stm32f4xx_hal_adc.o
                0x00000000080069f8                HAL_ADC_ConfigChannel
 .text.ADC_Init
                0x0000000008006c3c      0x1f8 ./Drivers/STM32F4xx_HAL_Driver/Src/stm32f4xx_hal_adc.o
 .text.ADC_DMAConvCplt
                0x0000000008006e34       0xba ./Drivers/STM32F4xx_HAL_Driver/Src/stm32f4xx_hal_adc.o
 .text.ADC_DMAHalfConvCplt
                0x0000000008006eee       0x1c ./Drivers/STM32F4xx_HAL_Driver/Src/stm32f4xx_hal_adc.o
 .text.ADC_DMAError
                0x0000000008006f0a       0x2e ./Drivers/STM32F4xx_HAL_Driver/Src/stm32f4xx_hal_adc.o
 .text.__NVIC_SetPriorityGrouping
                0x0000000008006f38       0x48 ./Drivers/STM32F4xx_HAL_Driver/Src/stm32f4xx_hal_cortex.o
 .text.__NVIC_GetPriorityGrouping
                0x0000000008006f80       0x1c ./Drivers/STM32F4xx_HAL_Driver/Src/stm32f4xx_hal_cortex.o
 .text.__NVIC_EnableIRQ
                0x0000000008006f9c       0x3c ./Drivers/STM32F4xx_HAL_Driver/Src/stm32f4xx_hal_cortex.o
 .text.__NVIC_SetPriority
                0x0000000008006fd8       0x54 ./Drivers/STM32F4xx_HAL_Driver/Src/stm32f4xx_hal_cortex.o
 .text.NVIC_EncodePriority
                0x000000000800702c       0x66 ./Drivers/STM32F4xx_HAL_Driver/Src/stm32f4xx_hal_cortex.o
 *fill*         0x0000000008007092        0x2 
 .text.SysTick_Config
                0x0000000008007094       0x44 ./Drivers/STM32F4xx_HAL_Driver/Src/stm32f4xx_hal_cortex.o
 .text.HAL_NVIC_SetPriorityGrouping
                0x00000000080070d8       0x16 ./Drivers/STM32F4xx_HAL_Driver/Src/stm32f4xx_hal_cortex.o
                0x00000000080070d8                HAL_NVIC_SetPriorityGrouping
 .text.HAL_NVIC_SetPriority
                0x00000000080070ee       0x38 ./Drivers/STM32F4xx_HAL_Driver/Src/stm32f4xx_hal_cortex.o
                0x00000000080070ee                HAL_NVIC_SetPriority
 .text.HAL_NVIC_EnableIRQ
                0x0000000008007126       0x1c ./Drivers/STM32F4xx_HAL_Driver/Src/stm32f4xx_hal_cortex.o
                0x0000000008007126                HAL_NVIC_EnableIRQ
 .text.HAL_SYSTICK_Config
                0x0000000008007142       0x18 ./Drivers/STM32F4xx_HAL_Driver/Src/stm32f4xx_hal_cortex.o
                0x0000000008007142                HAL_SYSTICK_Config
 *fill*         0x000000000800715a        0x2 
 .text.HAL_DMA_Init
                0x000000000800715c      0x15c ./Drivers/STM32F4xx_HAL_Driver/Src/stm32f4xx_hal_dma.o
                0x000000000800715c                HAL_DMA_Init
 .text.HAL_DMA_Start_IT
                0x00000000080072b8       0xb0 ./Drivers/STM32F4xx_HAL_Driver/Src/stm32f4xx_hal_dma.o
                0x00000000080072b8                HAL_DMA_Start_IT
 .text.HAL_DMA_Abort
                0x0000000008007368       0xe0 ./Drivers/STM32F4xx_HAL_Driver/Src/stm32f4xx_hal_dma.o
                0x0000000008007368                HAL_DMA_Abort
 .text.HAL_DMA_Abort_IT
                0x0000000008007448       0x44 ./Drivers/STM32F4xx_HAL_Driver/Src/stm32f4xx_hal_dma.o
                0x0000000008007448                HAL_DMA_Abort_IT
 .text.HAL_DMA_IRQHandler
                0x000000000800748c      0x314 ./Drivers/STM32F4xx_HAL_Driver/Src/stm32f4xx_hal_dma.o
                0x000000000800748c                HAL_DMA_IRQHandler
 .text.DMA_SetConfig
                0x00000000080077a0       0x5c ./Drivers/STM32F4xx_HAL_Driver/Src/stm32f4xx_hal_dma.o
 .text.DMA_CalcBaseAndBitshift
                0x00000000080077fc       0x6c ./Drivers/STM32F4xx_HAL_Driver/Src/stm32f4xx_hal_dma.o
 .text.DMA_CheckFifoParam
                0x0000000008007868       0xf8 ./Drivers/STM32F4xx_HAL_Driver/Src/stm32f4xx_hal_dma.o
 .text.HAL_FLASH_Program
                0x0000000008007960       0xa8 ./Drivers/STM32F4xx_HAL_Driver/Src/stm32f4xx_hal_flash.o
                0x0000000008007960                HAL_FLASH_Program
 .text.HAL_FLASH_Unlock
                0x0000000008007a08       0x44 ./Drivers/STM32F4xx_HAL_Driver/Src/stm32f4xx_hal_flash.o
                0x0000000008007a08                HAL_FLASH_Unlock
 .text.FLASH_WaitForLastOperation
                0x0000000008007a4c       0x80 ./Drivers/STM32F4xx_HAL_Driver/Src/stm32f4xx_hal_flash.o
                0x0000000008007a4c                FLASH_WaitForLastOperation
 .text.FLASH_Program_DoubleWord
                0x0000000008007acc       0x64 ./Drivers/STM32F4xx_HAL_Driver/Src/stm32f4xx_hal_flash.o
 .text.FLASH_Program_Word
                0x0000000008007b30       0x44 ./Drivers/STM32F4xx_HAL_Driver/Src/stm32f4xx_hal_flash.o
 .text.FLASH_Program_HalfWord
                0x0000000008007b74       0x48 ./Drivers/STM32F4xx_HAL_Driver/Src/stm32f4xx_hal_flash.o
 .text.FLASH_Program_Byte
                0x0000000008007bbc       0x44 ./Drivers/STM32F4xx_HAL_Driver/Src/stm32f4xx_hal_flash.o
 .text.FLASH_SetErrorCode
                0x0000000008007c00       0xac ./Drivers/STM32F4xx_HAL_Driver/Src/stm32f4xx_hal_flash.o
 .text.HAL_FLASHEx_Erase
                0x0000000008007cac       0xe0 ./Drivers/STM32F4xx_HAL_Driver/Src/stm32f4xx_hal_flash_ex.o
                0x0000000008007cac                HAL_FLASHEx_Erase
 .text.FLASH_MassErase
                0x0000000008007d8c       0x48 ./Drivers/STM32F4xx_HAL_Driver/Src/stm32f4xx_hal_flash_ex.o
 .text.FLASH_Erase_Sector
                0x0000000008007dd4       0x90 ./Drivers/STM32F4xx_HAL_Driver/Src/stm32f4xx_hal_flash_ex.o
                0x0000000008007dd4                FLASH_Erase_Sector
 .text.FLASH_FlushCaches
                0x0000000008007e64       0x8c ./Drivers/STM32F4xx_HAL_Driver/Src/stm32f4xx_hal_flash_ex.o
                0x0000000008007e64                FLASH_FlushCaches
 .text.HAL_GPIO_Init
                0x0000000008007ef0      0x338 ./Drivers/STM32F4xx_HAL_Driver/Src/stm32f4xx_hal_gpio.o
                0x0000000008007ef0                HAL_GPIO_Init
 .text.HAL_GPIO_WritePin
                0x0000000008008228       0x32 ./Drivers/STM32F4xx_HAL_Driver/Src/stm32f4xx_hal_gpio.o
                0x0000000008008228                HAL_GPIO_WritePin
 .text.HAL_IWDG_Init
                0x000000000800825a       0x84 ./Drivers/STM32F4xx_HAL_Driver/Src/stm32f4xx_hal_iwdg.o
                0x000000000800825a                HAL_IWDG_Init
 .text.HAL_IWDG_Refresh
                0x00000000080082de       0x20 ./Drivers/STM32F4xx_HAL_Driver/Src/stm32f4xx_hal_iwdg.o
                0x00000000080082de                HAL_IWDG_Refresh
 *fill*         0x00000000080082fe        0x2 
 .text.HAL_RCC_OscConfig
                0x0000000008008300      0x4f0 ./Drivers/STM32F4xx_HAL_Driver/Src/stm32f4xx_hal_rcc.o
                0x0000000008008300                HAL_RCC_OscConfig
 .text.HAL_RCC_ClockConfig
                0x00000000080087f0      0x1cc ./Drivers/STM32F4xx_HAL_Driver/Src/stm32f4xx_hal_rcc.o
                0x00000000080087f0                HAL_RCC_ClockConfig
 .text.HAL_RCC_GetSysClockFreq
                0x00000000080089bc      0x20c ./Drivers/STM32F4xx_HAL_Driver/Src/stm32f4xx_hal_rcc.o
                0x00000000080089bc                HAL_RCC_GetSysClockFreq
 .text.HAL_RCC_GetHCLKFreq
                0x0000000008008bc8       0x18 ./Drivers/STM32F4xx_HAL_Driver/Src/stm32f4xx_hal_rcc.o
                0x0000000008008bc8                HAL_RCC_GetHCLKFreq
 .text.HAL_RCC_GetPCLK1Freq
                0x0000000008008be0       0x28 ./Drivers/STM32F4xx_HAL_Driver/Src/stm32f4xx_hal_rcc.o
                0x0000000008008be0                HAL_RCC_GetPCLK1Freq
 .text.HAL_RCC_GetPCLK2Freq
                0x0000000008008c08       0x28 ./Drivers/STM32F4xx_HAL_Driver/Src/stm32f4xx_hal_rcc.o
                0x0000000008008c08                HAL_RCC_GetPCLK2Freq
 .text.HAL_TIM_Base_Init
                0x0000000008008c30       0x9e ./Drivers/STM32F4xx_HAL_Driver/Src/stm32f4xx_hal_tim.o
                0x0000000008008c30                HAL_TIM_Base_Init
 *fill*         0x0000000008008cce        0x2 
 .text.HAL_TIM_Base_Start
                0x0000000008008cd0       0xd0 ./Drivers/STM32F4xx_HAL_Driver/Src/stm32f4xx_hal_tim.o
                0x0000000008008cd0                HAL_TIM_Base_Start
 .text.HAL_TIM_Base_Start_IT
                0x0000000008008da0       0xe0 ./Drivers/STM32F4xx_HAL_Driver/Src/stm32f4xx_hal_tim.o
                0x0000000008008da0                HAL_TIM_Base_Start_IT
 .text.HAL_TIM_PWM_Init
                0x0000000008008e80       0x9e ./Drivers/STM32F4xx_HAL_Driver/Src/stm32f4xx_hal_tim.o
                0x0000000008008e80                HAL_TIM_PWM_Init
 .text.HAL_TIM_PWM_MspInit
                0x0000000008008f1e       0x14 ./Drivers/STM32F4xx_HAL_Driver/Src/stm32f4xx_hal_tim.o
                0x0000000008008f1e                HAL_TIM_PWM_MspInit
 *fill*         0x0000000008008f32        0x2 
 .text.HAL_TIM_PWM_Start
                0x0000000008008f34      0x190 ./Drivers/STM32F4xx_HAL_Driver/Src/stm32f4xx_hal_tim.o
                0x0000000008008f34                HAL_TIM_PWM_Start
 .text.HAL_TIM_IRQHandler
                0x00000000080090c4      0x210 ./Drivers/STM32F4xx_HAL_Driver/Src/stm32f4xx_hal_tim.o
                0x00000000080090c4                HAL_TIM_IRQHandler
 .text.HAL_TIM_PWM_ConfigChannel
                0x00000000080092d4      0x184 ./Drivers/STM32F4xx_HAL_Driver/Src/stm32f4xx_hal_tim.o
                0x00000000080092d4                HAL_TIM_PWM_ConfigChannel
 .text.HAL_TIM_ConfigClockSource
                0x0000000008009458      0x18e ./Drivers/STM32F4xx_HAL_Driver/Src/stm32f4xx_hal_tim.o
                0x0000000008009458                HAL_TIM_ConfigClockSource
 .text.HAL_TIM_OC_DelayElapsedCallback
                0x00000000080095e6       0x14 ./Drivers/STM32F4xx_HAL_Driver/Src/stm32f4xx_hal_tim.o
                0x00000000080095e6                HAL_TIM_OC_DelayElapsedCallback
 .text.HAL_TIM_IC_CaptureCallback
                0x00000000080095fa       0x14 ./Drivers/STM32F4xx_HAL_Driver/Src/stm32f4xx_hal_tim.o
                0x00000000080095fa                HAL_TIM_IC_CaptureCallback
 .text.HAL_TIM_PWM_PulseFinishedCallback
                0x000000000800960e       0x14 ./Drivers/STM32F4xx_HAL_Driver/Src/stm32f4xx_hal_tim.o
                0x000000000800960e                HAL_TIM_PWM_PulseFinishedCallback
 .text.HAL_TIM_TriggerCallback
                0x0000000008009622       0x14 ./Drivers/STM32F4xx_HAL_Driver/Src/stm32f4xx_hal_tim.o
                0x0000000008009622                HAL_TIM_TriggerCallback
 *fill*         0x0000000008009636        0x2 
 .text.TIM_Base_SetConfig
                0x0000000008009638      0x140 ./Drivers/STM32F4xx_HAL_Driver/Src/stm32f4xx_hal_tim.o
                0x0000000008009638                TIM_Base_SetConfig
 .text.TIM_OC1_SetConfig
                0x0000000008009778       0xe0 ./Drivers/STM32F4xx_HAL_Driver/Src/stm32f4xx_hal_tim.o
 .text.TIM_OC2_SetConfig
                0x0000000008009858       0xec ./Drivers/STM32F4xx_HAL_Driver/Src/stm32f4xx_hal_tim.o
                0x0000000008009858                TIM_OC2_SetConfig
 .text.TIM_OC3_SetConfig
                0x0000000008009944       0xe8 ./Drivers/STM32F4xx_HAL_Driver/Src/stm32f4xx_hal_tim.o
 .text.TIM_OC4_SetConfig
                0x0000000008009a2c       0xac ./Drivers/STM32F4xx_HAL_Driver/Src/stm32f4xx_hal_tim.o
 .text.TIM_TI1_ConfigInputStage
                0x0000000008009ad8       0x5e ./Drivers/STM32F4xx_HAL_Driver/Src/stm32f4xx_hal_tim.o
 .text.TIM_TI2_ConfigInputStage
                0x0000000008009b36       0x60 ./Drivers/STM32F4xx_HAL_Driver/Src/stm32f4xx_hal_tim.o
 .text.TIM_ITRx_SetConfig
                0x0000000008009b96       0x36 ./Drivers/STM32F4xx_HAL_Driver/Src/stm32f4xx_hal_tim.o
 .text.TIM_ETR_SetConfig
                0x0000000008009bcc       0x40 ./Drivers/STM32F4xx_HAL_Driver/Src/stm32f4xx_hal_tim.o
                0x0000000008009bcc                TIM_ETR_SetConfig
 .text.TIM_CCxChannelCmd
                0x0000000008009c0c       0x4a ./Drivers/STM32F4xx_HAL_Driver/Src/stm32f4xx_hal_tim.o
                0x0000000008009c0c                TIM_CCxChannelCmd
 *fill*         0x0000000008009c56        0x2 
 .text.HAL_TIMEx_MasterConfigSynchronization
                0x0000000008009c58       0xf8 ./Drivers/STM32F4xx_HAL_Driver/Src/stm32f4xx_hal_tim_ex.o
                0x0000000008009c58                HAL_TIMEx_MasterConfigSynchronization
 .text.HAL_TIMEx_ConfigBreakDeadTime
                0x0000000008009d50       0xa4 ./Drivers/STM32F4xx_HAL_Driver/Src/stm32f4xx_hal_tim_ex.o
                0x0000000008009d50                HAL_TIMEx_ConfigBreakDeadTime
 .text.HAL_TIMEx_CommutCallback
                0x0000000008009df4       0x14 ./Drivers/STM32F4xx_HAL_Driver/Src/stm32f4xx_hal_tim_ex.o
                0x0000000008009df4                HAL_TIMEx_CommutCallback
 .text.HAL_TIMEx_BreakCallback
                0x0000000008009e08       0x14 ./Drivers/STM32F4xx_HAL_Driver/Src/stm32f4xx_hal_tim_ex.o
                0x0000000008009e08                HAL_TIMEx_BreakCallback
 .text.HAL_UART_Init
                0x0000000008009e1c       0x9a ./Drivers/STM32F4xx_HAL_Driver/Src/stm32f4xx_hal_uart.o
                0x0000000008009e1c                HAL_UART_Init
 .text.HAL_UART_Transmit
                0x0000000008009eb6      0x124 ./Drivers/STM32F4xx_HAL_Driver/Src/stm32f4xx_hal_uart.o
                0x0000000008009eb6                HAL_UART_Transmit
 .text.HAL_UART_Receive_IT
                0x0000000008009fda       0x60 ./Drivers/STM32F4xx_HAL_Driver/Src/stm32f4xx_hal_uart.o
                0x0000000008009fda                HAL_UART_Receive_IT
 *fill*         0x000000000800a03a        0x2 
 .text.HAL_UART_IRQHandler
                0x000000000800a03c      0x51c ./Drivers/STM32F4xx_HAL_Driver/Src/stm32f4xx_hal_uart.o
                0x000000000800a03c                HAL_UART_IRQHandler
 .text.HAL_UART_TxCpltCallback
                0x000000000800a558       0x14 ./Drivers/STM32F4xx_HAL_Driver/Src/stm32f4xx_hal_uart.o
                0x000000000800a558                HAL_UART_TxCpltCallback
 .text.HAL_UART_ErrorCallback
                0x000000000800a56c       0x14 ./Drivers/STM32F4xx_HAL_Driver/Src/stm32f4xx_hal_uart.o
                0x000000000800a56c                HAL_UART_ErrorCallback
 .text.HAL_UARTEx_RxEventCallback
                0x000000000800a580       0x18 ./Drivers/STM32F4xx_HAL_Driver/Src/stm32f4xx_hal_uart.o
                0x000000000800a580                HAL_UARTEx_RxEventCallback
 .text.UART_WaitOnFlagUntilTimeout
                0x000000000800a598       0xdc ./Drivers/STM32F4xx_HAL_Driver/Src/stm32f4xx_hal_uart.o
 .text.UART_Start_Receive_IT
                0x000000000800a674       0x7c ./Drivers/STM32F4xx_HAL_Driver/Src/stm32f4xx_hal_uart.o
                0x000000000800a674                UART_Start_Receive_IT
 .text.UART_EndRxTransfer
                0x000000000800a6f0       0xc6 ./Drivers/STM32F4xx_HAL_Driver/Src/stm32f4xx_hal_uart.o
 .text.UART_DMAAbortOnError
                0x000000000800a7b6       0x28 ./Drivers/STM32F4xx_HAL_Driver/Src/stm32f4xx_hal_uart.o
 .text.UART_Transmit_IT
                0x000000000800a7de       0xa0 ./Drivers/STM32F4xx_HAL_Driver/Src/stm32f4xx_hal_uart.o
 .text.UART_EndTransmit_IT
                0x000000000800a87e       0x30 ./Drivers/STM32F4xx_HAL_Driver/Src/stm32f4xx_hal_uart.o
 .text.UART_Receive_IT
                0x000000000800a8ae      0x176 ./Drivers/STM32F4xx_HAL_Driver/Src/stm32f4xx_hal_uart.o
 .text.UART_SetConfig
                0x000000000800aa24      0x4e8 ./Drivers/STM32F4xx_HAL_Driver/Src/stm32f4xx_hal_uart.o
 .text.__assert_func
                0x000000000800af0c       0x3c c:/st/stm32cubeide/stm32cubeide/plugins/com.st.stm32cube.ide.mcu.externaltools.gnu-tools-for-stm32.10.3-2021.10.win32_1.0.100.202210260954/tools/bin/../lib/gcc/arm-none-eabi/10.3.1/../../../../arm-none-eabi/lib/thumb/v7e-m+fp/hard\libc_nano.a(lib_a-assert.o)
                0x000000000800af0c                __assert_func
 .text.__errno  0x000000000800af48        0xc c:/st/stm32cubeide/stm32cubeide/plugins/com.st.stm32cube.ide.mcu.externaltools.gnu-tools-for-stm32.10.3-2021.10.win32_1.0.100.202210260954/tools/bin/../lib/gcc/arm-none-eabi/10.3.1/../../../../arm-none-eabi/lib/thumb/v7e-m+fp/hard\libc_nano.a(lib_a-errno.o)
                0x000000000800af48                __errno
 .text.fprintf  0x000000000800af54       0x24 c:/st/stm32cubeide/stm32cubeide/plugins/com.st.stm32cube.ide.mcu.externaltools.gnu-tools-for-stm32.10.3-2021.10.win32_1.0.100.202210260954/tools/bin/../lib/gcc/arm-none-eabi/10.3.1/../../../../arm-none-eabi/lib/thumb/v7e-m+fp/hard\libc_nano.a(lib_a-fprintf.o)
                0x000000000800af54                fiprintf
                0x000000000800af54                fprintf
 .text.__libc_init_array
                0x000000000800af78       0x48 c:/st/stm32cubeide/stm32cubeide/plugins/com.st.stm32cube.ide.mcu.externaltools.gnu-tools-for-stm32.10.3-2021.10.win32_1.0.100.202210260954/tools/bin/../lib/gcc/arm-none-eabi/10.3.1/../../../../arm-none-eabi/lib/thumb/v7e-m+fp/hard\libc_nano.a(lib_a-init.o)
                0x000000000800af78                __libc_init_array
 .text.malloc   0x000000000800afc0       0x10 c:/st/stm32cubeide/stm32cubeide/plugins/com.st.stm32cube.ide.mcu.externaltools.gnu-tools-for-stm32.10.3-2021.10.win32_1.0.100.202210260954/tools/bin/../lib/gcc/arm-none-eabi/10.3.1/../../../../arm-none-eabi/lib/thumb/v7e-m+fp/hard\libc_nano.a(lib_a-malloc.o)
                0x000000000800afc0                malloc
 .text.free     0x000000000800afd0       0x10 c:/st/stm32cubeide/stm32cubeide/plugins/com.st.stm32cube.ide.mcu.externaltools.gnu-tools-for-stm32.10.3-2021.10.win32_1.0.100.202210260954/tools/bin/../lib/gcc/arm-none-eabi/10.3.1/../../../../arm-none-eabi/lib/thumb/v7e-m+fp/hard\libc_nano.a(lib_a-malloc.o)
                0x000000000800afd0                free
 .text.memset   0x000000000800afe0       0x10 c:/st/stm32cubeide/stm32cubeide/plugins/com.st.stm32cube.ide.mcu.externaltools.gnu-tools-for-stm32.10.3-2021.10.win32_1.0.100.202210260954/tools/bin/../lib/gcc/arm-none-eabi/10.3.1/../../../../arm-none-eabi/lib/thumb/v7e-m+fp/hard\libc_nano.a(lib_a-memset.o)
                0x000000000800afe0                memset
 .text._free_r  0x000000000800aff0       0x98 c:/st/stm32cubeide/stm32cubeide/plugins/com.st.stm32cube.ide.mcu.externaltools.gnu-tools-for-stm32.10.3-2021.10.win32_1.0.100.202210260954/tools/bin/../lib/gcc/arm-none-eabi/10.3.1/../../../../arm-none-eabi/lib/thumb/v7e-m+fp/hard\libc_nano.a(lib_a-nano-freer.o)
                0x000000000800aff0                _free_r
 .text.sbrk_aligned
                0x000000000800b088       0x40 c:/st/stm32cubeide/stm32cubeide/plugins/com.st.stm32cube.ide.mcu.externaltools.gnu-tools-for-stm32.10.3-2021.10.win32_1.0.100.202210260954/tools/bin/../lib/gcc/arm-none-eabi/10.3.1/../../../../arm-none-eabi/lib/thumb/v7e-m+fp/hard\libc_nano.a(lib_a-nano-mallocr.o)
 .text._malloc_r
                0x000000000800b0c8       0xe8 c:/st/stm32cubeide/stm32cubeide/plugins/com.st.stm32cube.ide.mcu.externaltools.gnu-tools-for-stm32.10.3-2021.10.win32_1.0.100.202210260954/tools/bin/../lib/gcc/arm-none-eabi/10.3.1/../../../../arm-none-eabi/lib/thumb/v7e-m+fp/hard\libc_nano.a(lib_a-nano-mallocr.o)
                0x000000000800b0c8                _malloc_r
 .text.__sfputc_r
                0x000000000800b1b0       0x2e c:/st/stm32cubeide/stm32cubeide/plugins/com.st.stm32cube.ide.mcu.externaltools.gnu-tools-for-stm32.10.3-2021.10.win32_1.0.100.202210260954/tools/bin/../lib/gcc/arm-none-eabi/10.3.1/../../../../arm-none-eabi/lib/thumb/v7e-m+fp/hard\libc_nano.a(lib_a-nano-vfprintf.o)
 .text.__sfputs_r
                0x000000000800b1de       0x24 c:/st/stm32cubeide/stm32cubeide/plugins/com.st.stm32cube.ide.mcu.externaltools.gnu-tools-for-stm32.10.3-2021.10.win32_1.0.100.202210260954/tools/bin/../lib/gcc/arm-none-eabi/10.3.1/../../../../arm-none-eabi/lib/thumb/v7e-m+fp/hard\libc_nano.a(lib_a-nano-vfprintf.o)
                0x000000000800b1de                __sfputs_r
 *fill*         0x000000000800b202        0x2 
 .text._vfprintf_r
                0x000000000800b204      0x260 c:/st/stm32cubeide/stm32cubeide/plugins/com.st.stm32cube.ide.mcu.externaltools.gnu-tools-for-stm32.10.3-2021.10.win32_1.0.100.202210260954/tools/bin/../lib/gcc/arm-none-eabi/10.3.1/../../../../arm-none-eabi/lib/thumb/v7e-m+fp/hard\libc_nano.a(lib_a-nano-vfprintf.o)
                0x000000000800b204                _vfprintf_r
                0x000000000800b204                _vfiprintf_r
 .text.__cvt    0x000000000800b464       0xc4 c:/st/stm32cubeide/stm32cubeide/plugins/com.st.stm32cube.ide.mcu.externaltools.gnu-tools-for-stm32.10.3-2021.10.win32_1.0.100.202210260954/tools/bin/../lib/gcc/arm-none-eabi/10.3.1/../../../../arm-none-eabi/lib/thumb/v7e-m+fp/hard\libc_nano.a(lib_a-nano-vfprintf_float.o)
                0x000000000800b464                __cvt
 .text.__exponent
                0x000000000800b528       0x7c c:/st/stm32cubeide/stm32cubeide/plugins/com.st.stm32cube.ide.mcu.externaltools.gnu-tools-for-stm32.10.3-2021.10.win32_1.0.100.202210260954/tools/bin/../lib/gcc/arm-none-eabi/10.3.1/../../../../arm-none-eabi/lib/thumb/v7e-m+fp/hard\libc_nano.a(lib_a-nano-vfprintf_float.o)
                0x000000000800b528                __exponent
 .text._printf_float
                0x000000000800b5a4      0x46c c:/st/stm32cubeide/stm32cubeide/plugins/com.st.stm32cube.ide.mcu.externaltools.gnu-tools-for-stm32.10.3-2021.10.win32_1.0.100.202210260954/tools/bin/../lib/gcc/arm-none-eabi/10.3.1/../../../../arm-none-eabi/lib/thumb/v7e-m+fp/hard\libc_nano.a(lib_a-nano-vfprintf_float.o)
                0x000000000800b5a4                _printf_float
 .text._printf_common
                0x000000000800ba10       0xda c:/st/stm32cubeide/stm32cubeide/plugins/com.st.stm32cube.ide.mcu.externaltools.gnu-tools-for-stm32.10.3-2021.10.win32_1.0.100.202210260954/tools/bin/../lib/gcc/arm-none-eabi/10.3.1/../../../../arm-none-eabi/lib/thumb/v7e-m+fp/hard\libc_nano.a(lib_a-nano-vfprintf_i.o)
                0x000000000800ba10                _printf_common
 *fill*         0x000000000800baea        0x2 
 .text._printf_i
                0x000000000800baec      0x24c c:/st/stm32cubeide/stm32cubeide/plugins/com.st.stm32cube.ide.mcu.externaltools.gnu-tools-for-stm32.10.3-2021.10.win32_1.0.100.202210260954/tools/bin/../lib/gcc/arm-none-eabi/10.3.1/../../../../arm-none-eabi/lib/thumb/v7e-m+fp/hard\libc_nano.a(lib_a-nano-vfprintf_i.o)
                0x000000000800baec                _printf_i
 .text._scanf_float
                0x000000000800bd38      0x420 c:/st/stm32cubeide/stm32cubeide/plugins/com.st.stm32cube.ide.mcu.externaltools.gnu-tools-for-stm32.10.3-2021.10.win32_1.0.100.202210260954/tools/bin/../lib/gcc/arm-none-eabi/10.3.1/../../../../arm-none-eabi/lib/thumb/v7e-m+fp/hard\libc_nano.a(lib_a-nano-vfscanf_float.o)
                0x000000000800bd38                _scanf_float
 .text.putchar  0x000000000800c158       0x2c c:/st/stm32cubeide/stm32cubeide/plugins/com.st.stm32cube.ide.mcu.externaltools.gnu-tools-for-stm32.10.3-2021.10.win32_1.0.100.202210260954/tools/bin/../lib/gcc/arm-none-eabi/10.3.1/../../../../arm-none-eabi/lib/thumb/v7e-m+fp/hard\libc_nano.a(lib_a-putchar.o)
                0x000000000800c158                putchar
 .text._sbrk_r  0x000000000800c184       0x20 c:/st/stm32cubeide/stm32cubeide/plugins/com.st.stm32cube.ide.mcu.externaltools.gnu-tools-for-stm32.10.3-2021.10.win32_1.0.100.202210260954/tools/bin/../lib/gcc/arm-none-eabi/10.3.1/../../../../arm-none-eabi/lib/thumb/v7e-m+fp/hard\libc_nano.a(lib_a-sbrkr.o)
                0x000000000800c184                _sbrk_r
 .text.nanf     0x000000000800c1a4        0xc c:/st/stm32cubeide/stm32cubeide/plugins/com.st.stm32cube.ide.mcu.externaltools.gnu-tools-for-stm32.10.3-2021.10.win32_1.0.100.202210260954/tools/bin/../lib/gcc/arm-none-eabi/10.3.1/../../../../arm-none-eabi/lib/thumb/v7e-m+fp/hard\libc_nano.a(lib_a-sf_nan.o)
                0x000000000800c1a4                nanf
 .text.sprintf  0x000000000800c1b0       0x40 c:/st/stm32cubeide/stm32cubeide/plugins/com.st.stm32cube.ide.mcu.externaltools.gnu-tools-for-stm32.10.3-2021.10.win32_1.0.100.202210260954/tools/bin/../lib/gcc/arm-none-eabi/10.3.1/../../../../arm-none-eabi/lib/thumb/v7e-m+fp/hard\libc_nano.a(lib_a-sprintf.o)
                0x000000000800c1b0                siprintf
                0x000000000800c1b0                sprintf
 .text.sscanf   0x000000000800c1f0       0x58 c:/st/stm32cubeide/stm32cubeide/plugins/com.st.stm32cube.ide.mcu.externaltools.gnu-tools-for-stm32.10.3-2021.10.win32_1.0.100.202210260954/tools/bin/../lib/gcc/arm-none-eabi/10.3.1/../../../../arm-none-eabi/lib/thumb/v7e-m+fp/hard\libc_nano.a(lib_a-sscanf.o)
                0x000000000800c1f0                siscanf
                0x000000000800c1f0                sscanf
 .text.__sread  0x000000000800c248       0x22 c:/st/stm32cubeide/stm32cubeide/plugins/com.st.stm32cube.ide.mcu.externaltools.gnu-tools-for-stm32.10.3-2021.10.win32_1.0.100.202210260954/tools/bin/../lib/gcc/arm-none-eabi/10.3.1/../../../../arm-none-eabi/lib/thumb/v7e-m+fp/hard\libc_nano.a(lib_a-stdio.o)
                0x000000000800c248                __sread
 .text.__seofread
                0x000000000800c26a        0x4 c:/st/stm32cubeide/stm32cubeide/plugins/com.st.stm32cube.ide.mcu.externaltools.gnu-tools-for-stm32.10.3-2021.10.win32_1.0.100.202210260954/tools/bin/../lib/gcc/arm-none-eabi/10.3.1/../../../../arm-none-eabi/lib/thumb/v7e-m+fp/hard\libc_nano.a(lib_a-stdio.o)
                0x000000000800c26a                __seofread
 .text.__swrite
                0x000000000800c26e       0x38 c:/st/stm32cubeide/stm32cubeide/plugins/com.st.stm32cube.ide.mcu.externaltools.gnu-tools-for-stm32.10.3-2021.10.win32_1.0.100.202210260954/tools/bin/../lib/gcc/arm-none-eabi/10.3.1/../../../../arm-none-eabi/lib/thumb/v7e-m+fp/hard\libc_nano.a(lib_a-stdio.o)
                0x000000000800c26e                __swrite
 .text.__sseek  0x000000000800c2a6       0x24 c:/st/stm32cubeide/stm32cubeide/plugins/com.st.stm32cube.ide.mcu.externaltools.gnu-tools-for-stm32.10.3-2021.10.win32_1.0.100.202210260954/tools/bin/../lib/gcc/arm-none-eabi/10.3.1/../../../../arm-none-eabi/lib/thumb/v7e-m+fp/hard\libc_nano.a(lib_a-stdio.o)
                0x000000000800c2a6                __sseek
 .text.__sclose
                0x000000000800c2ca        0x8 c:/st/stm32cubeide/stm32cubeide/plugins/com.st.stm32cube.ide.mcu.externaltools.gnu-tools-for-stm32.10.3-2021.10.win32_1.0.100.202210260954/tools/bin/../lib/gcc/arm-none-eabi/10.3.1/../../../../arm-none-eabi/lib/thumb/v7e-m+fp/hard\libc_nano.a(lib_a-stdio.o)
                0x000000000800c2ca                __sclose
 *fill*         0x000000000800c2d2        0x2 
 .text.strdup   0x000000000800c2d4       0x10 c:/st/stm32cubeide/stm32cubeide/plugins/com.st.stm32cube.ide.mcu.externaltools.gnu-tools-for-stm32.10.3-2021.10.win32_1.0.100.202210260954/tools/bin/../lib/gcc/arm-none-eabi/10.3.1/../../../../arm-none-eabi/lib/thumb/v7e-m+fp/hard\libc_nano.a(lib_a-strdup.o)
                0x000000000800c2d4                strdup
 .text._strdup_r
                0x000000000800c2e4       0x2a c:/st/stm32cubeide/stm32cubeide/plugins/com.st.stm32cube.ide.mcu.externaltools.gnu-tools-for-stm32.10.3-2021.10.win32_1.0.100.202210260954/tools/bin/../lib/gcc/arm-none-eabi/10.3.1/../../../../arm-none-eabi/lib/thumb/v7e-m+fp/hard\libc_nano.a(lib_a-strdup_r.o)
                0x000000000800c2e4                _strdup_r
 .text.sulp     0x000000000800c30e       0x38 c:/st/stm32cubeide/stm32cubeide/plugins/com.st.stm32cube.ide.mcu.externaltools.gnu-tools-for-stm32.10.3-2021.10.win32_1.0.100.202210260954/tools/bin/../lib/gcc/arm-none-eabi/10.3.1/../../../../arm-none-eabi/lib/thumb/v7e-m+fp/hard\libc_nano.a(lib_a-strtod.o)
 *fill*         0x000000000800c346        0x2 
 .text._strtod_l
                0x000000000800c348      0xc0c c:/st/stm32cubeide/stm32cubeide/plugins/com.st.stm32cube.ide.mcu.externaltools.gnu-tools-for-stm32.10.3-2021.10.win32_1.0.100.202210260954/tools/bin/../lib/gcc/arm-none-eabi/10.3.1/../../../../arm-none-eabi/lib/thumb/v7e-m+fp/hard\libc_nano.a(lib_a-strtod.o)
                0x000000000800c348                _strtod_l
 .text._strtod_r
                0x000000000800cf54        0xc c:/st/stm32cubeide/stm32cubeide/plugins/com.st.stm32cube.ide.mcu.externaltools.gnu-tools-for-stm32.10.3-2021.10.win32_1.0.100.202210260954/tools/bin/../lib/gcc/arm-none-eabi/10.3.1/../../../../arm-none-eabi/lib/thumb/v7e-m+fp/hard\libc_nano.a(lib_a-strtod.o)
                0x000000000800cf54                _strtod_r
 .text.strtok   0x000000000800cf60       0x68 c:/st/stm32cubeide/stm32cubeide/plugins/com.st.stm32cube.ide.mcu.externaltools.gnu-tools-for-stm32.10.3-2021.10.win32_1.0.100.202210260954/tools/bin/../lib/gcc/arm-none-eabi/10.3.1/../../../../arm-none-eabi/lib/thumb/v7e-m+fp/hard\libc_nano.a(lib_a-strtok.o)
                0x000000000800cf60                strtok
 .text.__strtok_r
                0x000000000800cfc8       0x50 c:/st/stm32cubeide/stm32cubeide/plugins/com.st.stm32cube.ide.mcu.externaltools.gnu-tools-for-stm32.10.3-2021.10.win32_1.0.100.202210260954/tools/bin/../lib/gcc/arm-none-eabi/10.3.1/../../../../arm-none-eabi/lib/thumb/v7e-m+fp/hard\libc_nano.a(lib_a-strtok_r.o)
                0x000000000800cfc8                __strtok_r
 .text._strtol_l.constprop.0
                0x000000000800d018      0x104 c:/st/stm32cubeide/stm32cubeide/plugins/com.st.stm32cube.ide.mcu.externaltools.gnu-tools-for-stm32.10.3-2021.10.win32_1.0.100.202210260954/tools/bin/../lib/gcc/arm-none-eabi/10.3.1/../../../../arm-none-eabi/lib/thumb/v7e-m+fp/hard\libc_nano.a(lib_a-strtol.o)
 .text._strtol_r
                0x000000000800d11c        0x4 c:/st/stm32cubeide/stm32cubeide/plugins/com.st.stm32cube.ide.mcu.externaltools.gnu-tools-for-stm32.10.3-2021.10.win32_1.0.100.202210260954/tools/bin/../lib/gcc/arm-none-eabi/10.3.1/../../../../arm-none-eabi/lib/thumb/v7e-m+fp/hard\libc_nano.a(lib_a-strtol.o)
                0x000000000800d11c                _strtol_r
 .text.__swbuf_r
                0x000000000800d120       0xa4 c:/st/stm32cubeide/stm32cubeide/plugins/com.st.stm32cube.ide.mcu.externaltools.gnu-tools-for-stm32.10.3-2021.10.win32_1.0.100.202210260954/tools/bin/../lib/gcc/arm-none-eabi/10.3.1/../../../../arm-none-eabi/lib/thumb/v7e-m+fp/hard\libc_nano.a(lib_a-wbuf.o)
                0x000000000800d120                __swbuf_r
 .text._write_r
                0x000000000800d1c4       0x24 c:/st/stm32cubeide/stm32cubeide/plugins/com.st.stm32cube.ide.mcu.externaltools.gnu-tools-for-stm32.10.3-2021.10.win32_1.0.100.202210260954/tools/bin/../lib/gcc/arm-none-eabi/10.3.1/../../../../arm-none-eabi/lib/thumb/v7e-m+fp/hard\libc_nano.a(lib_a-writer.o)
                0x000000000800d1c4                _write_r
 .text.__swsetup_r
                0x000000000800d1e8       0xdc c:/st/stm32cubeide/stm32cubeide/plugins/com.st.stm32cube.ide.mcu.externaltools.gnu-tools-for-stm32.10.3-2021.10.win32_1.0.100.202210260954/tools/bin/../lib/gcc/arm-none-eabi/10.3.1/../../../../arm-none-eabi/lib/thumb/v7e-m+fp/hard\libc_nano.a(lib_a-wsetup.o)
                0x000000000800d1e8                __swsetup_r
 .text.abort    0x000000000800d2c4        0xe c:/st/stm32cubeide/stm32cubeide/plugins/com.st.stm32cube.ide.mcu.externaltools.gnu-tools-for-stm32.10.3-2021.10.win32_1.0.100.202210260954/tools/bin/../lib/gcc/arm-none-eabi/10.3.1/../../../../arm-none-eabi/lib/thumb/v7e-m+fp/hard\libc_nano.a(lib_a-abort.o)
                0x000000000800d2c4                abort
 *fill*         0x000000000800d2d2        0x2 
 .text._close_r
                0x000000000800d2d4       0x20 c:/st/stm32cubeide/stm32cubeide/plugins/com.st.stm32cube.ide.mcu.externaltools.gnu-tools-for-stm32.10.3-2021.10.win32_1.0.100.202210260954/tools/bin/../lib/gcc/arm-none-eabi/10.3.1/../../../../arm-none-eabi/lib/thumb/v7e-m+fp/hard\libc_nano.a(lib_a-closer.o)
                0x000000000800d2d4                _close_r
 .text.quorem   0x000000000800d2f4      0x116 c:/st/stm32cubeide/stm32cubeide/plugins/com.st.stm32cube.ide.mcu.externaltools.gnu-tools-for-stm32.10.3-2021.10.win32_1.0.100.202210260954/tools/bin/../lib/gcc/arm-none-eabi/10.3.1/../../../../arm-none-eabi/lib/thumb/v7e-m+fp/hard\libc_nano.a(lib_a-dtoa.o)
 *fill*         0x000000000800d40a        0x6 
 .text._dtoa_r  0x000000000800d410      0xbdc c:/st/stm32cubeide/stm32cubeide/plugins/com.st.stm32cube.ide.mcu.externaltools.gnu-tools-for-stm32.10.3-2021.10.win32_1.0.100.202210260954/tools/bin/../lib/gcc/arm-none-eabi/10.3.1/../../../../arm-none-eabi/lib/thumb/v7e-m+fp/hard\libc_nano.a(lib_a-dtoa.o)
                0x000000000800d410                _dtoa_r
 .text.__sflush_r
                0x000000000800dfec      0x10c c:/st/stm32cubeide/stm32cubeide/plugins/com.st.stm32cube.ide.mcu.externaltools.gnu-tools-for-stm32.10.3-2021.10.win32_1.0.100.202210260954/tools/bin/../lib/gcc/arm-none-eabi/10.3.1/../../../../arm-none-eabi/lib/thumb/v7e-m+fp/hard\libc_nano.a(lib_a-fflush.o)
                0x000000000800dfec                __sflush_r
 .text._fflush_r
                0x000000000800e0f8       0x78 c:/st/stm32cubeide/stm32cubeide/plugins/com.st.stm32cube.ide.mcu.externaltools.gnu-tools-for-stm32.10.3-2021.10.win32_1.0.100.202210260954/tools/bin/../lib/gcc/arm-none-eabi/10.3.1/../../../../arm-none-eabi/lib/thumb/v7e-m+fp/hard\libc_nano.a(lib_a-fflush.o)
                0x000000000800e0f8                _fflush_r
 .text.std      0x000000000800e170       0x48 c:/st/stm32cubeide/stm32cubeide/plugins/com.st.stm32cube.ide.mcu.externaltools.gnu-tools-for-stm32.10.3-2021.10.win32_1.0.100.202210260954/tools/bin/../lib/gcc/arm-none-eabi/10.3.1/../../../../arm-none-eabi/lib/thumb/v7e-m+fp/hard\libc_nano.a(lib_a-findfp.o)
 .text._cleanup_r
                0x000000000800e1b8        0xc c:/st/stm32cubeide/stm32cubeide/plugins/com.st.stm32cube.ide.mcu.externaltools.gnu-tools-for-stm32.10.3-2021.10.win32_1.0.100.202210260954/tools/bin/../lib/gcc/arm-none-eabi/10.3.1/../../../../arm-none-eabi/lib/thumb/v7e-m+fp/hard\libc_nano.a(lib_a-findfp.o)
                0x000000000800e1b8                _cleanup_r
 .text.__sfmoreglue
                0x000000000800e1c4       0x2c c:/st/stm32cubeide/stm32cubeide/plugins/com.st.stm32cube.ide.mcu.externaltools.gnu-tools-for-stm32.10.3-2021.10.win32_1.0.100.202210260954/tools/bin/../lib/gcc/arm-none-eabi/10.3.1/../../../../arm-none-eabi/lib/thumb/v7e-m+fp/hard\libc_nano.a(lib_a-findfp.o)
                0x000000000800e1c4                __sfmoreglue
 .text.__sfp_lock_acquire
                0x000000000800e1f0        0xc c:/st/stm32cubeide/stm32cubeide/plugins/com.st.stm32cube.ide.mcu.externaltools.gnu-tools-for-stm32.10.3-2021.10.win32_1.0.100.202210260954/tools/bin/../lib/gcc/arm-none-eabi/10.3.1/../../../../arm-none-eabi/lib/thumb/v7e-m+fp/hard\libc_nano.a(lib_a-findfp.o)
                0x000000000800e1f0                __sfp_lock_acquire
 .text.__sfp_lock_release
                0x000000000800e1fc        0xc c:/st/stm32cubeide/stm32cubeide/plugins/com.st.stm32cube.ide.mcu.externaltools.gnu-tools-for-stm32.10.3-2021.10.win32_1.0.100.202210260954/tools/bin/../lib/gcc/arm-none-eabi/10.3.1/../../../../arm-none-eabi/lib/thumb/v7e-m+fp/hard\libc_nano.a(lib_a-findfp.o)
                0x000000000800e1fc                __sfp_lock_release
 .text.__sinit_lock_acquire
                0x000000000800e208        0xc c:/st/stm32cubeide/stm32cubeide/plugins/com.st.stm32cube.ide.mcu.externaltools.gnu-tools-for-stm32.10.3-2021.10.win32_1.0.100.202210260954/tools/bin/../lib/gcc/arm-none-eabi/10.3.1/../../../../arm-none-eabi/lib/thumb/v7e-m+fp/hard\libc_nano.a(lib_a-findfp.o)
                0x000000000800e208                __sinit_lock_acquire
 .text.__sinit_lock_release
                0x000000000800e214        0xc c:/st/stm32cubeide/stm32cubeide/plugins/com.st.stm32cube.ide.mcu.externaltools.gnu-tools-for-stm32.10.3-2021.10.win32_1.0.100.202210260954/tools/bin/../lib/gcc/arm-none-eabi/10.3.1/../../../../arm-none-eabi/lib/thumb/v7e-m+fp/hard\libc_nano.a(lib_a-findfp.o)
                0x000000000800e214                __sinit_lock_release
 .text.__sinit  0x000000000800e220       0x70 c:/st/stm32cubeide/stm32cubeide/plugins/com.st.stm32cube.ide.mcu.externaltools.gnu-tools-for-stm32.10.3-2021.10.win32_1.0.100.202210260954/tools/bin/../lib/gcc/arm-none-eabi/10.3.1/../../../../arm-none-eabi/lib/thumb/v7e-m+fp/hard\libc_nano.a(lib_a-findfp.o)
                0x000000000800e220                __sinit
 .text.__sfp    0x000000000800e290       0x8c c:/st/stm32cubeide/stm32cubeide/plugins/com.st.stm32cube.ide.mcu.externaltools.gnu-tools-for-stm32.10.3-2021.10.win32_1.0.100.202210260954/tools/bin/../lib/gcc/arm-none-eabi/10.3.1/../../../../arm-none-eabi/lib/thumb/v7e-m+fp/hard\libc_nano.a(lib_a-findfp.o)
                0x000000000800e290                __sfp
 .text._fwalk_reent
                0x000000000800e31c       0x3e c:/st/stm32cubeide/stm32cubeide/plugins/com.st.stm32cube.ide.mcu.externaltools.gnu-tools-for-stm32.10.3-2021.10.win32_1.0.100.202210260954/tools/bin/../lib/gcc/arm-none-eabi/10.3.1/../../../../arm-none-eabi/lib/thumb/v7e-m+fp/hard\libc_nano.a(lib_a-fwalk.o)
                0x000000000800e31c                _fwalk_reent
 .text.rshift   0x000000000800e35a       0xa4 c:/st/stm32cubeide/stm32cubeide/plugins/com.st.stm32cube.ide.mcu.externaltools.gnu-tools-for-stm32.10.3-2021.10.win32_1.0.100.202210260954/tools/bin/../lib/gcc/arm-none-eabi/10.3.1/../../../../arm-none-eabi/lib/thumb/v7e-m+fp/hard\libc_nano.a(lib_a-gdtoa-gethex.o)
 .text.__hexdig_fun
                0x000000000800e3fe       0x2a c:/st/stm32cubeide/stm32cubeide/plugins/com.st.stm32cube.ide.mcu.externaltools.gnu-tools-for-stm32.10.3-2021.10.win32_1.0.100.202210260954/tools/bin/../lib/gcc/arm-none-eabi/10.3.1/../../../../arm-none-eabi/lib/thumb/v7e-m+fp/hard\libc_nano.a(lib_a-gdtoa-gethex.o)
                0x000000000800e3fe                __hexdig_fun
 .text.__gethex
                0x000000000800e428      0x48c c:/st/stm32cubeide/stm32cubeide/plugins/com.st.stm32cube.ide.mcu.externaltools.gnu-tools-for-stm32.10.3-2021.10.win32_1.0.100.202210260954/tools/bin/../lib/gcc/arm-none-eabi/10.3.1/../../../../arm-none-eabi/lib/thumb/v7e-m+fp/hard\libc_nano.a(lib_a-gdtoa-gethex.o)
                0x000000000800e428                __gethex
 .text.L_shift  0x000000000800e8b4       0x24 c:/st/stm32cubeide/stm32cubeide/plugins/com.st.stm32cube.ide.mcu.externaltools.gnu-tools-for-stm32.10.3-2021.10.win32_1.0.100.202210260954/tools/bin/../lib/gcc/arm-none-eabi/10.3.1/../../../../arm-none-eabi/lib/thumb/v7e-m+fp/hard\libc_nano.a(lib_a-gdtoa-hexnan.o)
 .text.__match  0x000000000800e8d8       0x28 c:/st/stm32cubeide/stm32cubeide/plugins/com.st.stm32cube.ide.mcu.externaltools.gnu-tools-for-stm32.10.3-2021.10.win32_1.0.100.202210260954/tools/bin/../lib/gcc/arm-none-eabi/10.3.1/../../../../arm-none-eabi/lib/thumb/v7e-m+fp/hard\libc_nano.a(lib_a-gdtoa-hexnan.o)
                0x000000000800e8d8                __match
 .text.__hexnan
                0x000000000800e900      0x138 c:/st/stm32cubeide/stm32cubeide/plugins/com.st.stm32cube.ide.mcu.externaltools.gnu-tools-for-stm32.10.3-2021.10.win32_1.0.100.202210260954/tools/bin/../lib/gcc/arm-none-eabi/10.3.1/../../../../arm-none-eabi/lib/thumb/v7e-m+fp/hard\libc_nano.a(lib_a-gdtoa-hexnan.o)
                0x000000000800e900                __hexnan
 .text._localeconv_r
                0x000000000800ea38        0x8 c:/st/stm32cubeide/stm32cubeide/plugins/com.st.stm32cube.ide.mcu.externaltools.gnu-tools-for-stm32.10.3-2021.10.win32_1.0.100.202210260954/tools/bin/../lib/gcc/arm-none-eabi/10.3.1/../../../../arm-none-eabi/lib/thumb/v7e-m+fp/hard\libc_nano.a(lib_a-localeconv.o)
                0x000000000800ea38                _localeconv_r
 .text.__retarget_lock_init_recursive