../Core/Src/main.c:126:5:main	8	static
../Core/Src/main.c:231:6:SystemClock_Config	88	static
../Core/Src/main.c:278:13:MX_ADC1_Init	24	static
../Core/Src/main.c:375:13:MX_ADC2_Init	24	static
../Core/Src/main.c:454:13:MX_IWDG_Init	8	static
../Core/Src/main.c:482:13:MX_TIM1_Init	96	static
../Core/Src/main.c:560:13:MX_TIM2_Init	32	static
../Core/Src/main.c:605:13:MX_TIM3_Init	64	static
../Core/Src/main.c:668:13:MX_TIM4_Init	64	static
../Core/Src/main.c:731:13:MX_TIM5_Init	32	static
../Core/Src/main.c:776:13:MX_TIM6_Init	16	static
../Core/Src/main.c:814:13:MX_TIM8_Init	96	static
../Core/Src/main.c:889:13:MX_USART1_UART_Init	8	static
../Core/Src/main.c:920:13:MX_DMA_Init	16	static
../Core/Src/main.c:941:13:MX_GPIO_Init	56	static
../Core/Src/main.c:989:6:HAL_TIM_PeriodElapsedCallback	96	static
../Core/Src/main.c:1041:6:Error_Handler	8	static,ignoring_inline_asm
