../Core/Src/main.c:122:5:main	16	static
../Core/Src/main.c:255:6:SystemClock_Config	88	static
../Core/Src/main.c:302:13:MX_ADC1_Init	24	static
../Core/Src/main.c:399:13:MX_ADC2_Init	24	static
../Core/Src/main.c:478:13:MX_IWDG_Init	8	static
../Core/Src/main.c:506:13:MX_TIM1_Init	96	static
../Core/Src/main.c:584:13:MX_TIM2_Init	32	static
../Core/Src/main.c:629:13:MX_TIM3_Init	64	static
../Core/Src/main.c:693:13:MX_TIM4_Init	64	static
../Core/Src/main.c:757:13:MX_TIM5_Init	32	static
../Core/Src/main.c:802:13:MX_TIM6_Init	16	static
../Core/Src/main.c:840:13:MX_TIM8_Init	96	static
../Core/Src/main.c:915:13:MX_USART1_UART_Init	8	static
../Core/Src/main.c:946:13:MX_DMA_Init	16	static
../Core/Src/main.c:967:13:MX_GPIO_Init	56	static
../Core/Src/main.c:1025:6:HAL_TIM_PeriodElapsedCallback	32	static
../Core/Src/main.c:1057:6:Error_Handler	8	static,ignoring_inline_asm
