../Core/Src/Parameters.c:672:6:InitParams	16	static
../Core/Src/Parameters.c:775:6:setU_HeaterSet	24	static
../Core/Src/Parameters.c:788:12:getU_HeaterSet	4	static
../Core/Src/Parameters.c:792:6:setU_HeaterOnOff	16	static
../Core/Src/Parameters.c:798:12:getU_HeaterOnOff	4	static
../Core/Src/Parameters.c:802:6:setU_HeaterMin	16	static
../Core/Src/Parameters.c:811:12:getU_HeaterMin	4	static
../Core/Src/Parameters.c:815:6:setU_HeaterMax	16	static
../Core/Src/Parameters.c:824:12:getU_HeaterMax	4	static
../Core/Src/Parameters.c:829:6:setU_24Vmeas	16	static
../Core/Src/Parameters.c:833:12:getU_24Vmeas	4	static
../Core/Src/Parameters.c:837:6:setU_24Vcoeff	16	static
../Core/Src/Parameters.c:847:12:getU_24Vcoeff	4	static
../Core/Src/Parameters.c:852:6:setU_HeaterMeas	16	static
../Core/Src/Parameters.c:856:12:getU_HeaterMeas	4	static
../Core/Src/Parameters.c:860:6:setU_HeaterCoeff	16	static
../Core/Src/Parameters.c:870:12:getU_HeaterCoeff	4	static
../Core/Src/Parameters.c:874:6:setU_24V_Min	16	static
../Core/Src/Parameters.c:883:12:getU_24V_Min	4	static
../Core/Src/Parameters.c:887:6:setU_24V_Max	16	static
../Core/Src/Parameters.c:896:12:getU_24V_Max	4	static
../Core/Src/Parameters.c:900:6:setI_1A	16	static
../Core/Src/Parameters.c:904:12:getI_1A	4	static
../Core/Src/Parameters.c:907:6:setI_1B	16	static
../Core/Src/Parameters.c:911:12:getI_1B	4	static
../Core/Src/Parameters.c:914:6:setI_2A	16	static
../Core/Src/Parameters.c:918:12:getI_2A	4	static
../Core/Src/Parameters.c:921:6:setI_2B	16	static
../Core/Src/Parameters.c:925:12:getI_2B	4	static
../Core/Src/Parameters.c:929:6:setI_1A_Coeff	16	static
../Core/Src/Parameters.c:938:12:getI_1A_Coeff	4	static
../Core/Src/Parameters.c:941:6:setI_1B_Coeff	16	static
../Core/Src/Parameters.c:950:12:getI_1B_Coeff	4	static
../Core/Src/Parameters.c:953:6:setI_2A_Coeff	16	static
../Core/Src/Parameters.c:962:12:getI_2A_Coeff	4	static
../Core/Src/Parameters.c:965:6:setI_2B_Coeff	16	static
../Core/Src/Parameters.c:974:12:getI_2B_Coeff	4	static
../Core/Src/Parameters.c:978:6:setI_1A_Max	16	static
../Core/Src/Parameters.c:987:12:getI_1A_Max	4	static
../Core/Src/Parameters.c:990:6:setI_1B_Max	16	static
../Core/Src/Parameters.c:999:12:getI_1B_Max	4	static
../Core/Src/Parameters.c:1002:6:setI_2A_Max	16	static
../Core/Src/Parameters.c:1011:12:getI_2A_Max	4	static
../Core/Src/Parameters.c:1014:6:setI_2B_Max	16	static
../Core/Src/Parameters.c:1023:12:getI_2B_Max	4	static
../Core/Src/Parameters.c:1028:6:setTemp1	16	static
../Core/Src/Parameters.c:1032:12:getTemp1	4	static
../Core/Src/Parameters.c:1035:6:setTemp2	16	static
../Core/Src/Parameters.c:1039:12:getTemp2	4	static
../Core/Src/Parameters.c:1042:6:setTemp3	16	static
../Core/Src/Parameters.c:1046:12:getTemp3	4	static
../Core/Src/Parameters.c:1049:6:setTemp4	16	static
../Core/Src/Parameters.c:1053:12:getTemp4	4	static
../Core/Src/Parameters.c:1057:6:setTemp1_coeff	16	static
../Core/Src/Parameters.c:1066:12:getTemp1_coeff	4	static
../Core/Src/Parameters.c:1069:6:setTemp2_coeff	16	static
../Core/Src/Parameters.c:1078:12:getTemp2_coeff	4	static
../Core/Src/Parameters.c:1081:6:setTemp3_coeff	16	static
../Core/Src/Parameters.c:1090:12:getTemp3_coeff	4	static
../Core/Src/Parameters.c:1093:6:setTemp4_coeff	16	static
../Core/Src/Parameters.c:1102:12:getTemp4_coeff	4	static
../Core/Src/Parameters.c:1106:6:setTemp1_Min	16	static
../Core/Src/Parameters.c:1115:12:getTemp1_Min	4	static
../Core/Src/Parameters.c:1119:6:setTemp1_Max	16	static
../Core/Src/Parameters.c:1128:12:getTemp1_Max	4	static
../Core/Src/Parameters.c:1131:6:setTemp2_Min	16	static
../Core/Src/Parameters.c:1140:12:getTemp2_Min	4	static
../Core/Src/Parameters.c:1144:6:setTemp2_Max	16	static
../Core/Src/Parameters.c:1153:12:getTemp2_Max	4	static
../Core/Src/Parameters.c:1156:6:setTemp3_Min	16	static
../Core/Src/Parameters.c:1165:12:getTemp3_Min	4	static
../Core/Src/Parameters.c:1169:6:setTemp3_Max	16	static
../Core/Src/Parameters.c:1178:12:getTemp3_Max	4	static
../Core/Src/Parameters.c:1181:6:setTemp4_Min	16	static
../Core/Src/Parameters.c:1190:12:getTemp4_Min	4	static
../Core/Src/Parameters.c:1194:6:setTemp4_Max	16	static
../Core/Src/Parameters.c:1203:12:getTemp4_Max	4	static
../Core/Src/Parameters.c:1207:6:setLoadSelect1	16	static
../Core/Src/Parameters.c:1212:12:getLoadSelect1	4	static
../Core/Src/Parameters.c:1215:6:setLoadSelect2	16	static
../Core/Src/Parameters.c:1220:12:getLoadSelect2	4	static
../Core/Src/Parameters.c:1224:6:setModeSelect1	16	static
../Core/Src/Parameters.c:1229:12:getModeSelect1	4	static
../Core/Src/Parameters.c:1232:6:setModeSelect2	16	static
../Core/Src/Parameters.c:1237:12:getModeSelect2	4	static
../Core/Src/Parameters.c:1241:6:setCh1_OnOff	16	static
../Core/Src/Parameters.c:1246:12:getCh1_OnOff	4	static
../Core/Src/Parameters.c:1249:6:setCh2_OnOff	16	static
../Core/Src/Parameters.c:1254:12:getCh2_OnOff	4	static
../Core/Src/Parameters.c:1258:6:setSourceSelect1	16	static
../Core/Src/Parameters.c:1263:12:getSourceSelect1	4	static
../Core/Src/Parameters.c:1266:6:setSourceSelect2	16	static
../Core/Src/Parameters.c:1271:12:getSourceSelect2	4	static
../Core/Src/Parameters.c:1275:6:setPcoeff1Temp	16	static
../Core/Src/Parameters.c:1284:12:getPcoeff1Temp	4	static
../Core/Src/Parameters.c:1287:6:setPcoeff2Temp	16	static
../Core/Src/Parameters.c:1296:12:getPcoeff2Temp	4	static
../Core/Src/Parameters.c:1299:6:setIcoeff1Temp	16	static
../Core/Src/Parameters.c:1308:12:getIcoeff1Temp	4	static
../Core/Src/Parameters.c:1311:6:setIcoeff2Temp	16	static
../Core/Src/Parameters.c:1320:12:getIcoeff2Temp	4	static
../Core/Src/Parameters.c:1323:6:setDcoeff1Temp	16	static
../Core/Src/Parameters.c:1332:12:getDcoeff1Temp	4	static
../Core/Src/Parameters.c:1335:6:setDcoeff2Temp	16	static
../Core/Src/Parameters.c:1345:12:getDcoeff2Temp	4	static
../Core/Src/Parameters.c:1350:6:setPcoeff1Freq	16	static
../Core/Src/Parameters.c:1359:12:getPcoeff1Freq	4	static
../Core/Src/Parameters.c:1362:6:setPcoeff2Freq	16	static
../Core/Src/Parameters.c:1371:12:getPcoeff2Freq	4	static
../Core/Src/Parameters.c:1374:6:setIcoeff1Freq	16	static
../Core/Src/Parameters.c:1383:12:getIcoeff1Freq	4	static
../Core/Src/Parameters.c:1386:6:setIcoeff2Freq	16	static
../Core/Src/Parameters.c:1395:12:getIcoeff2Freq	4	static
../Core/Src/Parameters.c:1398:6:setDcoeff1Freq	16	static
../Core/Src/Parameters.c:1407:12:getDcoeff1Freq	4	static
../Core/Src/Parameters.c:1410:6:setDcoeff2Freq	16	static
../Core/Src/Parameters.c:1420:12:getDcoeff2Freq	4	static
../Core/Src/Parameters.c:1424:6:setTempCh1Set	16	static
../Core/Src/Parameters.c:1433:12:getTempCh1Set	4	static
../Core/Src/Parameters.c:1436:6:setTempCh2Set	16	static
../Core/Src/Parameters.c:1445:12:getTempCh2Set	4	static
../Core/Src/Parameters.c:1449:6:setI1Set	16	static
../Core/Src/Parameters.c:1458:12:getI1Set	4	static
../Core/Src/Parameters.c:1461:6:setI2Set	16	static
../Core/Src/Parameters.c:1470:12:getI2Set	4	static
../Core/Src/Parameters.c:1474:6:setGate1A_OnOff	16	static
../Core/Src/Parameters.c:1479:12:getGate1A_OnOff	4	static
../Core/Src/Parameters.c:1482:6:setGate1B_OnOff	16	static
../Core/Src/Parameters.c:1487:12:getGate1B_OnOff	4	static
../Core/Src/Parameters.c:1490:6:setGate2A_OnOff	16	static
../Core/Src/Parameters.c:1495:12:getGate2A_OnOff	4	static
../Core/Src/Parameters.c:1498:6:setGate2B_OnOff	16	static
../Core/Src/Parameters.c:1503:12:getGate2B_OnOff	4	static
../Core/Src/Parameters.c:1507:6:setGateH1A	16	static
../Core/Src/Parameters.c:1512:12:getGateH1A	4	static
../Core/Src/Parameters.c:1515:6:setGateH1B	16	static
../Core/Src/Parameters.c:1520:12:getGateH1B	4	static
../Core/Src/Parameters.c:1523:6:setGateH2A	16	static
../Core/Src/Parameters.c:1528:12:getGateH2A	4	static
../Core/Src/Parameters.c:1531:6:setGateH2B	16	static
../Core/Src/Parameters.c:1536:12:getGateH2B	4	static
../Core/Src/Parameters.c:1540:6:setPWM_CH1	16	static
../Core/Src/Parameters.c:1549:12:getPWM_CH1	4	static
../Core/Src/Parameters.c:1553:6:setPWM_CH2	16	static
../Core/Src/Parameters.c:1562:12:getPWM_CH2	4	static
../Core/Src/Parameters.c:1566:6:setCH1_Polarity	16	static
../Core/Src/Parameters.c:1571:12:getCH1_Polarity	4	static
../Core/Src/Parameters.c:1575:6:setCH2_Polarity	16	static
../Core/Src/Parameters.c:1580:12:getCH2_Polarity	4	static
../Core/Src/Parameters.c:1584:6:setFreq	16	static
../Core/Src/Parameters.c:1588:12:getFreq	4	static
../Core/Src/Parameters.c:1592:6:setFreqSet	16	static
../Core/Src/Parameters.c:1601:12:getFreqSet	4	static
../Core/Src/Parameters.c:1606:6:commandParamList	168	static
../Core/Src/Parameters.c:1624:6:commandSaveFlash	8	static
