../Core/Src/Parameters.c:515:6:InitParams	16	static
../Core/Src/Parameters.c:595:6:setU_PowerSet	24	static
../Core/Src/Parameters.c:608:12:getU_PowerSet	4	static
../Core/Src/Parameters.c:612:6:setU_PowerOnOff	16	static
../Core/Src/Parameters.c:617:12:getU_PowerOnOff	4	static
../Core/Src/Parameters.c:621:6:setU_PowerMin	16	static
../Core/Src/Parameters.c:630:12:getU_PowerMin	4	static
../Core/Src/Parameters.c:634:6:setU_PowerMax	16	static
../Core/Src/Parameters.c:643:12:getU_PowerMax	4	static
../Core/Src/Parameters.c:648:6:setU_24Vmeas	16	static
../Core/Src/Parameters.c:652:12:getU_24Vmeas	4	static
../Core/Src/Parameters.c:656:6:setU_24Vcoeff	16	static
../Core/Src/Parameters.c:666:12:getU_24Vcoeff	4	static
../Core/Src/Parameters.c:671:6:setU_PowerMeas	16	static
../Core/Src/Parameters.c:675:12:getU_PowerMeas	4	static
../Core/Src/Parameters.c:679:6:setU_PowerCoeff	16	static
../Core/Src/Parameters.c:689:12:getU_PowerCoeff	4	static
../Core/Src/Parameters.c:693:6:setI_1A	16	static
../Core/Src/Parameters.c:697:12:getI_1A	4	static
../Core/Src/Parameters.c:700:6:setI_1B	16	static
../Core/Src/Parameters.c:704:12:getI_1B	4	static
../Core/Src/Parameters.c:707:6:setI_2A	16	static
../Core/Src/Parameters.c:711:12:getI_2A	4	static
../Core/Src/Parameters.c:714:6:setI_2B	16	static
../Core/Src/Parameters.c:718:12:getI_2B	4	static
../Core/Src/Parameters.c:722:6:setI_1A_Coeff	16	static
../Core/Src/Parameters.c:731:12:getI_1A_Coeff	4	static
../Core/Src/Parameters.c:734:6:setI_1B_Coeff	16	static
../Core/Src/Parameters.c:743:12:getI_1B_Coeff	4	static
../Core/Src/Parameters.c:746:6:setI_2A_Coeff	16	static
../Core/Src/Parameters.c:755:12:getI_2A_Coeff	4	static
../Core/Src/Parameters.c:758:6:setI_2B_Coeff	16	static
../Core/Src/Parameters.c:767:12:getI_2B_Coeff	4	static
../Core/Src/Parameters.c:772:6:setTemp1	16	static
../Core/Src/Parameters.c:776:12:getTemp1	4	static
../Core/Src/Parameters.c:779:6:setTemp2	16	static
../Core/Src/Parameters.c:783:12:getTemp2	4	static
../Core/Src/Parameters.c:786:6:setTemp3	16	static
../Core/Src/Parameters.c:790:12:getTemp3	4	static
../Core/Src/Parameters.c:793:6:setTemp4	16	static
../Core/Src/Parameters.c:797:12:getTemp4	4	static
../Core/Src/Parameters.c:801:6:setTemp1_coeff	16	static
../Core/Src/Parameters.c:810:12:getTemp1_coeff	4	static
../Core/Src/Parameters.c:813:6:setTemp2_coeff	16	static
../Core/Src/Parameters.c:822:12:getTemp2_coeff	4	static
../Core/Src/Parameters.c:825:6:setTemp3_coeff	16	static
../Core/Src/Parameters.c:834:12:getTemp3_coeff	4	static
../Core/Src/Parameters.c:837:6:setTemp4_coeff	16	static
../Core/Src/Parameters.c:846:12:getTemp4_coeff	4	static
../Core/Src/Parameters.c:850:6:setLoadSelect1	16	static
../Core/Src/Parameters.c:854:12:getLoadSelect1	4	static
../Core/Src/Parameters.c:857:6:setLoadSelect2	16	static
../Core/Src/Parameters.c:861:12:getLoadSelect2	4	static
../Core/Src/Parameters.c:865:6:setModeSelect1	16	static
../Core/Src/Parameters.c:869:12:getModeSelect1	4	static
../Core/Src/Parameters.c:872:6:setModeSelect2	16	static
../Core/Src/Parameters.c:876:12:getModeSelect2	4	static
../Core/Src/Parameters.c:880:6:setCh1_OnOff	16	static
../Core/Src/Parameters.c:884:12:getCh1_OnOff	4	static
../Core/Src/Parameters.c:887:6:setCh2_OnOff	16	static
../Core/Src/Parameters.c:891:12:getCh2_OnOff	4	static
../Core/Src/Parameters.c:895:6:setSourceSelect1	16	static
../Core/Src/Parameters.c:899:12:getSourceSelect1	4	static
../Core/Src/Parameters.c:902:6:setSourceSelect2	16	static
../Core/Src/Parameters.c:906:12:getSourceSelect2	4	static
../Core/Src/Parameters.c:910:6:setPcoeff1Temp	16	static
../Core/Src/Parameters.c:919:12:getPcoeff1Temp	4	static
../Core/Src/Parameters.c:922:6:setPcoeff2Temp	16	static
../Core/Src/Parameters.c:931:12:getPcoeff2Temp	4	static
../Core/Src/Parameters.c:934:6:setIcoeff1Temp	16	static
../Core/Src/Parameters.c:943:12:getIcoeff1Temp	4	static
../Core/Src/Parameters.c:946:6:setIcoeff2Temp	16	static
../Core/Src/Parameters.c:955:12:getIcoeff2Temp	4	static
../Core/Src/Parameters.c:958:6:setDcoeff1Temp	16	static
../Core/Src/Parameters.c:967:12:getDcoeff1Temp	4	static
../Core/Src/Parameters.c:970:6:setDcoeff2Temp	16	static
../Core/Src/Parameters.c:980:12:getDcoeff2Temp	4	static
../Core/Src/Parameters.c:985:6:setPcoeff1Freq	16	static
../Core/Src/Parameters.c:994:12:getPcoeff1Freq	4	static
../Core/Src/Parameters.c:997:6:setPcoeff2Freq	16	static
../Core/Src/Parameters.c:1006:12:getPcoeff2Freq	4	static
../Core/Src/Parameters.c:1009:6:setIcoeff1Freq	16	static
../Core/Src/Parameters.c:1018:12:getIcoeff1Freq	4	static
../Core/Src/Parameters.c:1021:6:setIcoeff2Freq	16	static
../Core/Src/Parameters.c:1030:12:getIcoeff2Freq	4	static
../Core/Src/Parameters.c:1033:6:setDcoeff1Freq	16	static
../Core/Src/Parameters.c:1042:12:getDcoeff1Freq	4	static
../Core/Src/Parameters.c:1045:6:setDcoeff2Freq	16	static
../Core/Src/Parameters.c:1055:12:getDcoeff2Freq	4	static
../Core/Src/Parameters.c:1060:6:setI1Set	16	static
../Core/Src/Parameters.c:1069:12:getI1Set	4	static
../Core/Src/Parameters.c:1072:6:setI2Set	16	static
../Core/Src/Parameters.c:1081:12:getI2Set	4	static
../Core/Src/Parameters.c:1085:6:setGate1A_OnOff	16	static
../Core/Src/Parameters.c:1089:12:getGate1A_OnOff	4	static
../Core/Src/Parameters.c:1092:6:setGate1B_OnOff	16	static
../Core/Src/Parameters.c:1096:12:getGate1B_OnOff	4	static
../Core/Src/Parameters.c:1099:6:setGate2A_OnOff	16	static
../Core/Src/Parameters.c:1103:12:getGate2A_OnOff	4	static
../Core/Src/Parameters.c:1106:6:setGate2B_OnOff	16	static
../Core/Src/Parameters.c:1110:12:getGate2B_OnOff	4	static
../Core/Src/Parameters.c:1114:6:setGateH1A	16	static
../Core/Src/Parameters.c:1119:12:getGateH1A	4	static
../Core/Src/Parameters.c:1122:6:setGateH1B	16	static
../Core/Src/Parameters.c:1127:12:getGateH1B	4	static
../Core/Src/Parameters.c:1130:6:setGateH2A	16	static
../Core/Src/Parameters.c:1135:12:getGateH2A	4	static
../Core/Src/Parameters.c:1138:6:setGateH2B	16	static
../Core/Src/Parameters.c:1143:12:getGateH2B	4	static
../Core/Src/Parameters.c:1147:6:setPWM_CH1	16	static
../Core/Src/Parameters.c:1156:12:getPWM_CH1	4	static
../Core/Src/Parameters.c:1160:6:setPWM_CH2	16	static
../Core/Src/Parameters.c:1169:12:getPWM_CH2	4	static
../Core/Src/Parameters.c:1173:6:setCH1_Polarity	16	static
../Core/Src/Parameters.c:1178:12:getCH1_Polarity	4	static
../Core/Src/Parameters.c:1182:6:setCH2_Polarity	16	static
../Core/Src/Parameters.c:1187:12:getCH2_Polarity	4	static
../Core/Src/Parameters.c:1191:6:setFreq	16	static
../Core/Src/Parameters.c:1195:12:getFreq	4	static
../Core/Src/Parameters.c:1200:6:commandParamList	160	static
../Core/Src/Parameters.c:1213:6:commandSaveFlash	8	static
