../Core/Src/Parameters.c:560:6:InitParams	16	static
../Core/Src/Parameters.c:639:6:setU_PowerSet	24	static
../Core/Src/Parameters.c:652:12:getU_PowerSet	4	static
../Core/Src/Parameters.c:656:6:setU_PowerOnOff	16	static
../Core/Src/Parameters.c:661:12:getU_PowerOnOff	4	static
../Core/Src/Parameters.c:665:6:setU_PowerMin	16	static
../Core/Src/Parameters.c:674:12:getU_PowerMin	4	static
../Core/Src/Parameters.c:678:6:setU_PowerMax	16	static
../Core/Src/Parameters.c:687:12:getU_PowerMax	4	static
../Core/Src/Parameters.c:692:6:setU_24Vmeas	16	static
../Core/Src/Parameters.c:696:12:getU_24Vmeas	4	static
../Core/Src/Parameters.c:700:6:setU_24Vcoeff	16	static
../Core/Src/Parameters.c:710:12:getU_24Vcoeff	4	static
../Core/Src/Parameters.c:715:6:setU_PowerMeas	16	static
../Core/Src/Parameters.c:719:12:getU_PowerMeas	4	static
../Core/Src/Parameters.c:723:6:setU_PowerCoeff	16	static
../Core/Src/Parameters.c:733:12:getU_PowerCoeff	4	static
../Core/Src/Parameters.c:737:6:setI_1A	16	static
../Core/Src/Parameters.c:741:12:getI_1A	4	static
../Core/Src/Parameters.c:744:6:setI_1B	16	static
../Core/Src/Parameters.c:748:12:getI_1B	4	static
../Core/Src/Parameters.c:751:6:setI_2A	16	static
../Core/Src/Parameters.c:755:12:getI_2A	4	static
../Core/Src/Parameters.c:758:6:setI_2B	16	static
../Core/Src/Parameters.c:762:12:getI_2B	4	static
../Core/Src/Parameters.c:766:6:setI_1A_Coeff	16	static
../Core/Src/Parameters.c:775:12:getI_1A_Coeff	4	static
../Core/Src/Parameters.c:778:6:setI_1B_Coeff	16	static
../Core/Src/Parameters.c:787:12:getI_1B_Coeff	4	static
../Core/Src/Parameters.c:790:6:setI_2A_Coeff	16	static
../Core/Src/Parameters.c:799:12:getI_2A_Coeff	4	static
../Core/Src/Parameters.c:802:6:setI_2B_Coeff	16	static
../Core/Src/Parameters.c:811:12:getI_2B_Coeff	4	static
../Core/Src/Parameters.c:816:6:setTemp1	16	static
../Core/Src/Parameters.c:820:12:getTemp1	4	static
../Core/Src/Parameters.c:823:6:setTemp2	16	static
../Core/Src/Parameters.c:827:12:getTemp2	4	static
../Core/Src/Parameters.c:830:6:setTemp3	16	static
../Core/Src/Parameters.c:834:12:getTemp3	4	static
../Core/Src/Parameters.c:837:6:setTemp4	16	static
../Core/Src/Parameters.c:841:12:getTemp4	4	static
../Core/Src/Parameters.c:845:6:setTemp1_coeff	16	static
../Core/Src/Parameters.c:854:12:getTemp1_coeff	4	static
../Core/Src/Parameters.c:857:6:setTemp2_coeff	16	static
../Core/Src/Parameters.c:866:12:getTemp2_coeff	4	static
../Core/Src/Parameters.c:869:6:setTemp3_coeff	16	static
../Core/Src/Parameters.c:878:12:getTemp3_coeff	4	static
../Core/Src/Parameters.c:881:6:setTemp4_coeff	16	static
../Core/Src/Parameters.c:890:12:getTemp4_coeff	4	static
../Core/Src/Parameters.c:894:6:setLoadSelect1	16	static
../Core/Src/Parameters.c:898:12:getLoadSelect1	4	static
../Core/Src/Parameters.c:901:6:setLoadSelect2	16	static
../Core/Src/Parameters.c:905:12:getLoadSelect2	4	static
../Core/Src/Parameters.c:909:6:setModeSelect1	16	static
../Core/Src/Parameters.c:913:12:getModeSelect1	4	static
../Core/Src/Parameters.c:916:6:setModeSelect2	16	static
../Core/Src/Parameters.c:920:12:getModeSelect2	4	static
../Core/Src/Parameters.c:924:6:setCh1_OnOff	16	static
../Core/Src/Parameters.c:928:12:getCh1_OnOff	4	static
../Core/Src/Parameters.c:931:6:setCh2_OnOff	16	static
../Core/Src/Parameters.c:935:12:getCh2_OnOff	4	static
../Core/Src/Parameters.c:939:6:setSourceSelect1	16	static
../Core/Src/Parameters.c:943:12:getSourceSelect1	4	static
../Core/Src/Parameters.c:946:6:setSourceSelect2	16	static
../Core/Src/Parameters.c:950:12:getSourceSelect2	4	static
../Core/Src/Parameters.c:954:6:setPcoeff1Temp	16	static
../Core/Src/Parameters.c:963:12:getPcoeff1Temp	4	static
../Core/Src/Parameters.c:966:6:setPcoeff2Temp	16	static
../Core/Src/Parameters.c:975:12:getPcoeff2Temp	4	static
../Core/Src/Parameters.c:978:6:setIcoeff1Temp	16	static
../Core/Src/Parameters.c:987:12:getIcoeff1Temp	4	static
../Core/Src/Parameters.c:990:6:setIcoeff2Temp	16	static
../Core/Src/Parameters.c:999:12:getIcoeff2Temp	4	static
../Core/Src/Parameters.c:1002:6:setDcoeff1Temp	16	static
../Core/Src/Parameters.c:1011:12:getDcoeff1Temp	4	static
../Core/Src/Parameters.c:1014:6:setDcoeff2Temp	16	static
../Core/Src/Parameters.c:1024:12:getDcoeff2Temp	4	static
../Core/Src/Parameters.c:1029:6:setPcoeff1Freq	16	static
../Core/Src/Parameters.c:1038:12:getPcoeff1Freq	4	static
../Core/Src/Parameters.c:1041:6:setPcoeff2Freq	16	static
../Core/Src/Parameters.c:1050:12:getPcoeff2Freq	4	static
../Core/Src/Parameters.c:1053:6:setIcoeff1Freq	16	static
../Core/Src/Parameters.c:1062:12:getIcoeff1Freq	4	static
../Core/Src/Parameters.c:1065:6:setIcoeff2Freq	16	static
../Core/Src/Parameters.c:1074:12:getIcoeff2Freq	4	static
../Core/Src/Parameters.c:1077:6:setDcoeff1Freq	16	static
../Core/Src/Parameters.c:1086:12:getDcoeff1Freq	4	static
../Core/Src/Parameters.c:1089:6:setDcoeff2Freq	16	static
../Core/Src/Parameters.c:1099:12:getDcoeff2Freq	4	static
../Core/Src/Parameters.c:1104:6:setI1Set	16	static
../Core/Src/Parameters.c:1113:12:getI1Set	4	static
../Core/Src/Parameters.c:1116:6:setI2Set	16	static
../Core/Src/Parameters.c:1125:12:getI2Set	4	static
../Core/Src/Parameters.c:1129:6:setGate1A_OnOff	16	static
../Core/Src/Parameters.c:1133:12:getGate1A_OnOff	4	static
../Core/Src/Parameters.c:1136:6:setGate1B_OnOff	16	static
../Core/Src/Parameters.c:1140:12:getGate1B_OnOff	4	static
../Core/Src/Parameters.c:1143:6:setGate2A_OnOff	16	static
../Core/Src/Parameters.c:1147:12:getGate2A_OnOff	4	static
../Core/Src/Parameters.c:1150:6:setGate2B_OnOff	16	static
../Core/Src/Parameters.c:1154:12:getGate2B_OnOff	4	static
../Core/Src/Parameters.c:1158:6:setGateH1A	16	static
../Core/Src/Parameters.c:1163:12:getGateH1A	4	static
../Core/Src/Parameters.c:1166:6:setGateH1B	16	static
../Core/Src/Parameters.c:1171:12:getGateH1B	4	static
../Core/Src/Parameters.c:1174:6:setGateH2A	16	static
../Core/Src/Parameters.c:1179:12:getGateH2A	4	static
../Core/Src/Parameters.c:1182:6:setGateH2B	16	static
../Core/Src/Parameters.c:1187:12:getGateH2B	4	static
../Core/Src/Parameters.c:1191:6:setPWM_CH1	16	static
../Core/Src/Parameters.c:1200:12:getPWM_CH1	4	static
../Core/Src/Parameters.c:1204:6:setPWM_CH2	16	static
../Core/Src/Parameters.c:1213:12:getPWM_CH2	4	static
../Core/Src/Parameters.c:1217:6:setCH1_Polarity	16	static
../Core/Src/Parameters.c:1222:12:getCH1_Polarity	4	static
../Core/Src/Parameters.c:1226:6:setCH2_Polarity	16	static
../Core/Src/Parameters.c:1231:12:getCH2_Polarity	4	static
../Core/Src/Parameters.c:1235:6:setFreq	16	static
../Core/Src/Parameters.c:1239:12:getFreq	4	static
../Core/Src/Parameters.c:1244:6:commandParamList	24	static
