../Core/Src/Parameters.c:671:6:InitParams	16	static
../Core/Src/Parameters.c:774:6:setU_HeaterSet	24	static
../Core/Src/Parameters.c:787:12:getU_HeaterSet	4	static
../Core/Src/Parameters.c:791:6:setU_HeaterOnOff	16	static
../Core/Src/Parameters.c:796:12:getU_HeaterOnOff	4	static
../Core/Src/Parameters.c:800:6:setU_HeaterMin	16	static
../Core/Src/Parameters.c:809:12:getU_HeaterMin	4	static
../Core/Src/Parameters.c:813:6:setU_HeaterMax	16	static
../Core/Src/Parameters.c:822:12:getU_HeaterMax	4	static
../Core/Src/Parameters.c:827:6:setU_24Vmeas	16	static
../Core/Src/Parameters.c:831:12:getU_24Vmeas	4	static
../Core/Src/Parameters.c:835:6:setU_24Vcoeff	16	static
../Core/Src/Parameters.c:845:12:getU_24Vcoeff	4	static
../Core/Src/Parameters.c:850:6:setU_HeaterMeas	16	static
../Core/Src/Parameters.c:854:12:getU_HeaterMeas	4	static
../Core/Src/Parameters.c:858:6:setU_HeaterCoeff	16	static
../Core/Src/Parameters.c:868:12:getU_HeaterCoeff	4	static
../Core/Src/Parameters.c:872:6:setU_24V_Min	16	static
../Core/Src/Parameters.c:881:12:getU_24V_Min	4	static
../Core/Src/Parameters.c:885:6:setU_24V_Max	16	static
../Core/Src/Parameters.c:894:12:getU_24V_Max	4	static
../Core/Src/Parameters.c:898:6:setI_1A	16	static
../Core/Src/Parameters.c:902:12:getI_1A	4	static
../Core/Src/Parameters.c:905:6:setI_1B	16	static
../Core/Src/Parameters.c:909:12:getI_1B	4	static
../Core/Src/Parameters.c:912:6:setI_2A	16	static
../Core/Src/Parameters.c:916:12:getI_2A	4	static
../Core/Src/Parameters.c:919:6:setI_2B	16	static
../Core/Src/Parameters.c:923:12:getI_2B	4	static
../Core/Src/Parameters.c:927:6:setI_1A_Coeff	16	static
../Core/Src/Parameters.c:936:12:getI_1A_Coeff	4	static
../Core/Src/Parameters.c:939:6:setI_1B_Coeff	16	static
../Core/Src/Parameters.c:948:12:getI_1B_Coeff	4	static
../Core/Src/Parameters.c:951:6:setI_2A_Coeff	16	static
../Core/Src/Parameters.c:960:12:getI_2A_Coeff	4	static
../Core/Src/Parameters.c:963:6:setI_2B_Coeff	16	static
../Core/Src/Parameters.c:972:12:getI_2B_Coeff	4	static
../Core/Src/Parameters.c:976:6:setI_1A_Max	16	static
../Core/Src/Parameters.c:985:12:getI_1A_Max	4	static
../Core/Src/Parameters.c:988:6:setI_1B_Max	16	static
../Core/Src/Parameters.c:997:12:getI_1B_Max	4	static
../Core/Src/Parameters.c:1000:6:setI_2A_Max	16	static
../Core/Src/Parameters.c:1009:12:getI_2A_Max	4	static
../Core/Src/Parameters.c:1012:6:setI_2B_Max	16	static
../Core/Src/Parameters.c:1021:12:getI_2B_Max	4	static
../Core/Src/Parameters.c:1026:6:setTemp1	16	static
../Core/Src/Parameters.c:1030:12:getTemp1	4	static
../Core/Src/Parameters.c:1033:6:setTemp2	16	static
../Core/Src/Parameters.c:1037:12:getTemp2	4	static
../Core/Src/Parameters.c:1040:6:setTemp3	16	static
../Core/Src/Parameters.c:1044:12:getTemp3	4	static
../Core/Src/Parameters.c:1047:6:setTemp4	16	static
../Core/Src/Parameters.c:1051:12:getTemp4	4	static
../Core/Src/Parameters.c:1055:6:setTemp1_coeff	16	static
../Core/Src/Parameters.c:1064:12:getTemp1_coeff	4	static
../Core/Src/Parameters.c:1067:6:setTemp2_coeff	16	static
../Core/Src/Parameters.c:1076:12:getTemp2_coeff	4	static
../Core/Src/Parameters.c:1079:6:setTemp3_coeff	16	static
../Core/Src/Parameters.c:1088:12:getTemp3_coeff	4	static
../Core/Src/Parameters.c:1091:6:setTemp4_coeff	16	static
../Core/Src/Parameters.c:1100:12:getTemp4_coeff	4	static
../Core/Src/Parameters.c:1104:6:setTemp1_Min	16	static
../Core/Src/Parameters.c:1113:12:getTemp1_Min	4	static
../Core/Src/Parameters.c:1117:6:setTemp1_Max	16	static
../Core/Src/Parameters.c:1126:12:getTemp1_Max	4	static
../Core/Src/Parameters.c:1129:6:setTemp2_Min	16	static
../Core/Src/Parameters.c:1138:12:getTemp2_Min	4	static
../Core/Src/Parameters.c:1142:6:setTemp2_Max	16	static
../Core/Src/Parameters.c:1151:12:getTemp2_Max	4	static
../Core/Src/Parameters.c:1154:6:setTemp3_Min	16	static
../Core/Src/Parameters.c:1163:12:getTemp3_Min	4	static
../Core/Src/Parameters.c:1167:6:setTemp3_Max	16	static
../Core/Src/Parameters.c:1176:12:getTemp3_Max	4	static
../Core/Src/Parameters.c:1179:6:setTemp4_Min	16	static
../Core/Src/Parameters.c:1188:12:getTemp4_Min	4	static
../Core/Src/Parameters.c:1192:6:setTemp4_Max	16	static
../Core/Src/Parameters.c:1201:12:getTemp4_Max	4	static
../Core/Src/Parameters.c:1205:6:setLoadSelect1	16	static
../Core/Src/Parameters.c:1210:12:getLoadSelect1	4	static
../Core/Src/Parameters.c:1213:6:setLoadSelect2	16	static
../Core/Src/Parameters.c:1218:12:getLoadSelect2	4	static
../Core/Src/Parameters.c:1222:6:setModeSelect1	16	static
../Core/Src/Parameters.c:1227:12:getModeSelect1	4	static
../Core/Src/Parameters.c:1230:6:setModeSelect2	16	static
../Core/Src/Parameters.c:1235:12:getModeSelect2	4	static
../Core/Src/Parameters.c:1239:6:setCh1_OnOff	16	static
../Core/Src/Parameters.c:1244:12:getCh1_OnOff	4	static
../Core/Src/Parameters.c:1247:6:setCh2_OnOff	16	static
../Core/Src/Parameters.c:1252:12:getCh2_OnOff	4	static
../Core/Src/Parameters.c:1256:6:setSourceSelect1	16	static
../Core/Src/Parameters.c:1261:12:getSourceSelect1	4	static
../Core/Src/Parameters.c:1264:6:setSourceSelect2	16	static
../Core/Src/Parameters.c:1269:12:getSourceSelect2	4	static
../Core/Src/Parameters.c:1273:6:setPcoeff1Temp	16	static
../Core/Src/Parameters.c:1282:12:getPcoeff1Temp	4	static
../Core/Src/Parameters.c:1285:6:setPcoeff2Temp	16	static
../Core/Src/Parameters.c:1294:12:getPcoeff2Temp	4	static
../Core/Src/Parameters.c:1297:6:setIcoeff1Temp	16	static
../Core/Src/Parameters.c:1306:12:getIcoeff1Temp	4	static
../Core/Src/Parameters.c:1309:6:setIcoeff2Temp	16	static
../Core/Src/Parameters.c:1318:12:getIcoeff2Temp	4	static
../Core/Src/Parameters.c:1321:6:setDcoeff1Temp	16	static
../Core/Src/Parameters.c:1330:12:getDcoeff1Temp	4	static
../Core/Src/Parameters.c:1333:6:setDcoeff2Temp	16	static
../Core/Src/Parameters.c:1343:12:getDcoeff2Temp	4	static
../Core/Src/Parameters.c:1348:6:setPcoeff1Freq	16	static
../Core/Src/Parameters.c:1357:12:getPcoeff1Freq	4	static
../Core/Src/Parameters.c:1360:6:setPcoeff2Freq	16	static
../Core/Src/Parameters.c:1369:12:getPcoeff2Freq	4	static
../Core/Src/Parameters.c:1372:6:setIcoeff1Freq	16	static
../Core/Src/Parameters.c:1381:12:getIcoeff1Freq	4	static
../Core/Src/Parameters.c:1384:6:setIcoeff2Freq	16	static
../Core/Src/Parameters.c:1393:12:getIcoeff2Freq	4	static
../Core/Src/Parameters.c:1396:6:setDcoeff1Freq	16	static
../Core/Src/Parameters.c:1405:12:getDcoeff1Freq	4	static
../Core/Src/Parameters.c:1408:6:setDcoeff2Freq	16	static
../Core/Src/Parameters.c:1418:12:getDcoeff2Freq	4	static
../Core/Src/Parameters.c:1422:6:setTempCh1Set	16	static
../Core/Src/Parameters.c:1431:12:getTempCh1Set	4	static
../Core/Src/Parameters.c:1434:6:setTempCh2Set	16	static
../Core/Src/Parameters.c:1443:12:getTempCh2Set	4	static
../Core/Src/Parameters.c:1447:6:setI1Set	16	static
../Core/Src/Parameters.c:1456:12:getI1Set	4	static
../Core/Src/Parameters.c:1459:6:setI2Set	16	static
../Core/Src/Parameters.c:1468:12:getI2Set	4	static
../Core/Src/Parameters.c:1472:6:setGate1A_OnOff	16	static
../Core/Src/Parameters.c:1477:12:getGate1A_OnOff	4	static
../Core/Src/Parameters.c:1480:6:setGate1B_OnOff	16	static
../Core/Src/Parameters.c:1485:12:getGate1B_OnOff	4	static
../Core/Src/Parameters.c:1488:6:setGate2A_OnOff	16	static
../Core/Src/Parameters.c:1493:12:getGate2A_OnOff	4	static
../Core/Src/Parameters.c:1496:6:setGate2B_OnOff	16	static
../Core/Src/Parameters.c:1501:12:getGate2B_OnOff	4	static
../Core/Src/Parameters.c:1505:6:setGateH1A	16	static
../Core/Src/Parameters.c:1510:12:getGateH1A	4	static
../Core/Src/Parameters.c:1513:6:setGateH1B	16	static
../Core/Src/Parameters.c:1518:12:getGateH1B	4	static
../Core/Src/Parameters.c:1521:6:setGateH2A	16	static
../Core/Src/Parameters.c:1526:12:getGateH2A	4	static
../Core/Src/Parameters.c:1529:6:setGateH2B	16	static
../Core/Src/Parameters.c:1534:12:getGateH2B	4	static
../Core/Src/Parameters.c:1538:6:setPWM_CH1	16	static
../Core/Src/Parameters.c:1547:12:getPWM_CH1	4	static
../Core/Src/Parameters.c:1551:6:setPWM_CH2	16	static
../Core/Src/Parameters.c:1560:12:getPWM_CH2	4	static
../Core/Src/Parameters.c:1564:6:setCH1_Polarity	16	static
../Core/Src/Parameters.c:1569:12:getCH1_Polarity	4	static
../Core/Src/Parameters.c:1573:6:setCH2_Polarity	16	static
../Core/Src/Parameters.c:1578:12:getCH2_Polarity	4	static
../Core/Src/Parameters.c:1582:6:setFreq	16	static
../Core/Src/Parameters.c:1586:12:getFreq	4	static
../Core/Src/Parameters.c:1590:6:setFreqSet	16	static
../Core/Src/Parameters.c:1599:12:getFreqSet	4	static
../Core/Src/Parameters.c:1604:6:commandParamList	168	static
../Core/Src/Parameters.c:1622:6:commandSaveFlash	8	static
